Archive member included to satisfy reference by file (symbol)

/usr/lib/gcc/arm-none-eabi/12.2.1/thumb/v6-m/nofp/libgcc.a(_dvmd_tls.o)
                              CMakeFiles/drive_ea-ed.dir/home/desenvolvimento/pico/pico-sdk/src/rp2_common/pico_divider/divider.S.obj (__aeabi_idiv0)
/usr/lib/gcc/arm-none-eabi/12.2.1/../../../arm-none-eabi/lib/thumb/v6-m/nofp/libg.a(lib_a-atexit.o)
                              /usr/lib/gcc/arm-none-eabi/12.2.1/../../../arm-none-eabi/lib/thumb/v6-m/nofp/crt0.o (atexit)
/usr/lib/gcc/arm-none-eabi/12.2.1/../../../arm-none-eabi/lib/thumb/v6-m/nofp/libg.a(lib_a-calloc.o)
                              CMakeFiles/drive_ea-ed.dir/home/desenvolvimento/pico/pico-sdk/src/rp2_common/pico_malloc/pico_malloc.c.obj (calloc)
/usr/lib/gcc/arm-none-eabi/12.2.1/../../../arm-none-eabi/lib/thumb/v6-m/nofp/libg.a(lib_a-callocr.o)
                              /usr/lib/gcc/arm-none-eabi/12.2.1/../../../arm-none-eabi/lib/thumb/v6-m/nofp/libg.a(lib_a-calloc.o) (_calloc_r)
/usr/lib/gcc/arm-none-eabi/12.2.1/../../../arm-none-eabi/lib/thumb/v6-m/nofp/libg.a(lib_a-fini.o)
                              /usr/lib/gcc/arm-none-eabi/12.2.1/../../../arm-none-eabi/lib/thumb/v6-m/nofp/crt0.o (__libc_fini_array)
/usr/lib/gcc/arm-none-eabi/12.2.1/../../../arm-none-eabi/lib/thumb/v6-m/nofp/libg.a(lib_a-impure.o)
                              /usr/lib/gcc/arm-none-eabi/12.2.1/../../../arm-none-eabi/lib/thumb/v6-m/nofp/libg.a(lib_a-calloc.o) (_impure_ptr)
/usr/lib/gcc/arm-none-eabi/12.2.1/../../../arm-none-eabi/lib/thumb/v6-m/nofp/libg.a(lib_a-init.o)
                              /usr/lib/gcc/arm-none-eabi/12.2.1/../../../arm-none-eabi/lib/thumb/v6-m/nofp/crt0.o (__libc_init_array)
/usr/lib/gcc/arm-none-eabi/12.2.1/../../../arm-none-eabi/lib/thumb/v6-m/nofp/libg.a(lib_a-malloc.o)
                              CMakeFiles/drive_ea-ed.dir/home/desenvolvimento/pico/pico-sdk/src/rp2_common/pico_malloc/pico_malloc.c.obj (malloc)
/usr/lib/gcc/arm-none-eabi/12.2.1/../../../arm-none-eabi/lib/thumb/v6-m/nofp/libg.a(lib_a-mallocr.o)
                              /usr/lib/gcc/arm-none-eabi/12.2.1/../../../arm-none-eabi/lib/thumb/v6-m/nofp/libg.a(lib_a-callocr.o) (_malloc_r)
/usr/lib/gcc/arm-none-eabi/12.2.1/../../../arm-none-eabi/lib/thumb/v6-m/nofp/libg.a(lib_a-mlock.o)
                              /usr/lib/gcc/arm-none-eabi/12.2.1/../../../arm-none-eabi/lib/thumb/v6-m/nofp/libg.a(lib_a-mallocr.o) (__malloc_lock)
/usr/lib/gcc/arm-none-eabi/12.2.1/../../../arm-none-eabi/lib/thumb/v6-m/nofp/libg.a(lib_a-realloc.o)
                              CMakeFiles/drive_ea-ed.dir/home/desenvolvimento/pico/pico-sdk/src/rp2_common/pico_malloc/pico_malloc.c.obj (realloc)
/usr/lib/gcc/arm-none-eabi/12.2.1/../../../arm-none-eabi/lib/thumb/v6-m/nofp/libg.a(lib_a-reallocr.o)
                              /usr/lib/gcc/arm-none-eabi/12.2.1/../../../arm-none-eabi/lib/thumb/v6-m/nofp/libg.a(lib_a-realloc.o) (_realloc_r)
/usr/lib/gcc/arm-none-eabi/12.2.1/../../../arm-none-eabi/lib/thumb/v6-m/nofp/libg.a(lib_a-sbrkr.o)
                              /usr/lib/gcc/arm-none-eabi/12.2.1/../../../arm-none-eabi/lib/thumb/v6-m/nofp/libg.a(lib_a-mallocr.o) (_sbrk_r)
/usr/lib/gcc/arm-none-eabi/12.2.1/../../../arm-none-eabi/lib/thumb/v6-m/nofp/libg.a(lib_a-strlen-stub.o)
                              CMakeFiles/drive_ea-ed.dir/main.c.obj (strlen)
/usr/lib/gcc/arm-none-eabi/12.2.1/../../../arm-none-eabi/lib/thumb/v6-m/nofp/libg.a(lib_a-__atexit.o)
                              /usr/lib/gcc/arm-none-eabi/12.2.1/../../../arm-none-eabi/lib/thumb/v6-m/nofp/libg.a(lib_a-atexit.o) (__register_exitproc)
/usr/lib/gcc/arm-none-eabi/12.2.1/../../../arm-none-eabi/lib/thumb/v6-m/nofp/libg.a(lib_a-freer.o)
                              /usr/lib/gcc/arm-none-eabi/12.2.1/../../../arm-none-eabi/lib/thumb/v6-m/nofp/libg.a(lib_a-malloc.o) (_free_r)
/usr/lib/gcc/arm-none-eabi/12.2.1/../../../arm-none-eabi/lib/thumb/v6-m/nofp/libg.a(lib_a-memmove.o)
                              /usr/lib/gcc/arm-none-eabi/12.2.1/../../../arm-none-eabi/lib/thumb/v6-m/nofp/libg.a(lib_a-reallocr.o) (memmove)
/usr/lib/gcc/arm-none-eabi/12.2.1/../../../arm-none-eabi/lib/thumb/v6-m/nofp/libg.a(lib_a-reent.o)
                              /usr/lib/gcc/arm-none-eabi/12.2.1/../../../arm-none-eabi/lib/thumb/v6-m/nofp/libg.a(lib_a-sbrkr.o) (errno)

Discarded input sections

 .text          0x00000000        0x0 /usr/lib/gcc/arm-none-eabi/12.2.1/thumb/v6-m/nofp/crti.o
 .data          0x00000000        0x0 /usr/lib/gcc/arm-none-eabi/12.2.1/thumb/v6-m/nofp/crti.o
 .bss           0x00000000        0x0 /usr/lib/gcc/arm-none-eabi/12.2.1/thumb/v6-m/nofp/crti.o
 .data          0x00000000        0x4 /usr/lib/gcc/arm-none-eabi/12.2.1/thumb/v6-m/nofp/crtbegin.o
 .rodata        0x00000000       0x24 /usr/lib/gcc/arm-none-eabi/12.2.1/thumb/v6-m/nofp/crtbegin.o
 .fini_array    0x00000000        0x4 /usr/lib/gcc/arm-none-eabi/12.2.1/thumb/v6-m/nofp/crtbegin.o
[...]
Memory Configuration

Name             Origin             Length             Attributes
FLASH            0x10000000         0x00200000         xr
RAM              0x20000000         0x00040000         xrw
SCRATCH_X        0x20040000         0x00001000         xrw
SCRATCH_Y        0x20041000         0x00001000         xrw
*default*        0x00000000         0xffffffff

Linker script and memory map

LOAD /usr/lib/gcc/arm-none-eabi/12.2.1/thumb/v6-m/nofp/crti.o
LOAD /usr/lib/gcc/arm-none-eabi/12.2.1/thumb/v6-m/nofp/crtbegin.o
LOAD /usr/lib/gcc/arm-none-eabi/12.2.1/../../../arm-none-eabi/lib/thumb/v6-m/nofp/crt0.o

.flash_begin    0x10000000        0x0
                0x10000000                        __flash_binary_start = .

.boot2          0x10000000      0x100
                0x10000000                        __boot2_start__ = .
 *(.boot2)
 .boot2         0x10000000      0x100 /tmp/ccuTl3qs.o
                0x10000100                        __boot2_end__ = .
                0x00000001                        ASSERT (((__boot2_end__ - __boot2_start__) == 0x100), ERROR: Pico second stage bootloader must be 256 bytes in size)

.text           0x10000100     0x7618
                0x10000100                        __logical_binary_start = .
 *(.vectors)
 .vectors       0x10000100       0xd4 CMakeFiles/drive_ea-ed.dir/home/desenvolvimento/pico/pico-sdk/src/rp2_common/pico_standard_link/crt0.S.obj
                0x10000100                __vectors
                0x10000100                __VECTOR_TABLE
                0x100001c0                isr_invalid
                0x100001c0                __default_isrs_start
                0x100001c2                isr_nmi
                0x100001c4                isr_hardfault
                0x100001c6                isr_svcall
                0x100001c8                isr_pendsv
                0x100001ca                isr_systick
                0x100001cc                isr_irq30
                0x100001cc                __unhandled_user_irq
                0x100001cc                isr_irq13
                0x100001cc                isr_irq27
                0x100001cc                isr_irq31
                0x100001cc                isr_irq5
                0x100001cc                isr_irq11
                0x100001cc                isr_irq23
                0x100001cc                isr_irq18
                0x100001cc                isr_irq28
                0x100001cc                isr_irq19
                0x100001cc                isr_irq0
                0x100001cc                isr_irq6
                0x100001cc                isr_irq22
                0x100001cc                isr_irq17
                0x100001cc                isr_irq14
                0x100001cc                isr_irq2
                0x100001cc                isr_irq10
                0x100001cc                isr_irq8
                0x100001cc                isr_irq24
                0x100001cc                isr_irq1
                0x100001cc                isr_irq7
                0x100001cc                isr_irq21
                0x100001cc                isr_irq20
                0x100001cc                isr_irq15
                0x100001cc                isr_irq25
                0x100001cc                isr_irq4
                0x100001cc                isr_irq16
                0x100001cc                isr_irq29
                0x100001cc                isr_irq26
                0x100001cc                __default_isrs_end
                0x100001cc                isr_irq3
                0x100001cc                isr_irq12
                0x100001cc                isr_irq9
                0x100001d2                unhandled_user_irq_num_in_r0
 *(.binary_info_header)
 .binary_info_header
                0x100001d4       0x14 CMakeFiles/drive_ea-ed.dir/home/desenvolvimento/pico/pico-sdk/src/rp2_common/pico_standard_link/crt0.S.obj
                0x100001e8                        __binary_info_header_end = .
 *(.reset)
 .reset         0x100001e8       0xa0 CMakeFiles/drive_ea-ed.dir/home/desenvolvimento/pico/pico-sdk/src/rp2_common/pico_standard_link/crt0.S.obj
                0x100001e8                _entry_point
 .reset         0x10000288       0x30 CMakeFiles/drive_ea-ed.dir/home/desenvolvimento/pico/pico-sdk/src/rp2_common/pico_standard_link/binary_info.c.obj
 *(.init)
 .init          0x100002b8        0x4 /usr/lib/gcc/arm-none-eabi/12.2.1/thumb/v6-m/nofp/crti.o
                0x100002b8                _init
 *(EXCLUDE_FILE(*libm.a: *libc.a:*lib_a-mem*.o *libgcc.a:) .text*)
 .text          0x100002bc       0x98 /usr/lib/gcc/arm-none-eabi/12.2.1/thumb/v6-m/nofp/crtbegin.o
 .text.uart_putc
                0x10000354       0x60 CMakeFiles/drive_ea-ed.dir/main.c.obj
 .text.interrupt_handler
                0x100003b4       0x2c CMakeFiles/drive_ea-ed.dir/main.c.obj
                0x100003b4                interrupt_handler
 .text.rs485_communication
                0x100003e0       0x34 CMakeFiles/drive_ea-ed.dir/main.c.obj
                0x100003e0                rs485_communication
 .text.core1_timer
                0x10000414        0xa CMakeFiles/drive_ea-ed.dir/main.c.obj
                0x10000414                core1_timer
 *fill*         0x1000041e        0x2 
 .text.set_sys_clock_khz
                0x10000420       0x3c CMakeFiles/drive_ea-ed.dir/main.c.obj
 .text.toggle_led
                0x1000045c       0x20 CMakeFiles/drive_ea-ed.dir/main.c.obj
                0x1000045c                toggle_led
 .text.toggle_led_fast
                0x1000047c       0x1c CMakeFiles/drive_ea-ed.dir/main.c.obj
                0x1000047c                toggle_led_fast
 .text.main     0x10000498      0x184 CMakeFiles/drive_ea-ed.dir/main.c.obj
                0x10000498                main
 .text.set_sys_clock_pll
                0x1000061c       0x78 CMakeFiles/drive_ea-ed.dir/home/desenvolvimento/pico/pico-sdk/src/rp2_common/pico_stdlib/stdlib.c.obj
                0x1000061c                set_sys_clock_pll
 .text.check_sys_clock_khz
                0x10000694       0xa4 CMakeFiles/drive_ea-ed.dir/home/desenvolvimento/pico/pico-sdk/src/rp2_common/pico_stdlib/stdlib.c.obj
                0x10000694                check_sys_clock_khz
 .text.gpio_set_function
                0x10000738       0x30 CMakeFiles/drive_ea-ed.dir/home/desenvolvimento/pico/pico-sdk/src/rp2_common/hardware_gpio/gpio.c.obj
                0x10000738                gpio_set_function
 .text.gpio_set_irq_callback
                0x10000768       0x48 CMakeFiles/drive_ea-ed.dir/home/desenvolvimento/pico/pico-sdk/src/rp2_common/hardware_gpio/gpio.c.obj
                0x10000768                gpio_set_irq_callback
 .text.gpio_acknowledge_irq
                0x100007b0       0x18 CMakeFiles/drive_ea-ed.dir/home/desenvolvimento/pico/pico-sdk/src/rp2_common/hardware_gpio/gpio.c.obj
                0x100007b0                gpio_acknowledge_irq
 .text._gpio_set_irq_enabled
                0x100007c8       0x34 CMakeFiles/drive_ea-ed.dir/home/desenvolvimento/pico/pico-sdk/src/rp2_common/hardware_gpio/gpio.c.obj
 .text.gpio_set_irq_enabled
                0x100007fc       0x20 CMakeFiles/drive_ea-ed.dir/home/desenvolvimento/pico/pico-sdk/src/rp2_common/hardware_gpio/gpio.c.obj
                0x100007fc                gpio_set_irq_enabled
 .text.gpio_set_irq_enabled_with_callback
                0x1000081c       0x20 CMakeFiles/drive_ea-ed.dir/home/desenvolvimento/pico/pico-sdk/src/rp2_common/hardware_gpio/gpio.c.obj
                0x1000081c                gpio_set_irq_enabled_with_callback
 .text.gpio_default_irq_handler
                0x1000083c       0x98 CMakeFiles/drive_ea-ed.dir/home/desenvolvimento/pico/pico-sdk/src/rp2_common/hardware_gpio/gpio.c.obj
 .text.gpio_init
                0x100008d4       0x16 CMakeFiles/drive_ea-ed.dir/home/desenvolvimento/pico/pico-sdk/src/rp2_common/hardware_gpio/gpio.c.obj
                0x100008d4                gpio_init
 *fill*         0x100008ea        0x2 
 .text.running_on_fpga
                0x100008ec       0x14 CMakeFiles/drive_ea-ed.dir/home/desenvolvimento/pico/pico-sdk/src/rp2_common/pico_platform/platform.c.obj
                0x100008ec                running_on_fpga
 .text.hw_claim_lock
                0x10000900       0x18 CMakeFiles/drive_ea-ed.dir/home/desenvolvimento/pico/pico-sdk/src/rp2_common/hardware_claim/claim.c.obj
                0x10000900                hw_claim_lock
 .text.hw_claim_unlock
                0x10000918       0x14 CMakeFiles/drive_ea-ed.dir/home/desenvolvimento/pico/pico-sdk/src/rp2_common/hardware_claim/claim.c.obj
                0x10000918                hw_claim_unlock
 .text.hw_claim_or_assert
                0x1000092c       0x32 CMakeFiles/drive_ea-ed.dir/home/desenvolvimento/pico/pico-sdk/src/rp2_common/hardware_claim/claim.c.obj
                0x1000092c                hw_claim_or_assert
 .text.hw_claim_unused_from_range
                0x1000095e       0x50 CMakeFiles/drive_ea-ed.dir/home/desenvolvimento/pico/pico-sdk/src/rp2_common/hardware_claim/claim.c.obj
                0x1000095e                hw_claim_unused_from_range
 *fill*         0x100009ae        0x2 
 .text.spin_locks_reset
                0x100009b0       0x20 CMakeFiles/drive_ea-ed.dir/home/desenvolvimento/pico/pico-sdk/src/rp2_common/hardware_sync/sync.c.obj
                0x100009b0                spin_locks_reset
 .text.next_striped_spin_lock_num
                0x100009d0       0x1c CMakeFiles/drive_ea-ed.dir/home/desenvolvimento/pico/pico-sdk/src/rp2_common/hardware_sync/sync.c.obj
                0x100009d0                next_striped_spin_lock_num
 .text.spin_lock_claim_unused
                0x100009ec       0x24 CMakeFiles/drive_ea-ed.dir/home/desenvolvimento/pico/pico-sdk/src/rp2_common/hardware_sync/sync.c.obj
                0x100009ec                spin_lock_claim_unused
 .text.set_raw_irq_handler_and_unlock
                0x10000a10       0x28 CMakeFiles/drive_ea-ed.dir/home/desenvolvimento/pico/pico-sdk/src/rp2_common/hardware_irq/irq.c.obj
 .text.resolve_branch
                0x10000a38       0x30 CMakeFiles/drive_ea-ed.dir/home/desenvolvimento/pico/pico-sdk/src/rp2_common/hardware_irq/irq.c.obj
 .text.make_branch
                0x10000a68       0x48 CMakeFiles/drive_ea-ed.dir/home/desenvolvimento/pico/pico-sdk/src/rp2_common/hardware_irq/irq.c.obj
 .text.insert_branch_and_link
                0x10000ab0       0x40 CMakeFiles/drive_ea-ed.dir/home/desenvolvimento/pico/pico-sdk/src/rp2_common/hardware_irq/irq.c.obj
 .text.irq_is_enabled
                0x10000af0       0x18 CMakeFiles/drive_ea-ed.dir/home/desenvolvimento/pico/pico-sdk/src/rp2_common/hardware_irq/irq.c.obj
                0x10000af0                irq_is_enabled
 .text.irq_set_mask_enabled
                0x10000b08       0x20 CMakeFiles/drive_ea-ed.dir/home/desenvolvimento/pico/pico-sdk/src/rp2_common/hardware_irq/irq.c.obj
                0x10000b08                irq_set_mask_enabled
 .text.irq_set_enabled
                0x10000b28        0xe CMakeFiles/drive_ea-ed.dir/home/desenvolvimento/pico/pico-sdk/src/rp2_common/hardware_irq/irq.c.obj
                0x10000b28                irq_set_enabled
 *fill*         0x10000b36        0x2 
 .text.irq_set_pending
                0x10000b38       0x10 CMakeFiles/drive_ea-ed.dir/home/desenvolvimento/pico/pico-sdk/src/rp2_common/hardware_irq/irq.c.obj
                0x10000b38                irq_set_pending
 .text.irq_get_vtable_handler
                0x10000b48       0x10 CMakeFiles/drive_ea-ed.dir/home/desenvolvimento/pico/pico-sdk/src/rp2_common/hardware_irq/irq.c.obj
                0x10000b48                irq_get_vtable_handler
 .text.irq_has_shared_handler
                0x10000b58       0x24 CMakeFiles/drive_ea-ed.dir/home/desenvolvimento/pico/pico-sdk/src/rp2_common/hardware_irq/irq.c.obj
                0x10000b58                irq_has_shared_handler
 .text.irq_set_exclusive_handler
                0x10000b7c       0x54 CMakeFiles/drive_ea-ed.dir/home/desenvolvimento/pico/pico-sdk/src/rp2_common/hardware_irq/irq.c.obj
                0x10000b7c                irq_set_exclusive_handler
 .text.irq_add_shared_handler
                0x10000bd0      0x210 CMakeFiles/drive_ea-ed.dir/home/desenvolvimento/pico/pico-sdk/src/rp2_common/hardware_irq/irq.c.obj
                0x10000bd0                irq_add_shared_handler
 .text.irq_remove_handler
                0x10000de0      0x188 CMakeFiles/drive_ea-ed.dir/home/desenvolvimento/pico/pico-sdk/src/rp2_common/hardware_irq/irq.c.obj
                0x10000de0                irq_remove_handler
 .text.irq_add_tail_to_free_list
                0x10000f68       0xf0 CMakeFiles/drive_ea-ed.dir/home/desenvolvimento/pico/pico-sdk/src/rp2_common/hardware_irq/irq.c.obj
                0x10000f68                irq_add_tail_to_free_list
 .text.irq_init_priorities
                0x10001058       0x1c CMakeFiles/drive_ea-ed.dir/home/desenvolvimento/pico/pico-sdk/src/rp2_common/hardware_irq/irq.c.obj
                0x10001058                irq_init_priorities
 .text.user_irq_claim_unused
                0x10001074       0x2c CMakeFiles/drive_ea-ed.dir/home/desenvolvimento/pico/pico-sdk/src/rp2_common/hardware_irq/irq.c.obj
                0x10001074                user_irq_claim_unused
 .text.lock_init
                0x100010a0       0x10 CMakeFiles/drive_ea-ed.dir/home/desenvolvimento/pico/pico-sdk/src/common/pico_sync/lock_core.c.obj
                0x100010a0                lock_init
 .text.update_us_since_boot
                0x100010b0       0x24 CMakeFiles/drive_ea-ed.dir/home/desenvolvimento/pico/pico-sdk/src/common/pico_sync/mutex.c.obj
 .text.delayed_by_ms
                0x100010d4       0x44 CMakeFiles/drive_ea-ed.dir/home/desenvolvimento/pico/pico-sdk/src/common/pico_sync/mutex.c.obj
 .text.get_absolute_time
                0x10001118       0x22 CMakeFiles/drive_ea-ed.dir/home/desenvolvimento/pico/pico-sdk/src/common/pico_sync/mutex.c.obj
 .text.make_timeout_time_ms
                0x1000113a       0x20 CMakeFiles/drive_ea-ed.dir/home/desenvolvimento/pico/pico-sdk/src/common/pico_sync/mutex.c.obj
 .text.mutex_init
                0x1000115a       0x1a CMakeFiles/drive_ea-ed.dir/home/desenvolvimento/pico/pico-sdk/src/common/pico_sync/mutex.c.obj
                0x1000115a                mutex_init
 .text.recursive_mutex_init
                0x10001174       0x1e CMakeFiles/drive_ea-ed.dir/home/desenvolvimento/pico/pico-sdk/src/common/pico_sync/mutex.c.obj
                0x10001174                recursive_mutex_init
 *fill*         0x10001192        0x2 
 .text.critical_section_init_with_lock_num
                0x10001194       0x14 CMakeFiles/drive_ea-ed.dir/home/desenvolvimento/pico/pico-sdk/src/common/pico_sync/critical_section.c.obj
                0x10001194                critical_section_init_with_lock_num
 .text.critical_section_init
                0x100011a8       0x14 CMakeFiles/drive_ea-ed.dir/home/desenvolvimento/pico/pico-sdk/src/common/pico_sync/critical_section.c.obj
                0x100011a8                critical_section_init
 .text.time_reached
                0x100011bc       0x28 CMakeFiles/drive_ea-ed.dir/home/desenvolvimento/pico/pico-sdk/src/common/pico_time/time.c.obj
 .text.get_entry
                0x100011e4       0x38 CMakeFiles/drive_ea-ed.dir/home/desenvolvimento/pico/pico-sdk/src/common/pico_time/time.c.obj
 .text.timer_pool_entry_comparator
                0x1000121c       0x2e CMakeFiles/drive_ea-ed.dir/home/desenvolvimento/pico/pico-sdk/src/common/pico_time/time.c.obj
                0x1000121c                timer_pool_entry_comparator
 *fill*         0x1000124a        0x2 
 .text.update_us_since_boot
                0x1000124c       0x24 CMakeFiles/drive_ea-ed.dir/home/desenvolvimento/pico/pico-sdk/src/common/pico_time/time.c.obj
 .text.delayed_by_us
                0x10001270       0x34 CMakeFiles/drive_ea-ed.dir/home/desenvolvimento/pico/pico-sdk/src/common/pico_time/time.c.obj
 .text.ph_get_node
                0x100012a4       0x30 CMakeFiles/drive_ea-ed.dir/home/desenvolvimento/pico/pico-sdk/src/common/pico_time/time.c.obj
 .text.ph_contains_node
                0x100012d4       0x1e CMakeFiles/drive_ea-ed.dir/home/desenvolvimento/pico/pico-sdk/src/common/pico_time/time.c.obj
 .text.ph_new_node
                0x100012f2       0x28 CMakeFiles/drive_ea-ed.dir/home/desenvolvimento/pico/pico-sdk/src/common/pico_time/time.c.obj
 *fill*         0x1000131a        0x2 
 .text.ph_add_child_node
                0x1000131c       0x6c CMakeFiles/drive_ea-ed.dir/home/desenvolvimento/pico/pico-sdk/src/common/pico_time/time.c.obj
 .text.ph_merge_nodes
                0x10001388       0x3e CMakeFiles/drive_ea-ed.dir/home/desenvolvimento/pico/pico-sdk/src/common/pico_time/time.c.obj
 *fill*         0x100013c6        0x2 
 .text.ph_insert_node
                0x100013c8       0x3c CMakeFiles/drive_ea-ed.dir/home/desenvolvimento/pico/pico-sdk/src/common/pico_time/time.c.obj
 .text.ph_free_node
                0x10001404       0x5c CMakeFiles/drive_ea-ed.dir/home/desenvolvimento/pico/pico-sdk/src/common/pico_time/time.c.obj
 .text.get_entry_id_high
                0x10001460       0x30 CMakeFiles/drive_ea-ed.dir/home/desenvolvimento/pico/pico-sdk/src/common/pico_time/time.c.obj
 .text.alarm_pool_post_alloc_init
                0x10001490       0x40 CMakeFiles/drive_ea-ed.dir/home/desenvolvimento/pico/pico-sdk/src/common/pico_time/time.c.obj
 .text.sleep_until_callback
                0x100014d0       0x30 CMakeFiles/drive_ea-ed.dir/home/desenvolvimento/pico/pico-sdk/src/common/pico_time/time.c.obj
 .text.get_absolute_time
                0x10001500       0x22 CMakeFiles/drive_ea-ed.dir/home/desenvolvimento/pico/pico-sdk/src/common/pico_time/time.c.obj
 .text.make_timeout_time_us
                0x10001522       0x24 CMakeFiles/drive_ea-ed.dir/home/desenvolvimento/pico/pico-sdk/src/common/pico_time/time.c.obj
 *fill*         0x10001546        0x2 
 .text.add_alarm_under_lock
                0x10001548       0x94 CMakeFiles/drive_ea-ed.dir/home/desenvolvimento/pico/pico-sdk/src/common/pico_time/time.c.obj
 .text.alarm_pool_alarm_callback
                0x100015dc      0x210 CMakeFiles/drive_ea-ed.dir/home/desenvolvimento/pico/pico-sdk/src/common/pico_time/time.c.obj
 .text.alarm_pool_init_default
                0x100017ec       0x40 CMakeFiles/drive_ea-ed.dir/home/desenvolvimento/pico/pico-sdk/src/common/pico_time/time.c.obj
                0x100017ec                alarm_pool_init_default
 .text.alarm_pool_get_default
                0x1000182c       0x2c CMakeFiles/drive_ea-ed.dir/home/desenvolvimento/pico/pico-sdk/src/common/pico_time/time.c.obj
                0x1000182c                alarm_pool_get_default
 .text.alarm_pool_add_alarm_at
                0x10001858      0x10e CMakeFiles/drive_ea-ed.dir/home/desenvolvimento/pico/pico-sdk/src/common/pico_time/time.c.obj
                0x10001858                alarm_pool_add_alarm_at
 .text.add_alarm_at
                0x10001966       0x2e CMakeFiles/drive_ea-ed.dir/home/desenvolvimento/pico/pico-sdk/src/common/pico_time/time.c.obj
 .text.alarm_pool_cancel_alarm
                0x10001994       0xa8 CMakeFiles/drive_ea-ed.dir/home/desenvolvimento/pico/pico-sdk/src/common/pico_time/time.c.obj
                0x10001994                alarm_pool_cancel_alarm
 .text.cancel_alarm
                0x10001a3c       0x10 CMakeFiles/drive_ea-ed.dir/home/desenvolvimento/pico/pico-sdk/src/common/pico_time/time.c.obj
 .text.alarm_pool_core_num
                0x10001a4c        0x4 CMakeFiles/drive_ea-ed.dir/home/desenvolvimento/pico/pico-sdk/src/common/pico_time/time.c.obj
                0x10001a4c                alarm_pool_core_num
 .text.sleep_until
                0x10001a50       0xb0 CMakeFiles/drive_ea-ed.dir/home/desenvolvimento/pico/pico-sdk/src/common/pico_time/time.c.obj
                0x10001a50                sleep_until
 .text.sleep_us
                0x10001b00       0x1a CMakeFiles/drive_ea-ed.dir/home/desenvolvimento/pico/pico-sdk/src/common/pico_time/time.c.obj
                0x10001b00                sleep_us
 .text.sleep_ms
                0x10001b1a       0x14 CMakeFiles/drive_ea-ed.dir/home/desenvolvimento/pico/pico-sdk/src/common/pico_time/time.c.obj
                0x10001b1a                sleep_ms
 *fill*         0x10001b2e        0x2 
 .text.best_effort_wfe_or_timeout
                0x10001b30       0x44 CMakeFiles/drive_ea-ed.dir/home/desenvolvimento/pico/pico-sdk/src/common/pico_time/time.c.obj
                0x10001b30                best_effort_wfe_or_timeout
 .text.update_us_since_boot
                0x10001b74       0x24 CMakeFiles/drive_ea-ed.dir/home/desenvolvimento/pico/pico-sdk/src/rp2_common/hardware_timer/timer.c.obj
 .text.hardware_alarm_irq_handler
                0x10001b98       0x8c CMakeFiles/drive_ea-ed.dir/home/desenvolvimento/pico/pico-sdk/src/rp2_common/hardware_timer/timer.c.obj
 .text.hardware_alarm_claim
                0x10001c24       0x18 CMakeFiles/drive_ea-ed.dir/home/desenvolvimento/pico/pico-sdk/src/rp2_common/hardware_timer/timer.c.obj
                0x10001c24                hardware_alarm_claim
 .text.time_us_64
                0x10001c3c       0x18 CMakeFiles/drive_ea-ed.dir/home/desenvolvimento/pico/pico-sdk/src/rp2_common/hardware_timer/timer.c.obj
                0x10001c3c                time_us_64
 .text.busy_wait_until
                0x10001c54       0x28 CMakeFiles/drive_ea-ed.dir/home/desenvolvimento/pico/pico-sdk/src/rp2_common/hardware_timer/timer.c.obj
                0x10001c54                busy_wait_until
 .text.busy_wait_us
                0x10001c7c       0x3a CMakeFiles/drive_ea-ed.dir/home/desenvolvimento/pico/pico-sdk/src/rp2_common/hardware_timer/timer.c.obj
                0x10001c7c                busy_wait_us
 *fill*         0x10001cb6        0x2 
 .text.hardware_alarm_set_callback
                0x10001cb8       0x90 CMakeFiles/drive_ea-ed.dir/home/desenvolvimento/pico/pico-sdk/src/rp2_common/hardware_timer/timer.c.obj
                0x10001cb8                hardware_alarm_set_callback
 .text.hardware_alarm_set_target
                0x10001d48       0xe8 CMakeFiles/drive_ea-ed.dir/home/desenvolvimento/pico/pico-sdk/src/rp2_common/hardware_timer/timer.c.obj
                0x10001d48                hardware_alarm_set_target
 .text.hardware_alarm_cancel
                0x10001e30       0x40 CMakeFiles/drive_ea-ed.dir/home/desenvolvimento/pico/pico-sdk/src/rp2_common/hardware_timer/timer.c.obj
                0x10001e30                hardware_alarm_cancel
 .text.ph_get_node
                0x10001e70       0x30 CMakeFiles/drive_ea-ed.dir/home/desenvolvimento/pico/pico-sdk/src/common/pico_util/pheap.c.obj
 .text.ph_add_child_node
                0x10001ea0       0x6c CMakeFiles/drive_ea-ed.dir/home/desenvolvimento/pico/pico-sdk/src/common/pico_util/pheap.c.obj
 .text.ph_merge_nodes
                0x10001f0c       0x3e CMakeFiles/drive_ea-ed.dir/home/desenvolvimento/pico/pico-sdk/src/common/pico_util/pheap.c.obj
 .text.ph_clear
                0x10001f4a       0x34 CMakeFiles/drive_ea-ed.dir/home/desenvolvimento/pico/pico-sdk/src/common/pico_util/pheap.c.obj
                0x10001f4a                ph_clear
 .text.ph_post_alloc_init
                0x10001f7e        0xe CMakeFiles/drive_ea-ed.dir/home/desenvolvimento/pico/pico-sdk/src/common/pico_util/pheap.c.obj
                0x10001f7e                ph_post_alloc_init
 .text.ph_merge_two_pass
                0x10001f8c       0x5c CMakeFiles/drive_ea-ed.dir/home/desenvolvimento/pico/pico-sdk/src/common/pico_util/pheap.c.obj
                0x10001f8c                ph_merge_two_pass
 .text.ph_remove_any_head
                0x10001fe8       0xc0 CMakeFiles/drive_ea-ed.dir/home/desenvolvimento/pico/pico-sdk/src/common/pico_util/pheap.c.obj
 .text.ph_remove_head
                0x100020a8       0x14 CMakeFiles/drive_ea-ed.dir/home/desenvolvimento/pico/pico-sdk/src/common/pico_util/pheap.c.obj
                0x100020a8                ph_remove_head
 .text.ph_remove_and_free_node
                0x100020bc       0xa0 CMakeFiles/drive_ea-ed.dir/home/desenvolvimento/pico/pico-sdk/src/common/pico_util/pheap.c.obj
                0x100020bc                ph_remove_and_free_node
 .text.uart_disable_before_lcr_write
                0x1000215c       0x48 CMakeFiles/drive_ea-ed.dir/home/desenvolvimento/pico/pico-sdk/src/rp2_common/hardware_uart/uart.c.obj
 .text.uart_write_lcr_bits_masked
                0x100021a4       0x22 CMakeFiles/drive_ea-ed.dir/home/desenvolvimento/pico/pico-sdk/src/rp2_common/hardware_uart/uart.c.obj
 *fill*         0x100021c6        0x2 
 .text.uart_set_baudrate
                0x100021c8       0x5c CMakeFiles/drive_ea-ed.dir/home/desenvolvimento/pico/pico-sdk/src/rp2_common/hardware_uart/uart.c.obj
                0x100021c8                uart_set_baudrate
 .text.uart_set_format
                0x10002224       0x2c CMakeFiles/drive_ea-ed.dir/home/desenvolvimento/pico/pico-sdk/src/rp2_common/hardware_uart/uart.c.obj
                0x10002224                uart_set_format
 .text.uart_set_translate_crlf
                0x10002250       0x28 CMakeFiles/drive_ea-ed.dir/home/desenvolvimento/pico/pico-sdk/src/rp2_common/hardware_uart/uart.c.obj
                0x10002250                uart_set_translate_crlf
 .text.uart_init
                0x10002278       0x80 CMakeFiles/drive_ea-ed.dir/home/desenvolvimento/pico/pico-sdk/src/rp2_common/hardware_uart/uart.c.obj
                0x10002278                uart_init
 .text.clock_configure
                0x100022f8      0x108 CMakeFiles/drive_ea-ed.dir/home/desenvolvimento/pico/pico-sdk/src/rp2_common/hardware_clocks/clocks.c.obj
                0x100022f8                clock_configure
 .text.clocks_init
                0x10002400      0x100 CMakeFiles/drive_ea-ed.dir/home/desenvolvimento/pico/pico-sdk/src/rp2_common/hardware_clocks/clocks.c.obj
                0x10002400                clocks_init
 .text.clock_get_hz
                0x10002500        0xc CMakeFiles/drive_ea-ed.dir/home/desenvolvimento/pico/pico-sdk/src/rp2_common/hardware_clocks/clocks.c.obj
                0x10002500                clock_get_hz
 .text.pll_init
                0x1000250c      0x120 CMakeFiles/drive_ea-ed.dir/home/desenvolvimento/pico/pico-sdk/src/rp2_common/hardware_pll/pll.c.obj
                0x1000250c                pll_init
 .text.watchdog_start_tick
                0x1000262c       0x10 CMakeFiles/drive_ea-ed.dir/home/desenvolvimento/pico/pico-sdk/src/rp2_common/hardware_watchdog/watchdog.c.obj
                0x1000262c                watchdog_start_tick
 .text.watchdog_update
                0x1000263c       0x14 CMakeFiles/drive_ea-ed.dir/home/desenvolvimento/pico/pico-sdk/src/rp2_common/hardware_watchdog/watchdog.c.obj
                0x1000263c                watchdog_update
 .text._watchdog_enable
                0x10002650       0x78 CMakeFiles/drive_ea-ed.dir/home/desenvolvimento/pico/pico-sdk/src/rp2_common/hardware_watchdog/watchdog.c.obj
                0x10002650                _watchdog_enable
 .text.watchdog_reboot
                0x100026c8       0x48 CMakeFiles/drive_ea-ed.dir/home/desenvolvimento/pico/pico-sdk/src/rp2_common/hardware_watchdog/watchdog.c.obj
                0x100026c8                watchdog_reboot
 .text.xosc_init
                0x10002710       0x28 CMakeFiles/drive_ea-ed.dir/home/desenvolvimento/pico/pico-sdk/src/rp2_common/hardware_xosc/xosc.c.obj
                0x10002710                xosc_init
 .text._exit    0x10002738        0x4 CMakeFiles/drive_ea-ed.dir/home/desenvolvimento/pico/pico-sdk/src/rp2_common/pico_runtime/runtime.c.obj
                0x10002738                _exit
 .text.exit     0x1000273c        0x6 CMakeFiles/drive_ea-ed.dir/home/desenvolvimento/pico/pico-sdk/src/rp2_common/pico_runtime/runtime.c.obj
                0x1000273c                exit
 *fill*         0x10002742        0x2 
 .text.__assert_func
                0x10002744       0x38 CMakeFiles/drive_ea-ed.dir/home/desenvolvimento/pico/pico-sdk/src/rp2_common/pico_runtime/runtime.c.obj
                0x10002744                __assert_func
 .text.runtime_init
                0x1000277c       0xf8 CMakeFiles/drive_ea-ed.dir/home/desenvolvimento/pico/pico-sdk/src/rp2_common/pico_runtime/runtime.c.obj
                0x1000277c                runtime_init
 .text.panic    0x10002874       0x30 CMakeFiles/drive_ea-ed.dir/home/desenvolvimento/pico/pico-sdk/src/rp2_common/pico_runtime/runtime.c.obj
                0x10002874                panic
 .text._out_buffer
                0x100028a4        0x8 CMakeFiles/drive_ea-ed.dir/home/desenvolvimento/pico/pico-sdk/src/rp2_common/pico_printf/printf.c.obj
 .text._out_null
                0x100028ac        0x2 CMakeFiles/drive_ea-ed.dir/home/desenvolvimento/pico/pico-sdk/src/rp2_common/pico_printf/printf.c.obj
 .text._out_fct
                0x100028ae        0xe CMakeFiles/drive_ea-ed.dir/home/desenvolvimento/pico/pico-sdk/src/rp2_common/pico_printf/printf.c.obj
 .text._atoi    0x100028bc       0x24 CMakeFiles/drive_ea-ed.dir/home/desenvolvimento/pico/pico-sdk/src/rp2_common/pico_printf/printf.c.obj
 .text._out_rev
                0x100028e0       0xae CMakeFiles/drive_ea-ed.dir/home/desenvolvimento/pico/pico-sdk/src/rp2_common/pico_printf/printf.c.obj
 .text._ntoa_format
                0x1000298e      0x110 CMakeFiles/drive_ea-ed.dir/home/desenvolvimento/pico/pico-sdk/src/rp2_common/pico_printf/printf.c.obj
 .text._ntoa_long
                0x10002a9e       0xbc CMakeFiles/drive_ea-ed.dir/home/desenvolvimento/pico/pico-sdk/src/rp2_common/pico_printf/printf.c.obj
 .text._ntoa_long_long
                0x10002b5a      0x10e CMakeFiles/drive_ea-ed.dir/home/desenvolvimento/pico/pico-sdk/src/rp2_common/pico_printf/printf.c.obj
 .text._etoa    0x10002c68      0x420 CMakeFiles/drive_ea-ed.dir/home/desenvolvimento/pico/pico-sdk/src/rp2_common/pico_printf/printf.c.obj
 .text._ftoa    0x10003088      0x354 CMakeFiles/drive_ea-ed.dir/home/desenvolvimento/pico/pico-sdk/src/rp2_common/pico_printf/printf.c.obj
 .text._vsnprintf
                0x100033dc      0x65c CMakeFiles/drive_ea-ed.dir/home/desenvolvimento/pico/pico-sdk/src/rp2_common/pico_printf/printf.c.obj
 .text.__wrap_snprintf
                0x10003a38       0x28 CMakeFiles/drive_ea-ed.dir/home/desenvolvimento/pico/pico-sdk/src/rp2_common/pico_printf/printf.c.obj
                0x10003a38                __wrap_snprintf
 .text.vfctprintf
                0x10003a60       0x20 CMakeFiles/drive_ea-ed.dir/home/desenvolvimento/pico/pico-sdk/src/rp2_common/pico_printf/printf.c.obj
                0x10003a60                vfctprintf
 .text          0x10003a80       0x10 CMakeFiles/drive_ea-ed.dir/home/desenvolvimento/pico/pico-sdk/src/rp2_common/pico_bit_ops/bit_ops_aeabi.S.obj
 .text.rom_func_lookup
                0x10003a90       0x10 CMakeFiles/drive_ea-ed.dir/home/desenvolvimento/pico/pico-sdk/src/rp2_common/pico_bootrom/bootrom.c.obj
                0x10003a90                rom_func_lookup
 .text.rom_data_lookup
                0x10003aa0       0x10 CMakeFiles/drive_ea-ed.dir/home/desenvolvimento/pico/pico-sdk/src/rp2_common/pico_bootrom/bootrom.c.obj
                0x10003aa0                rom_data_lookup
 .text.rom_funcs_lookup
                0x10003ab0       0x36 CMakeFiles/drive_ea-ed.dir/home/desenvolvimento/pico/pico-sdk/src/rp2_common/pico_bootrom/bootrom.c.obj
                0x10003ab0                rom_funcs_lookup
 *fill*         0x10003ae6        0x2 
 .text.__wrap___aeabi_idiv
                0x10003ae8       0x50 CMakeFiles/drive_ea-ed.dir/home/desenvolvimento/pico/pico-sdk/src/rp2_common/pico_divider/divider.S.obj
                0x10003ae8                __wrap___aeabi_idivmod
                0x10003ae8                divmod_s32s32
                0x10003ae8                div_s32s32
                0x10003ae8                __wrap___aeabi_idiv
                0x10003af0                divmod_s32s32_unsafe
                0x10003b1c                divmod_s32s32_savestate
 .text.__wrap___aeabi_uidiv
                0x10003b38       0x4c CMakeFiles/drive_ea-ed.dir/home/desenvolvimento/pico/pico-sdk/src/rp2_common/pico_divider/divider.S.obj
                0x10003b38                __wrap___aeabi_uidiv
                0x10003b38                __wrap___aeabi_uidivmod
                0x10003b38                div_u32u32
                0x10003b38                divmod_u32u32
                0x10003b40                divmod_u32u32_unsafe
                0x10003b68                divmod_u32u32_savestate
 .text.__wrap___aeabi_ldiv
                0x10003b84      0x424 CMakeFiles/drive_ea-ed.dir/home/desenvolvimento/pico/pico-sdk/src/rp2_common/pico_divider/divider.S.obj
                0x10003b84                div_s64s64
                0x10003b84                divmod_s64s64
                0x10003b84                __wrap___aeabi_ldivmod
                0x10003bb4                div_u64u64
                0x10003bb4                divmod_u64u64
                0x10003bb4                __wrap___aeabi_uldivmod
                0x10003bc4                divmod_u64u64_savestate
                0x10003be4                divmod_s64s64_unsafe
                0x10003c6c                divmod_u64u64_unsafe
 .text.__wrap___aeabi_darithmetic
                0x10003fa8       0x80 CMakeFiles/drive_ea-ed.dir/home/desenvolvimento/pico/pico-sdk/src/rp2_common/pico_double/double_aeabi.S.obj
                0x10003fa8                __wrap___aeabi_drsub
                0x10003fae                __wrap___aeabi_dsub
                0x10003fc0                __wrap___aeabi_dadd
                0x10003fd2                __wrap___aeabi_ddiv
                0x1000400e                __wrap___aeabi_dmul
 .text.__wrap___aeabi_cdcmple
                0x10004028       0x6c CMakeFiles/drive_ea-ed.dir/home/desenvolvimento/pico/pico-sdk/src/rp2_common/pico_double/double_aeabi.S.obj
                0x10004028                __wrap___aeabi_cdrcmple
                0x10004038                __wrap___aeabi_cdcmple
                0x10004038                __wrap___aeabi_cdcmpeq
 .text.__wrap___aeabi_dcmplt
                0x10004094        0xc CMakeFiles/drive_ea-ed.dir/home/desenvolvimento/pico/pico-sdk/src/rp2_common/pico_double/double_aeabi.S.obj
                0x10004094                __wrap___aeabi_dcmplt
 .text.__wrap___aeabi_dcmple
                0x100040a0       0x10 CMakeFiles/drive_ea-ed.dir/home/desenvolvimento/pico/pico-sdk/src/rp2_common/pico_double/double_aeabi.S.obj
                0x100040a0                __wrap___aeabi_dcmple
 .text.__wrap___aeabi_dcmpge
                0x100040b0       0x10 CMakeFiles/drive_ea-ed.dir/home/desenvolvimento/pico/pico-sdk/src/rp2_common/pico_double/double_aeabi.S.obj
                0x100040b0                __wrap___aeabi_dcmpge
 .text.__wrap___aeabi_dcmpgt
                0x100040c0        0xa CMakeFiles/drive_ea-ed.dir/home/desenvolvimento/pico/pico-sdk/src/rp2_common/pico_double/double_aeabi.S.obj
                0x100040c0                __wrap___aeabi_dcmpgt
 .text.__wrap___aeabi_dcmpun
                0x100040ca       0x1c CMakeFiles/drive_ea-ed.dir/home/desenvolvimento/pico/pico-sdk/src/rp2_common/pico_double/double_aeabi.S.obj
                0x100040ca                __wrap___aeabi_dcmpun
 *fill*         0x100040e6        0x2 
 .text.__wrap___aeabi_i2d
                0x100040e8       0x38 CMakeFiles/drive_ea-ed.dir/home/desenvolvimento/pico/pico-sdk/src/rp2_common/pico_double/double_aeabi.S.obj
                0x100040e8                __wrap___aeabi_ui2d
                0x100040f0                __wrap___aeabi_i2d
 .text.__wrap___aeabi_d2iz
                0x10004120       0x48 CMakeFiles/drive_ea-ed.dir/home/desenvolvimento/pico/pico-sdk/src/rp2_common/pico_double/double_aeabi.S.obj
                0x10004120                __wrap___aeabi_d2iz
                0x10004120                double2int_z
 .text.__wrap___aeabi_d2uiz
                0x10004168       0x18 CMakeFiles/drive_ea-ed.dir/home/desenvolvimento/pico/pico-sdk/src/rp2_common/pico_double/double_aeabi.S.obj
                0x10004168                double2uint
                0x10004168                __wrap___aeabi_d2uiz
 .text.__aeabi_double_init
                0x10004180       0xcc CMakeFiles/drive_ea-ed.dir/home/desenvolvimento/pico/pico-sdk/src/rp2_common/pico_double/double_init_rom.c.obj
                0x10004180                __aeabi_double_init
 .text.double_table_shim_on_use_helper
                0x1000424c       0x34 CMakeFiles/drive_ea-ed.dir/home/desenvolvimento/pico/pico-sdk/src/rp2_common/pico_double/double_v1_rom_shim.S.obj
                0x1000424c                double_table_shim_on_use_helper
 .text.__wrap___aeabi_dsub
                0x10004280       0x10 CMakeFiles/drive_ea-ed.dir/home/desenvolvimento/pico/pico-sdk/src/rp2_common/pico_double/double_v1_rom_shim.S.obj
                0x10004280                drsub_shim
                0x10004286                dsub_shim
 .text.dadd_shim
                0x10004290      0x15c CMakeFiles/drive_ea-ed.dir/home/desenvolvimento/pico/pico-sdk/src/rp2_common/pico_double/double_v1_rom_shim.S.obj
                0x10004290                dadd_shim
 .text.dmul_shim
                0x100043ec      0x15c CMakeFiles/drive_ea-ed.dir/home/desenvolvimento/pico/pico-sdk/src/rp2_common/pico_double/double_v1_rom_shim.S.obj
                0x100043ec                dmul_shim
 .text.ddiv_shim
                0x10004548      0x1b0 CMakeFiles/drive_ea-ed.dir/home/desenvolvimento/pico/pico-sdk/src/rp2_common/pico_double/double_v1_rom_shim.S.obj
                0x10004548                ddiv_shim
 .text.double2uint_shim
                0x100046f8        0xe CMakeFiles/drive_ea-ed.dir/home/desenvolvimento/pico/pico-sdk/src/rp2_common/pico_double/double_v1_rom_shim.S.obj
                0x100046f8                double2uint_shim
                0x100046fa                double2ufix_shim
 *fill*         0x10004706        0x2 
 .text.double2uint64_shim
                0x10004708       0x70 CMakeFiles/drive_ea-ed.dir/home/desenvolvimento/pico/pico-sdk/src/rp2_common/pico_double/double_v1_rom_shim.S.obj
                0x10004708                double2uint64_shim
                0x1000470a                double2ufix64_shim
                0x1000472a                d2fix_a
 .text.dunpacks
                0x10004778       0x3c CMakeFiles/drive_ea-ed.dir/home/desenvolvimento/pico/pico-sdk/src/rp2_common/pico_double/double_v1_rom_shim.S.obj
                0x10004778                dunpacks
 .text.__aeabi_lmul
                0x100047b4       0x32 CMakeFiles/drive_ea-ed.dir/home/desenvolvimento/pico/pico-sdk/src/rp2_common/pico_int64_ops/pico_int64_ops_aeabi.S.obj
                0x100047b4                __wrap___aeabi_lmul
 *fill*         0x100047e6        0x2 
 .text.__aeabi_float_init
                0x100047e8       0xfc CMakeFiles/drive_ea-ed.dir/home/desenvolvimento/pico/pico-sdk/src/rp2_common/pico_float/float_init_rom.c.obj
                0x100047e8                __aeabi_float_init
 .text.float_table_shim_on_use_helper
                0x100048e4       0x34 CMakeFiles/drive_ea-ed.dir/home/desenvolvimento/pico/pico-sdk/src/rp2_common/pico_float/float_v1_rom_shim.S.obj
                0x100048e4                float_table_shim_on_use_helper
 .text          0x10004918       0x10 CMakeFiles/drive_ea-ed.dir/home/desenvolvimento/pico/pico-sdk/src/rp2_common/pico_mem_ops/mem_ops_aeabi.S.obj
                0x10004918                __aeabi_mem_init
 .text.memset   0x10004928        0xc CMakeFiles/drive_ea-ed.dir/home/desenvolvimento/pico/pico-sdk/src/rp2_common/pico_mem_ops/mem_ops_aeabi.S.obj
                0x10004928                __wrap_memset
 .text.memcpy   0x10004934        0xc CMakeFiles/drive_ea-ed.dir/home/desenvolvimento/pico/pico-sdk/src/rp2_common/pico_mem_ops/mem_ops_aeabi.S.obj
                0x10004934                __wrap___aeabi_memcpy
                0x10004934                __wrap_memcpy
 .text.stdio_out_chars_no_crlf
                0x10004940        0xe CMakeFiles/drive_ea-ed.dir/home/desenvolvimento/pico/pico-sdk/src/rp2_common/pico_stdio/stdio.c.obj
 *fill*         0x1000494e        0x2 
 .text.stdio_out_chars_crlf
                0x10004950       0x80 CMakeFiles/drive_ea-ed.dir/home/desenvolvimento/pico/pico-sdk/src/rp2_common/pico_stdio/stdio.c.obj
 .text.stdio_stack_buffer_flush
                0x100049d0       0x44 CMakeFiles/drive_ea-ed.dir/home/desenvolvimento/pico/pico-sdk/src/rp2_common/pico_stdio/stdio.c.obj
 .text.stdio_buffered_printer
                0x10004a14       0x20 CMakeFiles/drive_ea-ed.dir/home/desenvolvimento/pico/pico-sdk/src/rp2_common/pico_stdio/stdio.c.obj
 .text.update_us_since_boot
                0x10004a34       0x24 CMakeFiles/drive_ea-ed.dir/home/desenvolvimento/pico/pico-sdk/src/rp2_common/pico_stdio/stdio.c.obj
 .text.get_absolute_time
                0x10004a58       0x22 CMakeFiles/drive_ea-ed.dir/home/desenvolvimento/pico/pico-sdk/src/rp2_common/pico_stdio/stdio.c.obj
 *fill*         0x10004a7a        0x2 
 .text.delayed_by_ms
                0x10004a7c       0x44 CMakeFiles/drive_ea-ed.dir/home/desenvolvimento/pico/pico-sdk/src/rp2_common/pico_stdio/stdio.c.obj
 .text.make_timeout_time_ms
                0x10004ac0       0x20 CMakeFiles/drive_ea-ed.dir/home/desenvolvimento/pico/pico-sdk/src/rp2_common/pico_stdio/stdio.c.obj
 .text.stdout_serialize_begin
                0x10004ae0       0x20 CMakeFiles/drive_ea-ed.dir/home/desenvolvimento/pico/pico-sdk/src/rp2_common/pico_stdio/stdio.c.obj
                0x10004ae0                stdout_serialize_begin
 .text.stdout_serialize_end
                0x10004b00       0x10 CMakeFiles/drive_ea-ed.dir/home/desenvolvimento/pico/pico-sdk/src/rp2_common/pico_stdio/stdio.c.obj
                0x10004b00                stdout_serialize_end
 .text.stdio_put_string
                0x10004b10       0x98 CMakeFiles/drive_ea-ed.dir/home/desenvolvimento/pico/pico-sdk/src/rp2_common/pico_stdio/stdio.c.obj
 .text.stdio_set_driver_enabled
                0x10004ba8       0x2c CMakeFiles/drive_ea-ed.dir/home/desenvolvimento/pico/pico-sdk/src/rp2_common/pico_stdio/stdio.c.obj
                0x10004ba8                stdio_set_driver_enabled
 .text.stdio_flush
                0x10004bd4       0x20 CMakeFiles/drive_ea-ed.dir/home/desenvolvimento/pico/pico-sdk/src/rp2_common/pico_stdio/stdio.c.obj
                0x10004bd4                stdio_flush
 .text.__wrap_puts
                0x10004bf4       0x1e CMakeFiles/drive_ea-ed.dir/home/desenvolvimento/pico/pico-sdk/src/rp2_common/pico_stdio/stdio.c.obj
                0x10004bf4                __wrap_puts
 *fill*         0x10004c12        0x2 
 .text.__wrap_vprintf
                0x10004c14       0x40 CMakeFiles/drive_ea-ed.dir/home/desenvolvimento/pico/pico-sdk/src/rp2_common/pico_stdio/stdio.c.obj
                0x10004c14                __wrap_vprintf
 .text.__wrap_printf
                0x10004c54       0x18 CMakeFiles/drive_ea-ed.dir/home/desenvolvimento/pico/pico-sdk/src/rp2_common/pico_stdio/stdio.c.obj
                0x10004c54                __wrap_printf
 .text.stdio_init_all
                0x10004c6c        0xe CMakeFiles/drive_ea-ed.dir/home/desenvolvimento/pico/pico-sdk/src/rp2_common/pico_stdio/stdio.c.obj
                0x10004c6c                stdio_init_all
 *fill*         0x10004c7a        0x2 
 .text.uart_putc
                0x10004c7c       0x60 CMakeFiles/drive_ea-ed.dir/home/desenvolvimento/pico/pico-sdk/src/rp2_common/pico_stdio_uart/stdio_uart.c.obj
 .text.uart_getc
                0x10004cdc       0x24 CMakeFiles/drive_ea-ed.dir/home/desenvolvimento/pico/pico-sdk/src/rp2_common/pico_stdio_uart/stdio_uart.c.obj
 .text.stdio_uart_out_chars
                0x10004d00       0x20 CMakeFiles/drive_ea-ed.dir/home/desenvolvimento/pico/pico-sdk/src/rp2_common/pico_stdio_uart/stdio_uart.c.obj
 .text.stdio_uart_in_chars
                0x10004d20       0x5c CMakeFiles/drive_ea-ed.dir/home/desenvolvimento/pico/pico-sdk/src/rp2_common/pico_stdio_uart/stdio_uart.c.obj
                0x10004d20                stdio_uart_in_chars
 .text.on_uart_rx
                0x10004d7c       0x28 CMakeFiles/drive_ea-ed.dir/home/desenvolvimento/pico/pico-sdk/src/rp2_common/pico_stdio_uart/stdio_uart.c.obj
 .text.stdio_uart_set_chars_available_callback
                0x10004da4       0x8c CMakeFiles/drive_ea-ed.dir/home/desenvolvimento/pico/pico-sdk/src/rp2_common/pico_stdio_uart/stdio_uart.c.obj
 .text.stdio_uart_init_full
                0x10004e30       0x44 CMakeFiles/drive_ea-ed.dir/home/desenvolvimento/pico/pico-sdk/src/rp2_common/pico_stdio_uart/stdio_uart.c.obj
                0x10004e30                stdio_uart_init_full
 .text.stdio_uart_init
                0x10004e74       0x28 CMakeFiles/drive_ea-ed.dir/home/desenvolvimento/pico/pico-sdk/src/rp2_common/pico_stdio_uart/stdio_uart.c.obj
                0x10004e74                stdio_uart_init
 .text.resetd_init
                0x10004e9c        0x2 CMakeFiles/drive_ea-ed.dir/home/desenvolvimento/pico/pico-sdk/src/rp2_common/pico_stdio_usb/reset_interface.c.obj
 *fill*         0x10004e9e        0x2 
 .text.resetd_reset
                0x10004ea0        0xc CMakeFiles/drive_ea-ed.dir/home/desenvolvimento/pico/pico-sdk/src/rp2_common/pico_stdio_usb/reset_interface.c.obj
 .text.resetd_open
                0x10004eac       0x34 CMakeFiles/drive_ea-ed.dir/home/desenvolvimento/pico/pico-sdk/src/rp2_common/pico_stdio_usb/reset_interface.c.obj
 .text.resetd_xfer_cb
                0x10004ee0        0x4 CMakeFiles/drive_ea-ed.dir/home/desenvolvimento/pico/pico-sdk/src/rp2_common/pico_stdio_usb/reset_interface.c.obj
 .text.reset_usb_boot
                0x10004ee4       0x18 CMakeFiles/drive_ea-ed.dir/home/desenvolvimento/pico/pico-sdk/src/rp2_common/pico_stdio_usb/reset_interface.c.obj
 .text.resetd_control_xfer_cb
                0x10004efc       0x5c CMakeFiles/drive_ea-ed.dir/home/desenvolvimento/pico/pico-sdk/src/rp2_common/pico_stdio_usb/reset_interface.c.obj
 .text.usbd_app_driver_get_cb
                0x10004f58        0xc CMakeFiles/drive_ea-ed.dir/home/desenvolvimento/pico/pico-sdk/src/rp2_common/pico_stdio_usb/reset_interface.c.obj
                0x10004f58                usbd_app_driver_get_cb
 .text.tud_cdc_line_coding_cb
                0x10004f64       0x28 CMakeFiles/drive_ea-ed.dir/home/desenvolvimento/pico/pico-sdk/src/rp2_common/pico_stdio_usb/reset_interface.c.obj
                0x10004f64                tud_cdc_line_coding_cb
 .text.stdio_usb_set_chars_available_callback
                0x10004f8c       0x14 CMakeFiles/drive_ea-ed.dir/home/desenvolvimento/pico/pico-sdk/src/rp2_common/pico_stdio_usb/stdio_usb.c.obj
                0x10004f8c                stdio_usb_set_chars_available_callback
 .text.update_us_since_boot
                0x10004fa0       0x24 CMakeFiles/drive_ea-ed.dir/home/desenvolvimento/pico/pico-sdk/src/rp2_common/pico_stdio_usb/stdio_usb.c.obj
 .text.get_absolute_time
                0x10004fc4       0x22 CMakeFiles/drive_ea-ed.dir/home/desenvolvimento/pico/pico-sdk/src/rp2_common/pico_stdio_usb/stdio_usb.c.obj
 *fill*         0x10004fe6        0x2 
 .text.delayed_by_ms
                0x10004fe8       0x44 CMakeFiles/drive_ea-ed.dir/home/desenvolvimento/pico/pico-sdk/src/rp2_common/pico_stdio_usb/stdio_usb.c.obj
 .text.make_timeout_time_ms
                0x1000502c       0x20 CMakeFiles/drive_ea-ed.dir/home/desenvolvimento/pico/pico-sdk/src/rp2_common/pico_stdio_usb/stdio_usb.c.obj
 .text.delayed_by_us
                0x1000504c       0x34 CMakeFiles/drive_ea-ed.dir/home/desenvolvimento/pico/pico-sdk/src/rp2_common/pico_stdio_usb/stdio_usb.c.obj
 .text.usb_irq  0x10005080       0x10 CMakeFiles/drive_ea-ed.dir/home/desenvolvimento/pico/pico-sdk/src/rp2_common/pico_stdio_usb/stdio_usb.c.obj
 .text.critical_section_enter_blocking
                0x10005090       0x16 CMakeFiles/drive_ea-ed.dir/home/desenvolvimento/pico/pico-sdk/src/rp2_common/pico_stdio_usb/stdio_usb.c.obj
 *fill*         0x100050a6        0x2 
 .text.timer_task
                0x100050a8       0x4c CMakeFiles/drive_ea-ed.dir/home/desenvolvimento/pico/pico-sdk/src/rp2_common/pico_stdio_usb/stdio_usb.c.obj
 .text.alarm_pool_add_alarm_in_us
                0x100050f4       0x3a CMakeFiles/drive_ea-ed.dir/home/desenvolvimento/pico/pico-sdk/src/rp2_common/pico_stdio_usb/stdio_usb.c.obj
 .text.add_alarm_in_us
                0x1000512e       0x2e CMakeFiles/drive_ea-ed.dir/home/desenvolvimento/pico/pico-sdk/src/rp2_common/pico_stdio_usb/stdio_usb.c.obj
 .text.low_priority_worker_irq
                0x1000515c       0x7c CMakeFiles/drive_ea-ed.dir/home/desenvolvimento/pico/pico-sdk/src/rp2_common/pico_stdio_usb/stdio_usb.c.obj
 .text.tud_cdc_rx_cb
                0x100051d8       0x20 CMakeFiles/drive_ea-ed.dir/home/desenvolvimento/pico/pico-sdk/src/rp2_common/pico_stdio_usb/stdio_usb.c.obj
                0x100051d8                tud_cdc_rx_cb
 .text.stdio_usb_init
                0x100051f8       0xd0 CMakeFiles/drive_ea-ed.dir/home/desenvolvimento/pico/pico-sdk/src/rp2_common/pico_stdio_usb/stdio_usb.c.obj
                0x100051f8                stdio_usb_init
 .text.stdio_usb_connected
                0x100052c8        0xa CMakeFiles/drive_ea-ed.dir/home/desenvolvimento/pico/pico-sdk/src/rp2_common/pico_stdio_usb/stdio_usb.c.obj
                0x100052c8                stdio_usb_connected
 *fill*         0x100052d2        0x2 
 .text.stdio_usb_in_chars
                0x100052d4       0x88 CMakeFiles/drive_ea-ed.dir/home/desenvolvimento/pico/pico-sdk/src/rp2_common/pico_stdio_usb/stdio_usb.c.obj
                0x100052d4                stdio_usb_in_chars
 .text.stdio_usb_out_chars
                0x1000535c       0xd8 CMakeFiles/drive_ea-ed.dir/home/desenvolvimento/pico/pico-sdk/src/rp2_common/pico_stdio_usb/stdio_usb.c.obj
 .text.tud_descriptor_device_cb
                0x10005434        0x8 CMakeFiles/drive_ea-ed.dir/home/desenvolvimento/pico/pico-sdk/src/rp2_common/pico_stdio_usb/stdio_usb_descriptors.c.obj
                0x10005434                tud_descriptor_device_cb
 .text.tud_descriptor_configuration_cb
                0x1000543c        0x8 CMakeFiles/drive_ea-ed.dir/home/desenvolvimento/pico/pico-sdk/src/rp2_common/pico_stdio_usb/stdio_usb_descriptors.c.obj
                0x1000543c                tud_descriptor_configuration_cb
 .text.tud_descriptor_string_cb
                0x10005444       0x6c CMakeFiles/drive_ea-ed.dir/home/desenvolvimento/pico/pico-sdk/src/rp2_common/pico_stdio_usb/stdio_usb_descriptors.c.obj
                0x10005444                tud_descriptor_string_cb
 .text._retrieve_unique_id_on_boot
                0x100054b0       0x10 CMakeFiles/drive_ea-ed.dir/home/desenvolvimento/pico/pico-sdk/src/rp2_common/pico_unique_id/unique_id.c.obj
 .text.pico_get_unique_board_id_string
                0x100054c0       0x5c CMakeFiles/drive_ea-ed.dir/home/desenvolvimento/pico/pico-sdk/src/rp2_common/pico_unique_id/unique_id.c.obj
                0x100054c0                pico_get_unique_board_id_string
 .text.flash_get_unique_id
                0x1000551c       0x46 CMakeFiles/drive_ea-ed.dir/home/desenvolvimento/pico/pico-sdk/src/rp2_common/hardware_flash/flash.c.obj
                0x1000551c                flash_get_unique_id
 *fill*         0x10005562        0x2 
 .text.hw_endpoint_get_by_addr
                0x10005564       0x18 CMakeFiles/drive_ea-ed.dir/home/desenvolvimento/pico/pico-sdk/lib/tinyusb/src/portable/raspberrypi/rp2040/dcd_rp2040.c.obj
 .text._hw_endpoint_alloc
                0x1000557c       0x70 CMakeFiles/drive_ea-ed.dir/home/desenvolvimento/pico/pico-sdk/lib/tinyusb/src/portable/raspberrypi/rp2040/dcd_rp2040.c.obj
 .text.hw_endpoint_init
                0x100055ec       0x88 CMakeFiles/drive_ea-ed.dir/home/desenvolvimento/pico/pico-sdk/lib/tinyusb/src/portable/raspberrypi/rp2040/dcd_rp2040.c.obj
 .text.dcd_event_sof
                0x10005674       0x2c CMakeFiles/drive_ea-ed.dir/home/desenvolvimento/pico/pico-sdk/lib/tinyusb/src/portable/raspberrypi/rp2040/dcd_rp2040.c.obj
 .text.hw_endpoint_xfer
                0x100056a0       0x14 CMakeFiles/drive_ea-ed.dir/home/desenvolvimento/pico/pico-sdk/lib/tinyusb/src/portable/raspberrypi/rp2040/dcd_rp2040.c.obj
 .text.dcd_int_enable
                0x100056b4       0x2c CMakeFiles/drive_ea-ed.dir/home/desenvolvimento/pico/pico-sdk/lib/tinyusb/src/portable/raspberrypi/rp2040/dcd_rp2040.c.obj
                0x100056b4                dcd_int_enable
 .text.dcd_set_address
                0x100056e0       0x2c CMakeFiles/drive_ea-ed.dir/home/desenvolvimento/pico/pico-sdk/lib/tinyusb/src/portable/raspberrypi/rp2040/dcd_rp2040.c.obj
                0x100056e0                dcd_set_address
 .text.dcd_connect
                0x1000570c       0x10 CMakeFiles/drive_ea-ed.dir/home/desenvolvimento/pico/pico-sdk/lib/tinyusb/src/portable/raspberrypi/rp2040/dcd_rp2040.c.obj
                0x1000570c                dcd_connect
 .text.dcd_init
                0x1000571c       0x80 CMakeFiles/drive_ea-ed.dir/home/desenvolvimento/pico/pico-sdk/lib/tinyusb/src/portable/raspberrypi/rp2040/dcd_rp2040.c.obj
                0x1000571c                dcd_init
 .text.dcd_edpt0_status_complete
                0x1000579c       0x1c CMakeFiles/drive_ea-ed.dir/home/desenvolvimento/pico/pico-sdk/lib/tinyusb/src/portable/raspberrypi/rp2040/dcd_rp2040.c.obj
                0x1000579c                dcd_edpt0_status_complete
 .text.dcd_edpt_open
                0x100057b8       0x40 CMakeFiles/drive_ea-ed.dir/home/desenvolvimento/pico/pico-sdk/lib/tinyusb/src/portable/raspberrypi/rp2040/dcd_rp2040.c.obj
                0x100057b8                dcd_edpt_open
 .text.dcd_edpt_close_all
                0x100057f8        0x8 CMakeFiles/drive_ea-ed.dir/home/desenvolvimento/pico/pico-sdk/lib/tinyusb/src/portable/raspberrypi/rp2040/dcd_rp2040.c.obj
                0x100057f8                dcd_edpt_close_all
 .text.dcd_edpt_xfer
                0x10005800       0x34 CMakeFiles/drive_ea-ed.dir/home/desenvolvimento/pico/pico-sdk/lib/tinyusb/src/portable/raspberrypi/rp2040/dcd_rp2040.c.obj
                0x10005800                dcd_edpt_xfer
 .text.dcd_edpt_stall
                0x10005834       0x2c CMakeFiles/drive_ea-ed.dir/home/desenvolvimento/pico/pico-sdk/lib/tinyusb/src/portable/raspberrypi/rp2040/dcd_rp2040.c.obj
                0x10005834                dcd_edpt_stall
 .text.dcd_edpt_clear_stall
                0x10005860       0x20 CMakeFiles/drive_ea-ed.dir/home/desenvolvimento/pico/pico-sdk/lib/tinyusb/src/portable/raspberrypi/rp2040/dcd_rp2040.c.obj
                0x10005860                dcd_edpt_clear_stall
 .text.rp2040_usb_init
                0x10005880       0x4c CMakeFiles/drive_ea-ed.dir/home/desenvolvimento/pico/pico-sdk/lib/tinyusb/src/portable/raspberrypi/rp2040/rp2040_usb.c.obj
                0x10005880                rp2040_usb_init
 .text.hw_endpoint_xfer_start
                0x100058cc       0x50 CMakeFiles/drive_ea-ed.dir/home/desenvolvimento/pico/pico-sdk/lib/tinyusb/src/portable/raspberrypi/rp2040/rp2040_usb.c.obj
                0x100058cc                hw_endpoint_xfer_start
 .text.configuration_reset
                0x1000591c       0x84 CMakeFiles/drive_ea-ed.dir/home/desenvolvimento/pico/pico-sdk/lib/tinyusb/src/device/usbd.c.obj
 .text.critical_section_enter_blocking
                0x100059a0       0x16 CMakeFiles/drive_ea-ed.dir/home/desenvolvimento/pico/pico-sdk/lib/tinyusb/src/device/usbd.c.obj
 .text.usbd_reset
                0x100059b6        0xc CMakeFiles/drive_ea-ed.dir/home/desenvolvimento/pico/pico-sdk/lib/tinyusb/src/device/usbd.c.obj
 .text.invoke_class_control
                0x100059c2       0x1a CMakeFiles/drive_ea-ed.dir/home/desenvolvimento/pico/pico-sdk/lib/tinyusb/src/device/usbd.c.obj
 .text.process_set_config
                0x100059dc      0x178 CMakeFiles/drive_ea-ed.dir/home/desenvolvimento/pico/pico-sdk/lib/tinyusb/src/device/usbd.c.obj
 .text.process_get_descriptor
                0x10005b54       0xdc CMakeFiles/drive_ea-ed.dir/home/desenvolvimento/pico/pico-sdk/lib/tinyusb/src/device/usbd.c.obj
 .text.tud_mounted
                0x10005c30       0x10 CMakeFiles/drive_ea-ed.dir/home/desenvolvimento/pico/pico-sdk/lib/tinyusb/src/device/usbd.c.obj
                0x10005c30                tud_mounted
 .text.tud_suspended
                0x10005c40       0x10 CMakeFiles/drive_ea-ed.dir/home/desenvolvimento/pico/pico-sdk/lib/tinyusb/src/device/usbd.c.obj
                0x10005c40                tud_suspended
 .text.tud_inited
                0x10005c50       0x14 CMakeFiles/drive_ea-ed.dir/home/desenvolvimento/pico/pico-sdk/lib/tinyusb/src/device/usbd.c.obj
                0x10005c50                tud_inited
 .text.tud_init
                0x10005c64       0xcc CMakeFiles/drive_ea-ed.dir/home/desenvolvimento/pico/pico-sdk/lib/tinyusb/src/device/usbd.c.obj
                0x10005c64                tud_init
 .text.usbd_defer_func
                0x10005d30       0x2a CMakeFiles/drive_ea-ed.dir/home/desenvolvimento/pico/pico-sdk/lib/tinyusb/src/device/usbd.c.obj
                0x10005d30                usbd_defer_func
 *fill*         0x10005d5a        0x2 
 .text.usbd_edpt_open
                0x10005d5c       0x34 CMakeFiles/drive_ea-ed.dir/home/desenvolvimento/pico/pico-sdk/lib/tinyusb/src/device/usbd.c.obj
                0x10005d5c                usbd_edpt_open
 .text.usbd_open_edpt_pair
                0x10005d90       0x62 CMakeFiles/drive_ea-ed.dir/home/desenvolvimento/pico/pico-sdk/lib/tinyusb/src/device/usbd.c.obj
                0x10005d90                usbd_open_edpt_pair
 *fill*         0x10005df2        0x2 
 .text.usbd_edpt_claim
                0x10005df4       0x28 CMakeFiles/drive_ea-ed.dir/home/desenvolvimento/pico/pico-sdk/lib/tinyusb/src/device/usbd.c.obj
                0x10005df4                usbd_edpt_claim
 .text.usbd_edpt_release
                0x10005e1c       0x28 CMakeFiles/drive_ea-ed.dir/home/desenvolvimento/pico/pico-sdk/lib/tinyusb/src/device/usbd.c.obj
                0x10005e1c                usbd_edpt_release
 .text.usbd_edpt_xfer
                0x10005e44       0x78 CMakeFiles/drive_ea-ed.dir/home/desenvolvimento/pico/pico-sdk/lib/tinyusb/src/device/usbd.c.obj
                0x10005e44                usbd_edpt_xfer
 .text.usbd_edpt_stall
                0x10005ebc       0x48 CMakeFiles/drive_ea-ed.dir/home/desenvolvimento/pico/pico-sdk/lib/tinyusb/src/device/usbd.c.obj
                0x10005ebc                usbd_edpt_stall
 .text.usbd_edpt_clear_stall
                0x10005f04       0x48 CMakeFiles/drive_ea-ed.dir/home/desenvolvimento/pico/pico-sdk/lib/tinyusb/src/device/usbd.c.obj
                0x10005f04                usbd_edpt_clear_stall
 .text.usbd_edpt_stalled
                0x10005f4c       0x1c CMakeFiles/drive_ea-ed.dir/home/desenvolvimento/pico/pico-sdk/lib/tinyusb/src/device/usbd.c.obj
                0x10005f4c                usbd_edpt_stalled
 .text.process_control_request
                0x10005f68      0x374 CMakeFiles/drive_ea-ed.dir/home/desenvolvimento/pico/pico-sdk/lib/tinyusb/src/device/usbd.c.obj
 .text.tud_task_ext
                0x100062dc      0x1a8 CMakeFiles/drive_ea-ed.dir/home/desenvolvimento/pico/pico-sdk/lib/tinyusb/src/device/usbd.c.obj
                0x100062dc                tud_task_ext
 .text._status_stage_xact
                0x10006484       0x1a CMakeFiles/drive_ea-ed.dir/home/desenvolvimento/pico/pico-sdk/lib/tinyusb/src/device/usbd_control.c.obj
 *fill*         0x1000649e        0x2 
 .text._data_stage_xact
                0x100064a0       0x58 CMakeFiles/drive_ea-ed.dir/home/desenvolvimento/pico/pico-sdk/lib/tinyusb/src/device/usbd_control.c.obj
 .text.tud_control_status
                0x100064f8       0x28 CMakeFiles/drive_ea-ed.dir/home/desenvolvimento/pico/pico-sdk/lib/tinyusb/src/device/usbd_control.c.obj
                0x100064f8                tud_control_status
 .text.tud_control_xfer
                0x10006520       0x68 CMakeFiles/drive_ea-ed.dir/home/desenvolvimento/pico/pico-sdk/lib/tinyusb/src/device/usbd_control.c.obj
                0x10006520                tud_control_xfer
 .text.usbd_control_reset
                0x10006588       0x14 CMakeFiles/drive_ea-ed.dir/home/desenvolvimento/pico/pico-sdk/lib/tinyusb/src/device/usbd_control.c.obj
                0x10006588                usbd_control_reset
 .text.usbd_control_set_complete_callback
                0x1000659c        0xc CMakeFiles/drive_ea-ed.dir/home/desenvolvimento/pico/pico-sdk/lib/tinyusb/src/device/usbd_control.c.obj
                0x1000659c                usbd_control_set_complete_callback
 .text.usbd_control_set_request
                0x100065a8       0x1c CMakeFiles/drive_ea-ed.dir/home/desenvolvimento/pico/pico-sdk/lib/tinyusb/src/device/usbd_control.c.obj
                0x100065a8                usbd_control_set_request
 .text.usbd_control_xfer_cb
                0x100065c4       0xbc CMakeFiles/drive_ea-ed.dir/home/desenvolvimento/pico/pico-sdk/lib/tinyusb/src/device/usbd_control.c.obj
                0x100065c4                usbd_control_xfer_cb
 .text._prep_out_transaction
                0x10006680       0x4a CMakeFiles/drive_ea-ed.dir/home/desenvolvimento/pico/pico-sdk/lib/tinyusb/src/class/cdc/cdc_device.c.obj
 *fill*         0x100066ca        0x2 
 .text.tud_cdc_n_connected
                0x100066cc       0x38 CMakeFiles/drive_ea-ed.dir/home/desenvolvimento/pico/pico-sdk/lib/tinyusb/src/class/cdc/cdc_device.c.obj
                0x100066cc                tud_cdc_n_connected
 .text.tud_cdc_n_available
                0x10006704       0x18 CMakeFiles/drive_ea-ed.dir/home/desenvolvimento/pico/pico-sdk/lib/tinyusb/src/class/cdc/cdc_device.c.obj
                0x10006704                tud_cdc_n_available
 .text.tud_cdc_n_read
                0x1000671c       0x28 CMakeFiles/drive_ea-ed.dir/home/desenvolvimento/pico/pico-sdk/lib/tinyusb/src/class/cdc/cdc_device.c.obj
                0x1000671c                tud_cdc_n_read
 .text.tud_cdc_n_write_flush
                0x10006744       0xb8 CMakeFiles/drive_ea-ed.dir/home/desenvolvimento/pico/pico-sdk/lib/tinyusb/src/class/cdc/cdc_device.c.obj
                0x10006744                tud_cdc_n_write_flush
 .text.tud_cdc_n_write
                0x100067fc       0x38 CMakeFiles/drive_ea-ed.dir/home/desenvolvimento/pico/pico-sdk/lib/tinyusb/src/class/cdc/cdc_device.c.obj
                0x100067fc                tud_cdc_n_write
 .text.tud_cdc_n_write_available
                0x10006834       0x1c CMakeFiles/drive_ea-ed.dir/home/desenvolvimento/pico/pico-sdk/lib/tinyusb/src/class/cdc/cdc_device.c.obj
                0x10006834                tud_cdc_n_write_available
 .text.cdcd_init
                0x10006850       0xbc CMakeFiles/drive_ea-ed.dir/home/desenvolvimento/pico/pico-sdk/lib/tinyusb/src/class/cdc/cdc_device.c.obj
                0x10006850                cdcd_init
 .text.cdcd_reset
                0x1000690c       0x44 CMakeFiles/drive_ea-ed.dir/home/desenvolvimento/pico/pico-sdk/lib/tinyusb/src/class/cdc/cdc_device.c.obj
                0x1000690c                cdcd_reset
 .text.cdcd_open
                0x10006950       0xc4 CMakeFiles/drive_ea-ed.dir/home/desenvolvimento/pico/pico-sdk/lib/tinyusb/src/class/cdc/cdc_device.c.obj
                0x10006950                cdcd_open
 .text.cdcd_control_xfer_cb
                0x10006a14      0x134 CMakeFiles/drive_ea-ed.dir/home/desenvolvimento/pico/pico-sdk/lib/tinyusb/src/class/cdc/cdc_device.c.obj
                0x10006a14                cdcd_control_xfer_cb
 .text.cdcd_xfer_cb
                0x10006b48      0x130 CMakeFiles/drive_ea-ed.dir/home/desenvolvimento/pico/pico-sdk/lib/tinyusb/src/class/cdc/cdc_device.c.obj
                0x10006b48                cdcd_xfer_cb
 .text.tusb_init
                0x10006c78        0xa CMakeFiles/drive_ea-ed.dir/home/desenvolvimento/pico/pico-sdk/lib/tinyusb/src/tusb.c.obj
                0x10006c78                tusb_init
 .text.tusb_inited
                0x10006c82        0xe CMakeFiles/drive_ea-ed.dir/home/desenvolvimento/pico/pico-sdk/lib/tinyusb/src/tusb.c.obj
                0x10006c82                tusb_inited
 .text.tu_edpt_claim
                0x10006c90       0x50 CMakeFiles/drive_ea-ed.dir/home/desenvolvimento/pico/pico-sdk/lib/tinyusb/src/tusb.c.obj
                0x10006c90                tu_edpt_claim
 .text.tu_edpt_release
                0x10006ce0       0x38 CMakeFiles/drive_ea-ed.dir/home/desenvolvimento/pico/pico-sdk/lib/tinyusb/src/tusb.c.obj
                0x10006ce0                tu_edpt_release
 .text.tu_edpt_validate
                0x10006d18       0x78 CMakeFiles/drive_ea-ed.dir/home/desenvolvimento/pico/pico-sdk/lib/tinyusb/src/tusb.c.obj
                0x10006d18                tu_edpt_validate
 .text.tu_edpt_bind_driver
                0x10006d90       0x26 CMakeFiles/drive_ea-ed.dir/home/desenvolvimento/pico/pico-sdk/lib/tinyusb/src/tusb.c.obj
                0x10006d90                tu_edpt_bind_driver
 .text.advance_index
                0x10006db6       0x1a CMakeFiles/drive_ea-ed.dir/home/desenvolvimento/pico/pico-sdk/lib/tinyusb/src/common/tusb_fifo.c.obj
 .text._tu_fifo_peek
                0x10006dd0       0x56 CMakeFiles/drive_ea-ed.dir/home/desenvolvimento/pico/pico-sdk/lib/tinyusb/src/common/tusb_fifo.c.obj
 .text._ff_pull_const_addr
                0x10006e26       0x4c CMakeFiles/drive_ea-ed.dir/home/desenvolvimento/pico/pico-sdk/lib/tinyusb/src/common/tusb_fifo.c.obj
 .text._ff_pull_n
                0x10006e72      0x110 CMakeFiles/drive_ea-ed.dir/home/desenvolvimento/pico/pico-sdk/lib/tinyusb/src/common/tusb_fifo.c.obj
 .text._tu_fifo_peek_n
                0x10006f82       0x6a CMakeFiles/drive_ea-ed.dir/home/desenvolvimento/pico/pico-sdk/lib/tinyusb/src/common/tusb_fifo.c.obj
 .text._tu_fifo_read_n
                0x10006fec       0x4e CMakeFiles/drive_ea-ed.dir/home/desenvolvimento/pico/pico-sdk/lib/tinyusb/src/common/tusb_fifo.c.obj
 .text._ff_push_const_addr
                0x1000703a       0x40 CMakeFiles/drive_ea-ed.dir/home/desenvolvimento/pico/pico-sdk/lib/tinyusb/src/common/tusb_fifo.c.obj
 .text._ff_push_n
                0x1000707a      0x10c CMakeFiles/drive_ea-ed.dir/home/desenvolvimento/pico/pico-sdk/lib/tinyusb/src/common/tusb_fifo.c.obj
 .text._tu_fifo_write_n
                0x10007186       0xf0 CMakeFiles/drive_ea-ed.dir/home/desenvolvimento/pico/pico-sdk/lib/tinyusb/src/common/tusb_fifo.c.obj
 .text.tu_fifo_config
                0x10007276       0x7c CMakeFiles/drive_ea-ed.dir/home/desenvolvimento/pico/pico-sdk/lib/tinyusb/src/common/tusb_fifo.c.obj
                0x10007276                tu_fifo_config
 .text.tu_fifo_count
                0x100072f2       0x2a CMakeFiles/drive_ea-ed.dir/home/desenvolvimento/pico/pico-sdk/lib/tinyusb/src/common/tusb_fifo.c.obj
                0x100072f2                tu_fifo_count
 .text.tu_fifo_empty
                0x1000731c        0xe CMakeFiles/drive_ea-ed.dir/home/desenvolvimento/pico/pico-sdk/lib/tinyusb/src/common/tusb_fifo.c.obj
                0x1000731c                tu_fifo_empty
 .text.tu_fifo_full
                0x1000732a       0x28 CMakeFiles/drive_ea-ed.dir/home/desenvolvimento/pico/pico-sdk/lib/tinyusb/src/common/tusb_fifo.c.obj
                0x1000732a                tu_fifo_full
 .text.tu_fifo_remaining
                0x10007352       0x2c CMakeFiles/drive_ea-ed.dir/home/desenvolvimento/pico/pico-sdk/lib/tinyusb/src/common/tusb_fifo.c.obj
                0x10007352                tu_fifo_remaining
 .text.tu_fifo_read
                0x1000737e       0x42 CMakeFiles/drive_ea-ed.dir/home/desenvolvimento/pico/pico-sdk/lib/tinyusb/src/common/tusb_fifo.c.obj
                0x1000737e                tu_fifo_read
 .text.tu_fifo_read_n
                0x100073c0        0xa CMakeFiles/drive_ea-ed.dir/home/desenvolvimento/pico/pico-sdk/lib/tinyusb/src/common/tusb_fifo.c.obj
                0x100073c0                tu_fifo_read_n
 .text.tu_fifo_write
                0x100073ca       0x64 CMakeFiles/drive_ea-ed.dir/home/desenvolvimento/pico/pico-sdk/lib/tinyusb/src/common/tusb_fifo.c.obj
                0x100073ca                tu_fifo_write
 .text.tu_fifo_write_n
                0x1000742e        0xa CMakeFiles/drive_ea-ed.dir/home/desenvolvimento/pico/pico-sdk/lib/tinyusb/src/common/tusb_fifo.c.obj
                0x1000742e                tu_fifo_write_n
 .text.tu_fifo_clear
                0x10007438       0x3e CMakeFiles/drive_ea-ed.dir/home/desenvolvimento/pico/pico-sdk/lib/tinyusb/src/common/tusb_fifo.c.obj
                0x10007438                tu_fifo_clear
 .text.tu_fifo_set_overwritable
                0x10007476       0x46 CMakeFiles/drive_ea-ed.dir/home/desenvolvimento/pico/pico-sdk/lib/tinyusb/src/common/tusb_fifo.c.obj
                0x10007476                tu_fifo_set_overwritable
 .text.core1_trampoline
                0x100074bc        0x2 CMakeFiles/drive_ea-ed.dir/home/desenvolvimento/pico/pico-sdk/src/rp2_common/pico_multicore/multicore.c.obj
 .text.core1_wrapper
                0x100074be        0xc CMakeFiles/drive_ea-ed.dir/home/desenvolvimento/pico/pico-sdk/src/rp2_common/pico_multicore/multicore.c.obj
                0x100074be                core1_wrapper
 .text.multicore_fifo_push_blocking
                0x100074ca       0x14 CMakeFiles/drive_ea-ed.dir/home/desenvolvimento/pico/pico-sdk/src/rp2_common/pico_multicore/multicore.c.obj
                0x100074ca                multicore_fifo_push_blocking
 .text.multicore_fifo_pop_blocking
                0x100074de       0x16 CMakeFiles/drive_ea-ed.dir/home/desenvolvimento/pico/pico-sdk/src/rp2_common/pico_multicore/multicore.c.obj
                0x100074de                multicore_fifo_pop_blocking
 .text.multicore_launch_core1_raw
                0x100074f4       0x70 CMakeFiles/drive_ea-ed.dir/home/desenvolvimento/pico/pico-sdk/src/rp2_common/pico_multicore/multicore.c.obj
                0x100074f4                multicore_launch_core1_raw
 .text.multicore_launch_core1_with_stack
                0x10007564       0x50 CMakeFiles/drive_ea-ed.dir/home/desenvolvimento/pico/pico-sdk/src/rp2_common/pico_multicore/multicore.c.obj
                0x10007564                multicore_launch_core1_with_stack
 .text.multicore_launch_core1
                0x100075b4       0x24 CMakeFiles/drive_ea-ed.dir/home/desenvolvimento/pico/pico-sdk/src/rp2_common/pico_multicore/multicore.c.obj
                0x100075b4                multicore_launch_core1
 .text          0x100075d8       0x5c /usr/lib/gcc/arm-none-eabi/12.2.1/../../../arm-none-eabi/lib/thumb/v6-m/nofp/libg.a(lib_a-strlen-stub.o)
                0x100075d8                strlen
 *(.fini)
 .fini          0x10007634        0x4 /usr/lib/gcc/arm-none-eabi/12.2.1/thumb/v6-m/nofp/crti.o
                0x10007634                _fini
 .fini.__stub   0x10007638       0xe0 linker stubs
 *crtbegin.o(.ctors)
 *crtbegin?.o(.ctors)
 *(EXCLUDE_FILE(*crtend.o *crtend?.o) .ctors)
 *(SORT_BY_NAME(.ctors.*))
 *(.ctors)
 *crtbegin.o(.dtors)
 *crtbegin?.o(.dtors)
 *(EXCLUDE_FILE(*crtend.o *crtend?.o) .dtors)
 *(SORT_BY_NAME(.dtors.*))
 *(.dtors)
 *(.eh_frame*)
 .eh_frame      0x10007718        0x0 /usr/lib/gcc/arm-none-eabi/12.2.1/thumb/v6-m/nofp/crtbegin.o
                0x10007718                        . = ALIGN (0x4)

.glue_7         0x10007718        0x0
 .glue_7        0x10007718        0x0 linker stubs

.glue_7t        0x10007718        0x0
 .glue_7t       0x10007718        0x0 linker stubs

.vfp11_veneer   0x10007718        0x0
 .vfp11_veneer  0x10007718        0x0 linker stubs

.v4_bx          0x10007718        0x0
 .v4_bx         0x10007718        0x0 linker stubs

.iplt           0x10007718        0x0
 .iplt          0x10007718        0x0 /usr/lib/gcc/arm-none-eabi/12.2.1/thumb/v6-m/nofp/crtbegin.o

.rodata         0x10007718     0x16e0
 *(EXCLUDE_FILE(*libm.a: *libc.a:*lib_a-mem*.o *libgcc.a:) .rodata*)
 .rodata.set_sys_clock_khz.str1.4
                0x10007718       0x32 CMakeFiles/drive_ea-ed.dir/main.c.obj
 *fill*         0x1000774a        0x2 
 .rodata.main.str1.4
                0x1000774c       0x17 CMakeFiles/drive_ea-ed.dir/main.c.obj
 *fill*         0x10007763        0x1 
 .rodata.spin_lock_claim_unused.str1.4
                0x10007764       0x1b CMakeFiles/drive_ea-ed.dir/home/desenvolvimento/pico/pico-sdk/src/rp2_common/hardware_sync/sync.c.obj
 *fill*         0x1000777f        0x1 
 .rodata.resolve_branch.str1.4
                0x10007780       0x5e CMakeFiles/drive_ea-ed.dir/home/desenvolvimento/pico/pico-sdk/src/rp2_common/hardware_irq/irq.c.obj
 *fill*         0x100077de        0x2 
 .rodata.make_branch.str1.4
                0x100077e0       0x30 CMakeFiles/drive_ea-ed.dir/home/desenvolvimento/pico/pico-sdk/src/rp2_common/hardware_irq/irq.c.obj
 .rodata.insert_branch_and_link.str1.4
                0x10007810       0x10 CMakeFiles/drive_ea-ed.dir/home/desenvolvimento/pico/pico-sdk/src/rp2_common/hardware_irq/irq.c.obj
 .rodata.irq_set_exclusive_handler.str1.4
                0x10007820       0x36 CMakeFiles/drive_ea-ed.dir/home/desenvolvimento/pico/pico-sdk/src/rp2_common/hardware_irq/irq.c.obj
 *fill*         0x10007856        0x2 
 .rodata.irq_add_shared_handler.str1.4
                0x10007858       0xc2 CMakeFiles/drive_ea-ed.dir/home/desenvolvimento/pico/pico-sdk/src/rp2_common/hardware_irq/irq.c.obj
 *fill*         0x1000791a        0x2 
 .rodata.irq_remove_handler.str1.4
                0x1000791c       0x3a CMakeFiles/drive_ea-ed.dir/home/desenvolvimento/pico/pico-sdk/src/rp2_common/hardware_irq/irq.c.obj
 *fill*         0x10007956        0x2 
 .rodata.irq_add_tail_to_free_list.str1.4
                0x10007958       0x3a CMakeFiles/drive_ea-ed.dir/home/desenvolvimento/pico/pico-sdk/src/rp2_common/hardware_irq/irq.c.obj
 *fill*         0x10007992        0x2 
 .rodata.user_irq_claim_unused.str1.4
                0x10007994       0x1b CMakeFiles/drive_ea-ed.dir/home/desenvolvimento/pico/pico-sdk/src/rp2_common/hardware_irq/irq.c.obj
 *fill*         0x100079af        0x1 
 .rodata.__func__.0
                0x100079b0       0x1a CMakeFiles/drive_ea-ed.dir/home/desenvolvimento/pico/pico-sdk/src/rp2_common/hardware_irq/irq.c.obj
 *fill*         0x100079ca        0x2 
 .rodata.__func__.1
                0x100079cc       0x17 CMakeFiles/drive_ea-ed.dir/home/desenvolvimento/pico/pico-sdk/src/rp2_common/hardware_irq/irq.c.obj
 *fill*         0x100079e3        0x1 
 .rodata.__func__.2
                0x100079e4       0x13 CMakeFiles/drive_ea-ed.dir/home/desenvolvimento/pico/pico-sdk/src/rp2_common/hardware_irq/irq.c.obj
 *fill*         0x100079f7        0x1 
 .rodata.__func__.3
                0x100079f8        0xc CMakeFiles/drive_ea-ed.dir/home/desenvolvimento/pico/pico-sdk/src/rp2_common/hardware_irq/irq.c.obj
 .rodata.__func__.4
                0x10007a04        0xf CMakeFiles/drive_ea-ed.dir/home/desenvolvimento/pico/pico-sdk/src/rp2_common/hardware_irq/irq.c.obj
 *fill*         0x10007a13        0x1 
 .rodata.__func__.5
                0x10007a14       0x17 CMakeFiles/drive_ea-ed.dir/home/desenvolvimento/pico/pico-sdk/src/rp2_common/hardware_irq/irq.c.obj
 *fill*         0x10007a2b        0x1 
 .rodata.__func__.6
                0x10007a2c       0x1a CMakeFiles/drive_ea-ed.dir/home/desenvolvimento/pico/pico-sdk/src/rp2_common/hardware_irq/irq.c.obj
 *fill*         0x10007a46        0x2 
 .rodata.update_us_since_boot.str1.4
                0x10007a48       0x6a CMakeFiles/drive_ea-ed.dir/home/desenvolvimento/pico/pico-sdk/src/common/pico_sync/mutex.c.obj
 *fill*         0x10007ab2        0x2 
 .rodata.str1.4
                0x10007ab4       0x95 CMakeFiles/drive_ea-ed.dir/home/desenvolvimento/pico/pico-sdk/src/common/pico_sync/mutex.c.obj
 *fill*         0x10007b49        0x3 
 .rodata.__func__.1
                0x10007b4c        0xb CMakeFiles/drive_ea-ed.dir/home/desenvolvimento/pico/pico-sdk/src/common/pico_sync/mutex.c.obj
 *fill*         0x10007b57        0x1 
 .rodata.__func__.3
                0x10007b58       0x18 CMakeFiles/drive_ea-ed.dir/home/desenvolvimento/pico/pico-sdk/src/common/pico_sync/mutex.c.obj
 .rodata.__func__.4
                0x10007b70       0x15 CMakeFiles/drive_ea-ed.dir/home/desenvolvimento/pico/pico-sdk/src/common/pico_sync/mutex.c.obj
 *fill*         0x10007b85        0x3 
 .rodata.get_entry.str1.4
                0x10007b88       0x64 CMakeFiles/drive_ea-ed.dir/home/desenvolvimento/pico/pico-sdk/src/common/pico_time/time.c.obj
 .rodata.update_us_since_boot.str1.4
                0x10007bec       0x6a CMakeFiles/drive_ea-ed.dir/home/desenvolvimento/pico/pico-sdk/src/common/pico_time/time.c.obj
 .rodata.ph_get_node.str1.4
                0x10007bec       0x6f CMakeFiles/drive_ea-ed.dir/home/desenvolvimento/pico/pico-sdk/src/common/pico_time/time.c.obj
 *fill*         0x10007c5b        0x1 
 .rodata.ph_add_child_node.str1.4
                0x10007c5c       0x2e CMakeFiles/drive_ea-ed.dir/home/desenvolvimento/pico/pico-sdk/src/common/pico_time/time.c.obj
 *fill*         0x10007c8a        0x2 
 .rodata.ph_insert_node.str1.4
                0x10007c8c        0x3 CMakeFiles/drive_ea-ed.dir/home/desenvolvimento/pico/pico-sdk/src/common/pico_time/time.c.obj
 *fill*         0x10007c8f        0x1 
 .rodata.ph_free_node.str1.4
                0x10007c90       0x38 CMakeFiles/drive_ea-ed.dir/home/desenvolvimento/pico/pico-sdk/src/common/pico_time/time.c.obj
 .rodata.add_alarm_under_lock.str1.4
                0x10007cc8       0x28 CMakeFiles/drive_ea-ed.dir/home/desenvolvimento/pico/pico-sdk/src/common/pico_time/time.c.obj
 .rodata.alarm_pool_alarm_callback.str1.4
                0x10007cf0       0x60 CMakeFiles/drive_ea-ed.dir/home/desenvolvimento/pico/pico-sdk/src/common/pico_time/time.c.obj
 .rodata.alarm_pool_get_default.str1.4
                0x10007d50       0x21 CMakeFiles/drive_ea-ed.dir/home/desenvolvimento/pico/pico-sdk/src/common/pico_time/time.c.obj
 *fill*         0x10007d71        0x3 
 .rodata.alarm_pool_cancel_alarm.str1.4
                0x10007d74       0x27 CMakeFiles/drive_ea-ed.dir/home/desenvolvimento/pico/pico-sdk/src/common/pico_time/time.c.obj
 *fill*         0x10007d9b        0x1 
 .rodata.sleep_until.str1.4
                0x10007d9c       0x4d CMakeFiles/drive_ea-ed.dir/home/desenvolvimento/pico/pico-sdk/src/common/pico_time/time.c.obj
 *fill*         0x10007de9        0x3 
 .rodata.__func__.1
                0x10007dec       0x18 CMakeFiles/drive_ea-ed.dir/home/desenvolvimento/pico/pico-sdk/src/common/pico_time/time.c.obj
 .rodata.__func__.3
                0x10007e04       0x17 CMakeFiles/drive_ea-ed.dir/home/desenvolvimento/pico/pico-sdk/src/common/pico_time/time.c.obj
 *fill*         0x10007e1b        0x1 
 .rodata.__func__.4
                0x10007e1c       0x12 CMakeFiles/drive_ea-ed.dir/home/desenvolvimento/pico/pico-sdk/src/common/pico_time/time.c.obj
 *fill*         0x10007e2e        0x2 
 .rodata.__func__.5
                0x10007e30        0xd CMakeFiles/drive_ea-ed.dir/home/desenvolvimento/pico/pico-sdk/src/common/pico_time/time.c.obj
 *fill*         0x10007e3d        0x3 
 .rodata.__func__.6
                0x10007e40       0x12 CMakeFiles/drive_ea-ed.dir/home/desenvolvimento/pico/pico-sdk/src/common/pico_time/time.c.obj
 *fill*         0x10007e52        0x2 
 .rodata.__func__.7
                0x10007e54        0xf CMakeFiles/drive_ea-ed.dir/home/desenvolvimento/pico/pico-sdk/src/common/pico_time/time.c.obj
 *fill*         0x10007e63        0x1 
 .rodata.__func__.8
                0x10007e64        0xc CMakeFiles/drive_ea-ed.dir/home/desenvolvimento/pico/pico-sdk/src/common/pico_time/time.c.obj
 .rodata.__func__.9
                0x10007e70       0x15 CMakeFiles/drive_ea-ed.dir/home/desenvolvimento/pico/pico-sdk/src/common/pico_time/time.c.obj
 *fill*         0x10007e85        0x3 
 .rodata.__func__.10
                0x10007e88       0x15 CMakeFiles/drive_ea-ed.dir/home/desenvolvimento/pico/pico-sdk/src/common/pico_time/time.c.obj
 *fill*         0x10007e9d        0x3 
 .rodata.__func__.11
                0x10007ea0       0x1a CMakeFiles/drive_ea-ed.dir/home/desenvolvimento/pico/pico-sdk/src/common/pico_time/time.c.obj
 *fill*         0x10007eba        0x2 
 .rodata.__func__.12
                0x10007ebc        0xa CMakeFiles/drive_ea-ed.dir/home/desenvolvimento/pico/pico-sdk/src/common/pico_time/time.c.obj
 .rodata.update_us_since_boot.str1.4
                0x10007ec6       0x6a CMakeFiles/drive_ea-ed.dir/home/desenvolvimento/pico/pico-sdk/src/rp2_common/hardware_timer/timer.c.obj
 *fill*         0x10007ec6        0x2 
 .rodata.hardware_alarm_claim.str1.4
                0x10007ec8       0x22 CMakeFiles/drive_ea-ed.dir/home/desenvolvimento/pico/pico-sdk/src/rp2_common/hardware_timer/timer.c.obj
 *fill*         0x10007eea        0x2 
 .rodata.hardware_alarm_set_target.str1.4
                0x10007eec       0x6e CMakeFiles/drive_ea-ed.dir/home/desenvolvimento/pico/pico-sdk/src/rp2_common/hardware_timer/timer.c.obj
 *fill*         0x10007f5a        0x2 
 .rodata.__func__.0
                0x10007f5c       0x1a CMakeFiles/drive_ea-ed.dir/home/desenvolvimento/pico/pico-sdk/src/rp2_common/hardware_timer/timer.c.obj
 *fill*         0x10007f76        0x2 
 .rodata.__func__.1
                0x10007f78       0x15 CMakeFiles/drive_ea-ed.dir/home/desenvolvimento/pico/pico-sdk/src/rp2_common/hardware_timer/timer.c.obj
 .rodata.ph_get_node.str1.4
                0x10007f8d       0x6f CMakeFiles/drive_ea-ed.dir/home/desenvolvimento/pico/pico-sdk/src/common/pico_util/pheap.c.obj
 .rodata.ph_add_child_node.str1.4
                0x10007f8d       0x2e CMakeFiles/drive_ea-ed.dir/home/desenvolvimento/pico/pico-sdk/src/common/pico_util/pheap.c.obj
 *fill*         0x10007f8d        0x3 
 .rodata.ph_remove_any_head.str1.4
                0x10007f90       0x98 CMakeFiles/drive_ea-ed.dir/home/desenvolvimento/pico/pico-sdk/src/common/pico_util/pheap.c.obj
                                 0xac (size before relaxing)
 .rodata.ph_remove_and_free_node.str1.4
                0x10008028       0x1e CMakeFiles/drive_ea-ed.dir/home/desenvolvimento/pico/pico-sdk/src/common/pico_util/pheap.c.obj
                                 0x26 (size before relaxing)
 *fill*         0x10008046        0x2 
 .rodata.__func__.0
                0x10008048       0x18 CMakeFiles/drive_ea-ed.dir/home/desenvolvimento/pico/pico-sdk/src/common/pico_util/pheap.c.obj
 .rodata.__func__.1
                0x10008060       0x13 CMakeFiles/drive_ea-ed.dir/home/desenvolvimento/pico/pico-sdk/src/common/pico_util/pheap.c.obj
 *fill*         0x10008073        0x1 
 .rodata.__func__.2
                0x10008074       0x12 CMakeFiles/drive_ea-ed.dir/home/desenvolvimento/pico/pico-sdk/src/common/pico_util/pheap.c.obj
 *fill*         0x10008086        0x2 
 .rodata.__func__.3
                0x10008088        0xc CMakeFiles/drive_ea-ed.dir/home/desenvolvimento/pico/pico-sdk/src/common/pico_util/pheap.c.obj
 .rodata.clock_configure.str1.4
                0x10008094       0x60 CMakeFiles/drive_ea-ed.dir/home/desenvolvimento/pico/pico-sdk/src/rp2_common/hardware_clocks/clocks.c.obj
 .rodata.__func__.1
                0x100080f4       0x10 CMakeFiles/drive_ea-ed.dir/home/desenvolvimento/pico/pico-sdk/src/rp2_common/hardware_clocks/clocks.c.obj
 .rodata.pll_init.str1.4
                0x10008104      0x12c CMakeFiles/drive_ea-ed.dir/home/desenvolvimento/pico/pico-sdk/src/rp2_common/hardware_pll/pll.c.obj
 .rodata.__func__.0
                0x10008230        0x9 CMakeFiles/drive_ea-ed.dir/home/desenvolvimento/pico/pico-sdk/src/rp2_common/hardware_pll/pll.c.obj
 *fill*         0x10008239        0x3 
 .rodata.__assert_func.str1.4
                0x1000823c       0x3f CMakeFiles/drive_ea-ed.dir/home/desenvolvimento/pico/pico-sdk/src/rp2_common/pico_runtime/runtime.c.obj
                                 0x43 (size before relaxing)
 *fill*         0x1000827b        0x1 
 .rodata.runtime_init.str1.4
                0x1000827c       0x6a CMakeFiles/drive_ea-ed.dir/home/desenvolvimento/pico/pico-sdk/src/rp2_common/pico_runtime/runtime.c.obj
 *fill*         0x100082e6        0x2 
 .rodata.panic.str1.4
                0x100082e8       0x12 CMakeFiles/drive_ea-ed.dir/home/desenvolvimento/pico/pico-sdk/src/rp2_common/pico_runtime/runtime.c.obj
 *fill*         0x100082fa        0x2 
 .rodata.__func__.2
                0x100082fc        0xd CMakeFiles/drive_ea-ed.dir/home/desenvolvimento/pico/pico-sdk/src/rp2_common/pico_runtime/runtime.c.obj
 *fill*         0x10008309        0x3 
 .rodata._ftoa.str1.4
                0x1000830c       0x15 CMakeFiles/drive_ea-ed.dir/home/desenvolvimento/pico/pico-sdk/src/rp2_common/pico_printf/printf.c.obj
 *fill*         0x10008321        0x3 
 .rodata._vsnprintf
                0x10008324      0x19c CMakeFiles/drive_ea-ed.dir/home/desenvolvimento/pico/pico-sdk/src/rp2_common/pico_printf/printf.c.obj
 .rodata.pow10.0
                0x100084c0       0x50 CMakeFiles/drive_ea-ed.dir/home/desenvolvimento/pico/pico-sdk/src/rp2_common/pico_printf/printf.c.obj
 .rodata.__aeabi_double_init.str1.4
                0x10008510       0xa5 CMakeFiles/drive_ea-ed.dir/home/desenvolvimento/pico/pico-sdk/src/rp2_common/pico_double/double_init_rom.c.obj
 *fill*         0x100085b5        0x3 
 .rodata.__func__.0
                0x100085b8       0x14 CMakeFiles/drive_ea-ed.dir/home/desenvolvimento/pico/pico-sdk/src/rp2_common/pico_double/double_init_rom.c.obj
 .rodata.__aeabi_float_init.str1.4
                0x100085cc       0x83 CMakeFiles/drive_ea-ed.dir/home/desenvolvimento/pico/pico-sdk/src/rp2_common/pico_float/float_init_rom.c.obj
                                 0x87 (size before relaxing)
 *fill*         0x1000864f        0x1 
 .rodata.__func__.0
                0x10008650       0x13 CMakeFiles/drive_ea-ed.dir/home/desenvolvimento/pico/pico-sdk/src/rp2_common/pico_float/float_init_rom.c.obj
 *fill*         0x10008663        0x1 
 .rodata.str1.4
                0x10008664       0x40 CMakeFiles/drive_ea-ed.dir/home/desenvolvimento/pico/pico-sdk/src/rp2_common/pico_standard_link/binary_info.c.obj
 .rodata.__bi_81
                0x100086a4        0xc CMakeFiles/drive_ea-ed.dir/home/desenvolvimento/pico/pico-sdk/src/rp2_common/pico_standard_link/binary_info.c.obj
 .rodata.__bi_75
                0x100086b0        0xc CMakeFiles/drive_ea-ed.dir/home/desenvolvimento/pico/pico-sdk/src/rp2_common/pico_standard_link/binary_info.c.obj
 .rodata.__bi_44
                0x100086bc        0xc CMakeFiles/drive_ea-ed.dir/home/desenvolvimento/pico/pico-sdk/src/rp2_common/pico_standard_link/binary_info.c.obj
 .rodata.update_us_since_boot.str1.4
                0x100086c8       0x6a CMakeFiles/drive_ea-ed.dir/home/desenvolvimento/pico/pico-sdk/src/rp2_common/pico_stdio/stdio.c.obj
 .rodata.crlf_str.2
                0x100086c8        0x2 CMakeFiles/drive_ea-ed.dir/home/desenvolvimento/pico/pico-sdk/src/rp2_common/pico_stdio/stdio.c.obj
 *fill*         0x100086ca        0x2 
 .rodata.__func__.3
                0x100086cc       0x15 CMakeFiles/drive_ea-ed.dir/home/desenvolvimento/pico/pico-sdk/src/rp2_common/pico_stdio/stdio.c.obj
 *fill*         0x100086e1        0x3 
 .rodata.str1.4
                0x100086e4       0x2c CMakeFiles/drive_ea-ed.dir/home/desenvolvimento/pico/pico-sdk/src/rp2_common/pico_stdio_uart/stdio_uart.c.obj
 .rodata.__bi_33.4
                0x10008710        0xc CMakeFiles/drive_ea-ed.dir/home/desenvolvimento/pico/pico-sdk/src/rp2_common/pico_stdio_uart/stdio_uart.c.obj
 .rodata.__bi_34.5
                0x1000871c        0x8 CMakeFiles/drive_ea-ed.dir/home/desenvolvimento/pico/pico-sdk/src/rp2_common/pico_stdio_uart/stdio_uart.c.obj
 .rodata._resetd_driver
                0x10008724       0x18 CMakeFiles/drive_ea-ed.dir/home/desenvolvimento/pico/pico-sdk/src/rp2_common/pico_stdio_usb/reset_interface.c.obj
 .rodata.update_us_since_boot.str1.4
                0x1000873c       0x6a CMakeFiles/drive_ea-ed.dir/home/desenvolvimento/pico/pico-sdk/src/rp2_common/pico_stdio_usb/stdio_usb.c.obj
 .rodata.stdio_usb_init.str1.4
                0x1000873c       0x4e CMakeFiles/drive_ea-ed.dir/home/desenvolvimento/pico/pico-sdk/src/rp2_common/pico_stdio_usb/stdio_usb.c.obj
                                 0x56 (size before relaxing)
 *fill*         0x1000878a        0x2 
 .rodata.str1.4
                0x1000878c       0x13 CMakeFiles/drive_ea-ed.dir/home/desenvolvimento/pico/pico-sdk/src/rp2_common/pico_stdio_usb/stdio_usb.c.obj
 *fill*         0x1000879f        0x1 
 .rodata.__bi_182.0
                0x100087a0        0xc CMakeFiles/drive_ea-ed.dir/home/desenvolvimento/pico/pico-sdk/src/rp2_common/pico_stdio_usb/stdio_usb.c.obj
 .rodata.__func__.1
                0x100087ac        0xf CMakeFiles/drive_ea-ed.dir/home/desenvolvimento/pico/pico-sdk/src/rp2_common/pico_stdio_usb/stdio_usb.c.obj
 *fill*         0x100087bb        0x1 
 .rodata.__func__.3
                0x100087bc       0x15 CMakeFiles/drive_ea-ed.dir/home/desenvolvimento/pico/pico-sdk/src/rp2_common/pico_stdio_usb/stdio_usb.c.obj
 *fill*         0x100087d1        0x3 
 .rodata.str1.4
                0x100087d4       0x2a CMakeFiles/drive_ea-ed.dir/home/desenvolvimento/pico/pico-sdk/src/rp2_common/pico_stdio_usb/stdio_usb_descriptors.c.obj
 *fill*         0x100087fe        0x2 
 .rodata.usbd_desc_str
                0x10008800       0x18 CMakeFiles/drive_ea-ed.dir/home/desenvolvimento/pico/pico-sdk/src/rp2_common/pico_stdio_usb/stdio_usb_descriptors.c.obj
 .rodata.usbd_desc_cfg
                0x10008818       0x54 CMakeFiles/drive_ea-ed.dir/home/desenvolvimento/pico/pico-sdk/src/rp2_common/pico_stdio_usb/stdio_usb_descriptors.c.obj
 .rodata.usbd_desc_device
                0x1000886c       0x12 CMakeFiles/drive_ea-ed.dir/home/desenvolvimento/pico/pico-sdk/src/rp2_common/pico_stdio_usb/stdio_usb_descriptors.c.obj
 *fill*         0x1000887e        0x2 
 .rodata.pico_get_unique_board_id_string.str1.4
                0x10008880       0x56 CMakeFiles/drive_ea-ed.dir/home/desenvolvimento/pico/pico-sdk/src/rp2_common/pico_unique_id/unique_id.c.obj
 *fill*         0x100088d6        0x2 
 .rodata.__func__.0
                0x100088d8       0x20 CMakeFiles/drive_ea-ed.dir/home/desenvolvimento/pico/pico-sdk/src/rp2_common/pico_unique_id/unique_id.c.obj
 .rodata.str1.4
                0x100088f8      0x162 CMakeFiles/drive_ea-ed.dir/home/desenvolvimento/pico/pico-sdk/src/rp2_common/hardware_flash/flash.c.obj
 *fill*         0x10008a5a        0x2 
 .rodata.__func__.0
                0x10008a5c        0xd CMakeFiles/drive_ea-ed.dir/home/desenvolvimento/pico/pico-sdk/src/rp2_common/hardware_flash/flash.c.obj
 *fill*         0x10008a69        0x3 
 .rodata._hw_endpoint_alloc.str1.4
                0x10008a6c       0xc1 CMakeFiles/drive_ea-ed.dir/home/desenvolvimento/pico/pico-sdk/lib/tinyusb/src/portable/raspberrypi/rp2040/dcd_rp2040.c.obj
 *fill*         0x10008b2d        0x3 
 .rodata.str1.4
                0x10008b30       0x14 CMakeFiles/drive_ea-ed.dir/home/desenvolvimento/pico/pico-sdk/lib/tinyusb/src/portable/raspberrypi/rp2040/dcd_rp2040.c.obj
 .rodata.dcd_int_enable.str1.4
                0x10008b44        0xc CMakeFiles/drive_ea-ed.dir/home/desenvolvimento/pico/pico-sdk/lib/tinyusb/src/portable/raspberrypi/rp2040/dcd_rp2040.c.obj
 .rodata.__func__.0
                0x10008b50        0xe CMakeFiles/drive_ea-ed.dir/home/desenvolvimento/pico/pico-sdk/lib/tinyusb/src/portable/raspberrypi/rp2040/dcd_rp2040.c.obj
 *fill*         0x10008b5e        0x2 
 .rodata.__func__.1
                0x10008b60        0xe CMakeFiles/drive_ea-ed.dir/home/desenvolvimento/pico/pico-sdk/lib/tinyusb/src/portable/raspberrypi/rp2040/dcd_rp2040.c.obj
 *fill*         0x10008b6e        0x2 
 .rodata.__func__.3
                0x10008b70       0x10 CMakeFiles/drive_ea-ed.dir/home/desenvolvimento/pico/pico-sdk/lib/tinyusb/src/portable/raspberrypi/rp2040/dcd_rp2040.c.obj
 .rodata.__func__.5
                0x10008b80        0xf CMakeFiles/drive_ea-ed.dir/home/desenvolvimento/pico/pico-sdk/lib/tinyusb/src/portable/raspberrypi/rp2040/dcd_rp2040.c.obj
 *fill*         0x10008b8f        0x1 
 .rodata.__func__.6
                0x10008b90       0x13 CMakeFiles/drive_ea-ed.dir/home/desenvolvimento/pico/pico-sdk/lib/tinyusb/src/portable/raspberrypi/rp2040/dcd_rp2040.c.obj
 *fill*         0x10008ba3        0x1 
 .rodata.__func__.7
                0x10008ba4        0x9 CMakeFiles/drive_ea-ed.dir/home/desenvolvimento/pico/pico-sdk/lib/tinyusb/src/portable/raspberrypi/rp2040/dcd_rp2040.c.obj
 *fill*         0x10008bad        0x3 
 .rodata.str1.4
                0x10008bb0       0xe9 CMakeFiles/drive_ea-ed.dir/home/desenvolvimento/pico/pico-sdk/lib/tinyusb/src/portable/raspberrypi/rp2040/rp2040_usb.c.obj
                                 0xf3 (size before relaxing)
 *fill*         0x10008c99        0x3 
 .rodata.__func__.0
                0x10008c9c        0xf CMakeFiles/drive_ea-ed.dir/home/desenvolvimento/pico/pico-sdk/lib/tinyusb/src/portable/raspberrypi/rp2040/rp2040_usb.c.obj
 *fill*         0x10008cab        0x1 
 .rodata.process_get_descriptor
                0x10008cac       0x40 CMakeFiles/drive_ea-ed.dir/home/desenvolvimento/pico/pico-sdk/lib/tinyusb/src/device/usbd.c.obj
 .rodata.process_control_request
                0x10008cec       0x28 CMakeFiles/drive_ea-ed.dir/home/desenvolvimento/pico/pico-sdk/lib/tinyusb/src/device/usbd.c.obj
 .rodata.tud_task_ext
                0x10008d14       0x24 CMakeFiles/drive_ea-ed.dir/home/desenvolvimento/pico/pico-sdk/lib/tinyusb/src/device/usbd.c.obj
 .rodata._usbd_driver
                0x10008d38       0x18 CMakeFiles/drive_ea-ed.dir/home/desenvolvimento/pico/pico-sdk/lib/tinyusb/src/device/usbd.c.obj
 .rodata.multicore_lockout_start_block_until.str1.4
                0x10008d50       0x66 CMakeFiles/drive_ea-ed.dir/home/desenvolvimento/pico/pico-sdk/src/rp2_common/pico_multicore/multicore.c.obj
 *fill*         0x10008db6        0x2 
 .rodata.multicore_launch_core1_with_stack.str1.4
                0x10008db8       0x19 CMakeFiles/drive_ea-ed.dir/home/desenvolvimento/pico/pico-sdk/src/rp2_common/pico_multicore/multicore.c.obj
 *fill*         0x10008dd1        0x3 
 .rodata.__func__.2
                0x10008dd4       0x22 CMakeFiles/drive_ea-ed.dir/home/desenvolvimento/pico/pico-sdk/src/rp2_common/pico_multicore/multicore.c.obj
                0x10008df8                        . = ALIGN (0x4)
 *fill*         0x10008df6        0x2 