Archive member included to satisfy reference by file (symbol)

/usr/lib/gcc/arm-none-eabi/12.2.1/thumb/v6-m/nofp/libgcc.a(_dvmd_tls.o)
                              CMakeFiles/drive_ea-ed.dir/home/desenvolvimento/pico/pico-sdk/src/rp2_common/pico_divider/divider.S.obj (__aeabi_idiv0)
/usr/lib/gcc/arm-none-eabi/12.2.1/../../../arm-none-eabi/lib/thumb/v6-m/nofp/libg.a(lib_a-atexit.o)
                              /usr/lib/gcc/arm-none-eabi/12.2.1/../../../arm-none-eabi/lib/thumb/v6-m/nofp/crt0.o (atexit)
/usr/lib/gcc/arm-none-eabi/12.2.1/../../../arm-none-eabi/lib/thumb/v6-m/nofp/libg.a(lib_a-calloc.o)
                              CMakeFiles/drive_ea-ed.dir/home/desenvolvimento/pico/pico-sdk/src/rp2_common/pico_malloc/pico_malloc.c.obj (calloc)
/usr/lib/gcc/arm-none-eabi/12.2.1/../../../arm-none-eabi/lib/thumb/v6-m/nofp/libg.a(lib_a-callocr.o)
                              /usr/lib/gcc/arm-none-eabi/12.2.1/../../../arm-none-eabi/lib/thumb/v6-m/nofp/libg.a(lib_a-calloc.o) (_calloc_r)
/usr/lib/gcc/arm-none-eabi/12.2.1/../../../arm-none-eabi/lib/thumb/v6-m/nofp/libg.a(lib_a-fini.o)
                              /usr/lib/gcc/arm-none-eabi/12.2.1/../../../arm-none-eabi/lib/thumb/v6-m/nofp/crt0.o (__libc_fini_array)
/usr/lib/gcc/arm-none-eabi/12.2.1/../../../arm-none-eabi/lib/thumb/v6-m/nofp/libg.a(lib_a-impure.o)
                              /usr/lib/gcc/arm-none-eabi/12.2.1/../../../arm-none-eabi/lib/thumb/v6-m/nofp/libg.a(lib_a-calloc.o) (_impure_ptr)
/usr/lib/gcc/arm-none-eabi/12.2.1/../../../arm-none-eabi/lib/thumb/v6-m/nofp/libg.a(lib_a-init.o)
                              /usr/lib/gcc/arm-none-eabi/12.2.1/../../../arm-none-eabi/lib/thumb/v6-m/nofp/crt0.o (__libc_init_array)
/usr/lib/gcc/arm-none-eabi/12.2.1/../../../arm-none-eabi/lib/thumb/v6-m/nofp/libg.a(lib_a-malloc.o)
                              CMakeFiles/drive_ea-ed.dir/home/desenvolvimento/pico/pico-sdk/src/rp2_common/pico_malloc/pico_malloc.c.obj (malloc)
/usr/lib/gcc/arm-none-eabi/12.2.1/../../../arm-none-eabi/lib/thumb/v6-m/nofp/libg.a(lib_a-mallocr.o)
                              /usr/lib/gcc/arm-none-eabi/12.2.1/../../../arm-none-eabi/lib/thumb/v6-m/nofp/libg.a(lib_a-callocr.o) (_malloc_r)
/usr/lib/gcc/arm-none-eabi/12.2.1/../../../arm-none-eabi/lib/thumb/v6-m/nofp/libg.a(lib_a-mlock.o)
                              /usr/lib/gcc/arm-none-eabi/12.2.1/../../../arm-none-eabi/lib/thumb/v6-m/nofp/libg.a(lib_a-mallocr.o) (__malloc_lock)
/usr/lib/gcc/arm-none-eabi/12.2.1/../../../arm-none-eabi/lib/thumb/v6-m/nofp/libg.a(lib_a-realloc.o)
                              CMakeFiles/drive_ea-ed.dir/home/desenvolvimento/pico/pico-sdk/src/rp2_common/pico_malloc/pico_malloc.c.obj (realloc)
/usr/lib/gcc/arm-none-eabi/12.2.1/../../../arm-none-eabi/lib/thumb/v6-m/nofp/libg.a(lib_a-reallocr.o)
                              /usr/lib/gcc/arm-none-eabi/12.2.1/../../../arm-none-eabi/lib/thumb/v6-m/nofp/libg.a(lib_a-realloc.o) (_realloc_r)
/usr/lib/gcc/arm-none-eabi/12.2.1/../../../arm-none-eabi/lib/thumb/v6-m/nofp/libg.a(lib_a-sbrkr.o)
                              /usr/lib/gcc/arm-none-eabi/12.2.1/../../../arm-none-eabi/lib/thumb/v6-m/nofp/libg.a(lib_a-mallocr.o) (_sbrk_r)
/usr/lib/gcc/arm-none-eabi/12.2.1/../../../arm-none-eabi/lib/thumb/v6-m/nofp/libg.a(lib_a-strlen-stub.o)
                              CMakeFiles/drive_ea-ed.dir/home/desenvolvimento/pico/pico-sdk/src/rp2_common/pico_stdio/stdio.c.obj (strlen)
/usr/lib/gcc/arm-none-eabi/12.2.1/../../../arm-none-eabi/lib/thumb/v6-m/nofp/libg.a(lib_a-__atexit.o)
                              /usr/lib/gcc/arm-none-eabi/12.2.1/../../../arm-none-eabi/lib/thumb/v6-m/nofp/libg.a(lib_a-atexit.o) (__register_exitproc)
/usr/lib/gcc/arm-none-eabi/12.2.1/../../../arm-none-eabi/lib/thumb/v6-m/nofp/libg.a(lib_a-freer.o)
                              /usr/lib/gcc/arm-none-eabi/12.2.1/../../../arm-none-eabi/lib/thumb/v6-m/nofp/libg.a(lib_a-malloc.o) (_free_r)
/usr/lib/gcc/arm-none-eabi/12.2.1/../../../arm-none-eabi/lib/thumb/v6-m/nofp/libg.a(lib_a-memmove.o)
                              /usr/lib/gcc/arm-none-eabi/12.2.1/../../../arm-none-eabi/lib/thumb/v6-m/nofp/libg.a(lib_a-reallocr.o) (memmove)
/usr/lib/gcc/arm-none-eabi/12.2.1/../../../arm-none-eabi/lib/thumb/v6-m/nofp/libg.a(lib_a-reent.o)
                              /usr/lib/gcc/arm-none-eabi/12.2.1/../../../arm-none-eabi/lib/thumb/v6-m/nofp/libg.a(lib_a-sbrkr.o) (errno)

Discarded input sections

 .text          0x00000000        0x0 /usr/lib/gcc/arm-none-eabi/12.2.1/thumb/v6-m/nofp/crti.o
 .data          0x00000000        0x0 /usr/lib/gcc/arm-none-eabi/12.2.1/thumb/v6-m/nofp/crti.o
 .bss           0x00000000        0x0 /usr/lib/gcc/arm-none-eabi/12.2.1/thumb/v6-m/nofp/crti.o
 .data          0x00000000        0x4 /usr/lib/gcc/arm-none-eabi/12.2.1/thumb/v6-m/nofp/crtbegin.o
 .rodata        0x00000000       0x24 /usr/lib/gcc/arm-none-eabi/12.2.1/thumb/v6-m/nofp/crtbegin.o
 .fini_array    0x00000000        0x4 /usr/lib/gcc/arm-none-eabi/12.2.1/thumb/v6-m/nofp/crtbegin.o
[...]
Memory Configuration

Name             Origin             Length             Attributes
FLASH            0x10000000         0x00200000         xr
RAM              0x20000000         0x00040000         xrw
SCRATCH_X        0x20040000         0x00001000         xrw
SCRATCH_Y        0x20041000         0x00001000         xrw
*default*        0x00000000         0xffffffff

Linker script and memory map

LOAD /usr/lib/gcc/arm-none-eabi/12.2.1/thumb/v6-m/nofp/crti.o
LOAD /usr/lib/gcc/arm-none-eabi/12.2.1/thumb/v6-m/nofp/crtbegin.o
LOAD /usr/lib/gcc/arm-none-eabi/12.2.1/../../../arm-none-eabi/lib/thumb/v6-m/nofp/crt0.o

.flash_begin    0x10000000        0x0
                0x10000000                        __flash_binary_start = .

.boot2          0x10000000      0x100
                0x10000000                        __boot2_start__ = .
 *(.boot2)
 .boot2         0x10000000      0x100 /tmp/cchS2O5O.o
                0x10000100                        __boot2_end__ = .
                0x00000001                        ASSERT (((__boot2_end__ - __boot2_start__) == 0x100), ERROR: Pico second stage bootloader must be 256 bytes in size)

.text           0x10000100     0x7688
                0x10000100                        __logical_binary_start = .
 *(.vectors)
 .vectors       0x10000100       0xd4 CMakeFiles/drive_ea-ed.dir/home/desenvolvimento/pico/pico-sdk/src/rp2_common/pico_standard_link/crt0.S.obj
                0x10000100                __vectors
                0x10000100                __VECTOR_TABLE
                0x100001c0                isr_invalid
                0x100001c0                __default_isrs_start
                0x100001c2                isr_nmi
                0x100001c4                isr_hardfault
                0x100001c6                isr_svcall
                0x100001c8                isr_pendsv
                0x100001ca                isr_systick
                0x100001cc                isr_irq30
                0x100001cc                __unhandled_user_irq
                0x100001cc                isr_irq13
                0x100001cc                isr_irq27
                0x100001cc                isr_irq31
                0x100001cc                isr_irq5
                0x100001cc                isr_irq11
                0x100001cc                isr_irq23
                0x100001cc                isr_irq18
                0x100001cc                isr_irq28
                0x100001cc                isr_irq19
                0x100001cc                isr_irq0
                0x100001cc                isr_irq6
                0x100001cc                isr_irq22
                0x100001cc                isr_irq17
                0x100001cc                isr_irq14
                0x100001cc                isr_irq2
                0x100001cc                isr_irq10
                0x100001cc                isr_irq8
                0x100001cc                isr_irq24
                0x100001cc                isr_irq1
                0x100001cc                isr_irq7
                0x100001cc                isr_irq21
                0x100001cc                isr_irq20
                0x100001cc                isr_irq15
                0x100001cc                isr_irq25
                0x100001cc                isr_irq4
                0x100001cc                isr_irq16
                0x100001cc                isr_irq29
                0x100001cc                isr_irq26
                0x100001cc                __default_isrs_end
                0x100001cc                isr_irq3
                0x100001cc                isr_irq12
                0x100001cc                isr_irq9
                0x100001d2                unhandled_user_irq_num_in_r0
 *(.binary_info_header)
 .binary_info_header
                0x100001d4       0x14 CMakeFiles/drive_ea-ed.dir/home/desenvolvimento/pico/pico-sdk/src/rp2_common/pico_standard_link/crt0.S.obj
                0x100001e8                        __binary_info_header_end = .
 *(.reset)
 .reset         0x100001e8       0xa0 CMakeFiles/drive_ea-ed.dir/home/desenvolvimento/pico/pico-sdk/src/rp2_common/pico_standard_link/crt0.S.obj
                0x100001e8                _entry_point
 .reset         0x10000288       0x30 CMakeFiles/drive_ea-ed.dir/home/desenvolvimento/pico/pico-sdk/src/rp2_common/pico_standard_link/binary_info.c.obj
 *(.init)
 .init          0x100002b8        0x4 /usr/lib/gcc/arm-none-eabi/12.2.1/thumb/v6-m/nofp/crti.o
                0x100002b8                _init
 *(EXCLUDE_FILE(*libm.a: *libc.a:*lib_a-mem*.o *libgcc.a:) .text*)
 .text          0x100002bc       0x98 /usr/lib/gcc/arm-none-eabi/12.2.1/thumb/v6-m/nofp/crtbegin.o
 .text.interrupt_handler
                0x10000354        0x2 CMakeFiles/drive_ea-ed.dir/main.c.obj
                0x10000354                interrupt_handler
 *fill*         0x10000356        0x2 
 .text.rs485_communication
                0x10000358       0x30 CMakeFiles/drive_ea-ed.dir/main.c.obj
                0x10000358                rs485_communication
 .text.set_sys_clock_khz
                0x10000388       0x3c CMakeFiles/drive_ea-ed.dir/main.c.obj
 .text.limpa_buffer
                0x100003c4       0x40 CMakeFiles/drive_ea-ed.dir/main.c.obj
                0x100003c4                limpa_buffer
 .text.toggle_led
                0x10000404       0x20 CMakeFiles/drive_ea-ed.dir/main.c.obj
                0x10000404                toggle_led
 .text.toggle_led_fast
                0x10000424       0x1c CMakeFiles/drive_ea-ed.dir/main.c.obj
                0x10000424                toggle_led_fast
 .text.set_485  0x10000440       0x36 CMakeFiles/drive_ea-ed.dir/main.c.obj
                0x10000440                set_485
 *fill*         0x10000476        0x2 
 .text.core1_timer
                0x10000478       0x3c CMakeFiles/drive_ea-ed.dir/main.c.obj
                0x10000478                core1_timer
 .text.crc16_modbus
                0x100004b4       0x3c CMakeFiles/drive_ea-ed.dir/main.c.obj
                0x100004b4                crc16_modbus
 .text.set_crc16_modbus
                0x100004f0       0x30 CMakeFiles/drive_ea-ed.dir/main.c.obj
                0x100004f0                set_crc16_modbus
 .text.main     0x10000520      0x19c CMakeFiles/drive_ea-ed.dir/main.c.obj
                0x10000520                main
 .text.set_sys_clock_pll
                0x100006bc       0x78 CMakeFiles/drive_ea-ed.dir/home/desenvolvimento/pico/pico-sdk/src/rp2_common/pico_stdlib/stdlib.c.obj
                0x100006bc                set_sys_clock_pll
 .text.check_sys_clock_khz
                0x10000734       0xa4 CMakeFiles/drive_ea-ed.dir/home/desenvolvimento/pico/pico-sdk/src/rp2_common/pico_stdlib/stdlib.c.obj
                0x10000734                check_sys_clock_khz
 .text.gpio_set_function
                0x100007d8       0x30 CMakeFiles/drive_ea-ed.dir/home/desenvolvimento/pico/pico-sdk/src/rp2_common/hardware_gpio/gpio.c.obj
                0x100007d8                gpio_set_function
 .text.gpio_set_irq_callback
                0x10000808       0x48 CMakeFiles/drive_ea-ed.dir/home/desenvolvimento/pico/pico-sdk/src/rp2_common/hardware_gpio/gpio.c.obj
                0x10000808                gpio_set_irq_callback
 .text.gpio_acknowledge_irq
                0x10000850       0x18 CMakeFiles/drive_ea-ed.dir/home/desenvolvimento/pico/pico-sdk/src/rp2_common/hardware_gpio/gpio.c.obj
                0x10000850                gpio_acknowledge_irq
 .text._gpio_set_irq_enabled
                0x10000868       0x34 CMakeFiles/drive_ea-ed.dir/home/desenvolvimento/pico/pico-sdk/src/rp2_common/hardware_gpio/gpio.c.obj
 .text.gpio_set_irq_enabled
                0x1000089c       0x20 CMakeFiles/drive_ea-ed.dir/home/desenvolvimento/pico/pico-sdk/src/rp2_common/hardware_gpio/gpio.c.obj
                0x1000089c                gpio_set_irq_enabled
 .text.gpio_set_irq_enabled_with_callback
                0x100008bc       0x20 CMakeFiles/drive_ea-ed.dir/home/desenvolvimento/pico/pico-sdk/src/rp2_common/hardware_gpio/gpio.c.obj
                0x100008bc                gpio_set_irq_enabled_with_callback
 .text.gpio_default_irq_handler
                0x100008dc       0x98 CMakeFiles/drive_ea-ed.dir/home/desenvolvimento/pico/pico-sdk/src/rp2_common/hardware_gpio/gpio.c.obj
 .text.gpio_init
                0x10000974       0x16 CMakeFiles/drive_ea-ed.dir/home/desenvolvimento/pico/pico-sdk/src/rp2_common/hardware_gpio/gpio.c.obj
                0x10000974                gpio_init
 *fill*         0x1000098a        0x2 
 .text.running_on_fpga
                0x1000098c       0x14 CMakeFiles/drive_ea-ed.dir/home/desenvolvimento/pico/pico-sdk/src/rp2_common/pico_platform/platform.c.obj
                0x1000098c                running_on_fpga
 .text.hw_claim_lock
                0x100009a0       0x18 CMakeFiles/drive_ea-ed.dir/home/desenvolvimento/pico/pico-sdk/src/rp2_common/hardware_claim/claim.c.obj
                0x100009a0                hw_claim_lock
 .text.hw_claim_unlock
                0x100009b8       0x14 CMakeFiles/drive_ea-ed.dir/home/desenvolvimento/pico/pico-sdk/src/rp2_common/hardware_claim/claim.c.obj
                0x100009b8                hw_claim_unlock
 .text.hw_claim_or_assert
                0x100009cc       0x32 CMakeFiles/drive_ea-ed.dir/home/desenvolvimento/pico/pico-sdk/src/rp2_common/hardware_claim/claim.c.obj
                0x100009cc                hw_claim_or_assert
 .text.hw_claim_unused_from_range
                0x100009fe       0x50 CMakeFiles/drive_ea-ed.dir/home/desenvolvimento/pico/pico-sdk/src/rp2_common/hardware_claim/claim.c.obj
                0x100009fe                hw_claim_unused_from_range
 *fill*         0x10000a4e        0x2 
 .text.spin_locks_reset
                0x10000a50       0x20 CMakeFiles/drive_ea-ed.dir/home/desenvolvimento/pico/pico-sdk/src/rp2_common/hardware_sync/sync.c.obj
                0x10000a50                spin_locks_reset
 .text.next_striped_spin_lock_num
                0x10000a70       0x1c CMakeFiles/drive_ea-ed.dir/home/desenvolvimento/pico/pico-sdk/src/rp2_common/hardware_sync/sync.c.obj
                0x10000a70                next_striped_spin_lock_num
 .text.spin_lock_claim_unused
                0x10000a8c       0x24 CMakeFiles/drive_ea-ed.dir/home/desenvolvimento/pico/pico-sdk/src/rp2_common/hardware_sync/sync.c.obj
                0x10000a8c                spin_lock_claim_unused
 .text.set_raw_irq_handler_and_unlock
                0x10000ab0       0x28 CMakeFiles/drive_ea-ed.dir/home/desenvolvimento/pico/pico-sdk/src/rp2_common/hardware_irq/irq.c.obj
 .text.resolve_branch
                0x10000ad8       0x30 CMakeFiles/drive_ea-ed.dir/home/desenvolvimento/pico/pico-sdk/src/rp2_common/hardware_irq/irq.c.obj
 .text.make_branch
                0x10000b08       0x48 CMakeFiles/drive_ea-ed.dir/home/desenvolvimento/pico/pico-sdk/src/rp2_common/hardware_irq/irq.c.obj
 .text.insert_branch_and_link
                0x10000b50       0x40 CMakeFiles/drive_ea-ed.dir/home/desenvolvimento/pico/pico-sdk/src/rp2_common/hardware_irq/irq.c.obj
 .text.irq_is_enabled
                0x10000b90       0x18 CMakeFiles/drive_ea-ed.dir/home/desenvolvimento/pico/pico-sdk/src/rp2_common/hardware_irq/irq.c.obj
                0x10000b90                irq_is_enabled
 .text.irq_set_mask_enabled
                0x10000ba8       0x20 CMakeFiles/drive_ea-ed.dir/home/desenvolvimento/pico/pico-sdk/src/rp2_common/hardware_irq/irq.c.obj
                0x10000ba8                irq_set_mask_enabled
 .text.irq_set_enabled
                0x10000bc8        0xe CMakeFiles/drive_ea-ed.dir/home/desenvolvimento/pico/pico-sdk/src/rp2_common/hardware_irq/irq.c.obj
                0x10000bc8                irq_set_enabled
 *fill*         0x10000bd6        0x2 
 .text.irq_set_pending
                0x10000bd8       0x10 CMakeFiles/drive_ea-ed.dir/home/desenvolvimento/pico/pico-sdk/src/rp2_common/hardware_irq/irq.c.obj
                0x10000bd8                irq_set_pending
 .text.irq_get_vtable_handler
                0x10000be8       0x10 CMakeFiles/drive_ea-ed.dir/home/desenvolvimento/pico/pico-sdk/src/rp2_common/hardware_irq/irq.c.obj
                0x10000be8                irq_get_vtable_handler
 .text.irq_has_shared_handler
                0x10000bf8       0x24 CMakeFiles/drive_ea-ed.dir/home/desenvolvimento/pico/pico-sdk/src/rp2_common/hardware_irq/irq.c.obj
                0x10000bf8                irq_has_shared_handler
 .text.irq_set_exclusive_handler
                0x10000c1c       0x54 CMakeFiles/drive_ea-ed.dir/home/desenvolvimento/pico/pico-sdk/src/rp2_common/hardware_irq/irq.c.obj
                0x10000c1c                irq_set_exclusive_handler
 .text.irq_add_shared_handler
                0x10000c70      0x210 CMakeFiles/drive_ea-ed.dir/home/desenvolvimento/pico/pico-sdk/src/rp2_common/hardware_irq/irq.c.obj
                0x10000c70                irq_add_shared_handler
 .text.irq_remove_handler
                0x10000e80      0x188 CMakeFiles/drive_ea-ed.dir/home/desenvolvimento/pico/pico-sdk/src/rp2_common/hardware_irq/irq.c.obj
                0x10000e80                irq_remove_handler
 .text.irq_add_tail_to_free_list
                0x10001008       0xf0 CMakeFiles/drive_ea-ed.dir/home/desenvolvimento/pico/pico-sdk/src/rp2_common/hardware_irq/irq.c.obj
                0x10001008                irq_add_tail_to_free_list
 .text.irq_init_priorities
                0x100010f8       0x1c CMakeFiles/drive_ea-ed.dir/home/desenvolvimento/pico/pico-sdk/src/rp2_common/hardware_irq/irq.c.obj
                0x100010f8                irq_init_priorities
 .text.user_irq_claim_unused
                0x10001114       0x2c CMakeFiles/drive_ea-ed.dir/home/desenvolvimento/pico/pico-sdk/src/rp2_common/hardware_irq/irq.c.obj
                0x10001114                user_irq_claim_unused
 .text.lock_init
                0x10001140       0x10 CMakeFiles/drive_ea-ed.dir/home/desenvolvimento/pico/pico-sdk/src/common/pico_sync/lock_core.c.obj
                0x10001140                lock_init
 .text.update_us_since_boot
                0x10001150       0x24 CMakeFiles/drive_ea-ed.dir/home/desenvolvimento/pico/pico-sdk/src/common/pico_sync/mutex.c.obj
 .text.delayed_by_ms
                0x10001174       0x44 CMakeFiles/drive_ea-ed.dir/home/desenvolvimento/pico/pico-sdk/src/common/pico_sync/mutex.c.obj
 .text.get_absolute_time
                0x100011b8       0x22 CMakeFiles/drive_ea-ed.dir/home/desenvolvimento/pico/pico-sdk/src/common/pico_sync/mutex.c.obj
 .text.make_timeout_time_ms
                0x100011da       0x20 CMakeFiles/drive_ea-ed.dir/home/desenvolvimento/pico/pico-sdk/src/common/pico_sync/mutex.c.obj
 .text.mutex_init
                0x100011fa       0x1a CMakeFiles/drive_ea-ed.dir/home/desenvolvimento/pico/pico-sdk/src/common/pico_sync/mutex.c.obj
                0x100011fa                mutex_init
 .text.recursive_mutex_init
                0x10001214       0x1e CMakeFiles/drive_ea-ed.dir/home/desenvolvimento/pico/pico-sdk/src/common/pico_sync/mutex.c.obj
                0x10001214                recursive_mutex_init
 *fill*         0x10001232        0x2 
 .text.critical_section_init_with_lock_num
                0x10001234       0x14 CMakeFiles/drive_ea-ed.dir/home/desenvolvimento/pico/pico-sdk/src/common/pico_sync/critical_section.c.obj
                0x10001234                critical_section_init_with_lock_num
 .text.critical_section_init
                0x10001248       0x14 CMakeFiles/drive_ea-ed.dir/home/desenvolvimento/pico/pico-sdk/src/common/pico_sync/critical_section.c.obj
                0x10001248                critical_section_init
 .text.time_reached
                0x1000125c       0x28 CMakeFiles/drive_ea-ed.dir/home/desenvolvimento/pico/pico-sdk/src/common/pico_time/time.c.obj
 .text.get_entry
                0x10001284       0x38 CMakeFiles/drive_ea-ed.dir/home/desenvolvimento/pico/pico-sdk/src/common/pico_time/time.c.obj
 .text.timer_pool_entry_comparator
                0x100012bc       0x2e CMakeFiles/drive_ea-ed.dir/home/desenvolvimento/pico/pico-sdk/src/common/pico_time/time.c.obj
                0x100012bc                timer_pool_entry_comparator
 *fill*         0x100012ea        0x2 
 .text.update_us_since_boot
                0x100012ec       0x24 CMakeFiles/drive_ea-ed.dir/home/desenvolvimento/pico/pico-sdk/src/common/pico_time/time.c.obj
 .text.delayed_by_us
                0x10001310       0x34 CMakeFiles/drive_ea-ed.dir/home/desenvolvimento/pico/pico-sdk/src/common/pico_time/time.c.obj
 .text.ph_get_node
                0x10001344       0x30 CMakeFiles/drive_ea-ed.dir/home/desenvolvimento/pico/pico-sdk/src/common/pico_time/time.c.obj
 .text.ph_contains_node
                0x10001374       0x1e CMakeFiles/drive_ea-ed.dir/home/desenvolvimento/pico/pico-sdk/src/common/pico_time/time.c.obj
 .text.ph_new_node
                0x10001392       0x28 CMakeFiles/drive_ea-ed.dir/home/desenvolvimento/pico/pico-sdk/src/common/pico_time/time.c.obj
 *fill*         0x100013ba        0x2 
 .text.ph_add_child_node
                0x100013bc       0x6c CMakeFiles/drive_ea-ed.dir/home/desenvolvimento/pico/pico-sdk/src/common/pico_time/time.c.obj
 .text.ph_merge_nodes
                0x10001428       0x3e CMakeFiles/drive_ea-ed.dir/home/desenvolvimento/pico/pico-sdk/src/common/pico_time/time.c.obj
 *fill*         0x10001466        0x2 
 .text.ph_insert_node
                0x10001468       0x3c CMakeFiles/drive_ea-ed.dir/home/desenvolvimento/pico/pico-sdk/src/common/pico_time/time.c.obj
 .text.ph_free_node
                0x100014a4       0x5c CMakeFiles/drive_ea-ed.dir/home/desenvolvimento/pico/pico-sdk/src/common/pico_time/time.c.obj
 .text.get_entry_id_high
                0x10001500       0x30 CMakeFiles/drive_ea-ed.dir/home/desenvolvimento/pico/pico-sdk/src/common/pico_time/time.c.obj
 .text.alarm_pool_post_alloc_init
                0x10001530       0x40 CMakeFiles/drive_ea-ed.dir/home/desenvolvimento/pico/pico-sdk/src/common/pico_time/time.c.obj
 .text.sleep_until_callback
                0x10001570       0x30 CMakeFiles/drive_ea-ed.dir/home/desenvolvimento/pico/pico-sdk/src/common/pico_time/time.c.obj
 .text.get_absolute_time
                0x100015a0       0x22 CMakeFiles/drive_ea-ed.dir/home/desenvolvimento/pico/pico-sdk/src/common/pico_time/time.c.obj
 .text.make_timeout_time_us
                0x100015c2       0x24 CMakeFiles/drive_ea-ed.dir/home/desenvolvimento/pico/pico-sdk/src/common/pico_time/time.c.obj
 *fill*         0x100015e6        0x2 
 .text.add_alarm_under_lock
                0x100015e8       0x94 CMakeFiles/drive_ea-ed.dir/home/desenvolvimento/pico/pico-sdk/src/common/pico_time/time.c.obj
 .text.alarm_pool_alarm_callback
                0x1000167c      0x210 CMakeFiles/drive_ea-ed.dir/home/desenvolvimento/pico/pico-sdk/src/common/pico_time/time.c.obj
 .text.alarm_pool_init_default
                0x1000188c       0x40 CMakeFiles/drive_ea-ed.dir/home/desenvolvimento/pico/pico-sdk/src/common/pico_time/time.c.obj
                0x1000188c                alarm_pool_init_default
 .text.alarm_pool_get_default
                0x100018cc       0x2c CMakeFiles/drive_ea-ed.dir/home/desenvolvimento/pico/pico-sdk/src/common/pico_time/time.c.obj
                0x100018cc                alarm_pool_get_default
 .text.alarm_pool_add_alarm_at
                0x100018f8      0x10e CMakeFiles/drive_ea-ed.dir/home/desenvolvimento/pico/pico-sdk/src/common/pico_time/time.c.obj
                0x100018f8                alarm_pool_add_alarm_at
 .text.add_alarm_at
                0x10001a06       0x2e CMakeFiles/drive_ea-ed.dir/home/desenvolvimento/pico/pico-sdk/src/common/pico_time/time.c.obj
 .text.alarm_pool_cancel_alarm
                0x10001a34       0xa8 CMakeFiles/drive_ea-ed.dir/home/desenvolvimento/pico/pico-sdk/src/common/pico_time/time.c.obj
                0x10001a34                alarm_pool_cancel_alarm
 .text.cancel_alarm
                0x10001adc       0x10 CMakeFiles/drive_ea-ed.dir/home/desenvolvimento/pico/pico-sdk/src/common/pico_time/time.c.obj
 .text.alarm_pool_core_num
                0x10001aec        0x4 CMakeFiles/drive_ea-ed.dir/home/desenvolvimento/pico/pico-sdk/src/common/pico_time/time.c.obj
                0x10001aec                alarm_pool_core_num
 .text.sleep_until
                0x10001af0       0xb0 CMakeFiles/drive_ea-ed.dir/home/desenvolvimento/pico/pico-sdk/src/common/pico_time/time.c.obj
                0x10001af0                sleep_until
 .text.sleep_us
                0x10001ba0       0x1a CMakeFiles/drive_ea-ed.dir/home/desenvolvimento/pico/pico-sdk/src/common/pico_time/time.c.obj
                0x10001ba0                sleep_us
 .text.sleep_ms
                0x10001bba       0x14 CMakeFiles/drive_ea-ed.dir/home/desenvolvimento/pico/pico-sdk/src/common/pico_time/time.c.obj
                0x10001bba                sleep_ms
 *fill*         0x10001bce        0x2 
 .text.best_effort_wfe_or_timeout
                0x10001bd0       0x44 CMakeFiles/drive_ea-ed.dir/home/desenvolvimento/pico/pico-sdk/src/common/pico_time/time.c.obj
                0x10001bd0                best_effort_wfe_or_timeout
 .text.update_us_since_boot
                0x10001c14       0x24 CMakeFiles/drive_ea-ed.dir/home/desenvolvimento/pico/pico-sdk/src/rp2_common/hardware_timer/timer.c.obj
 .text.hardware_alarm_irq_handler
                0x10001c38       0x8c CMakeFiles/drive_ea-ed.dir/home/desenvolvimento/pico/pico-sdk/src/rp2_common/hardware_timer/timer.c.obj
 .text.hardware_alarm_claim
                0x10001cc4       0x18 CMakeFiles/drive_ea-ed.dir/home/desenvolvimento/pico/pico-sdk/src/rp2_common/hardware_timer/timer.c.obj
                0x10001cc4                hardware_alarm_claim
 .text.time_us_64
                0x10001cdc       0x18 CMakeFiles/drive_ea-ed.dir/home/desenvolvimento/pico/pico-sdk/src/rp2_common/hardware_timer/timer.c.obj
                0x10001cdc                time_us_64
 .text.busy_wait_until
                0x10001cf4       0x28 CMakeFiles/drive_ea-ed.dir/home/desenvolvimento/pico/pico-sdk/src/rp2_common/hardware_timer/timer.c.obj
                0x10001cf4                busy_wait_until
 .text.busy_wait_us
                0x10001d1c       0x3a CMakeFiles/drive_ea-ed.dir/home/desenvolvimento/pico/pico-sdk/src/rp2_common/hardware_timer/timer.c.obj
                0x10001d1c                busy_wait_us
 *fill*         0x10001d56        0x2 
 .text.hardware_alarm_set_callback
                0x10001d58       0x90 CMakeFiles/drive_ea-ed.dir/home/desenvolvimento/pico/pico-sdk/src/rp2_common/hardware_timer/timer.c.obj
                0x10001d58                hardware_alarm_set_callback
 .text.hardware_alarm_set_target
                0x10001de8       0xe8 CMakeFiles/drive_ea-ed.dir/home/desenvolvimento/pico/pico-sdk/src/rp2_common/hardware_timer/timer.c.obj
                0x10001de8                hardware_alarm_set_target
 .text.hardware_alarm_cancel
                0x10001ed0       0x40 CMakeFiles/drive_ea-ed.dir/home/desenvolvimento/pico/pico-sdk/src/rp2_common/hardware_timer/timer.c.obj
                0x10001ed0                hardware_alarm_cancel
 .text.ph_get_node
                0x10001f10       0x30 CMakeFiles/drive_ea-ed.dir/home/desenvolvimento/pico/pico-sdk/src/common/pico_util/pheap.c.obj
 .text.ph_add_child_node
                0x10001f40       0x6c CMakeFiles/drive_ea-ed.dir/home/desenvolvimento/pico/pico-sdk/src/common/pico_util/pheap.c.obj
 .text.ph_merge_nodes
                0x10001fac       0x3e CMakeFiles/drive_ea-ed.dir/home/desenvolvimento/pico/pico-sdk/src/common/pico_util/pheap.c.obj
 .text.ph_clear
                0x10001fea       0x34 CMakeFiles/drive_ea-ed.dir/home/desenvolvimento/pico/pico-sdk/src/common/pico_util/pheap.c.obj
                0x10001fea                ph_clear
 .text.ph_post_alloc_init
                0x1000201e        0xe CMakeFiles/drive_ea-ed.dir/home/desenvolvimento/pico/pico-sdk/src/common/pico_util/pheap.c.obj
                0x1000201e                ph_post_alloc_init
 .text.ph_merge_two_pass
                0x1000202c       0x5c CMakeFiles/drive_ea-ed.dir/home/desenvolvimento/pico/pico-sdk/src/common/pico_util/pheap.c.obj
                0x1000202c                ph_merge_two_pass
 .text.ph_remove_any_head
                0x10002088       0xc0 CMakeFiles/drive_ea-ed.dir/home/desenvolvimento/pico/pico-sdk/src/common/pico_util/pheap.c.obj
 .text.ph_remove_head
                0x10002148       0x14 CMakeFiles/drive_ea-ed.dir/home/desenvolvimento/pico/pico-sdk/src/common/pico_util/pheap.c.obj
                0x10002148                ph_remove_head
 .text.ph_remove_and_free_node
                0x1000215c       0xa0 CMakeFiles/drive_ea-ed.dir/home/desenvolvimento/pico/pico-sdk/src/common/pico_util/pheap.c.obj
                0x1000215c                ph_remove_and_free_node
 .text.uart_disable_before_lcr_write
                0x100021fc       0x48 CMakeFiles/drive_ea-ed.dir/home/desenvolvimento/pico/pico-sdk/src/rp2_common/hardware_uart/uart.c.obj
 .text.uart_write_lcr_bits_masked
                0x10002244       0x22 CMakeFiles/drive_ea-ed.dir/home/desenvolvimento/pico/pico-sdk/src/rp2_common/hardware_uart/uart.c.obj
 *fill*         0x10002266        0x2 
 .text.uart_set_baudrate
                0x10002268       0x5c CMakeFiles/drive_ea-ed.dir/home/desenvolvimento/pico/pico-sdk/src/rp2_common/hardware_uart/uart.c.obj
                0x10002268                uart_set_baudrate
 .text.uart_set_format
                0x100022c4       0x2c CMakeFiles/drive_ea-ed.dir/home/desenvolvimento/pico/pico-sdk/src/rp2_common/hardware_uart/uart.c.obj
                0x100022c4                uart_set_format
 .text.uart_set_translate_crlf
                0x100022f0       0x28 CMakeFiles/drive_ea-ed.dir/home/desenvolvimento/pico/pico-sdk/src/rp2_common/hardware_uart/uart.c.obj
                0x100022f0                uart_set_translate_crlf
 .text.uart_init
                0x10002318       0x80 CMakeFiles/drive_ea-ed.dir/home/desenvolvimento/pico/pico-sdk/src/rp2_common/hardware_uart/uart.c.obj
                0x10002318                uart_init
 .text.clock_configure
                0x10002398      0x108 CMakeFiles/drive_ea-ed.dir/home/desenvolvimento/pico/pico-sdk/src/rp2_common/hardware_clocks/clocks.c.obj
                0x10002398                clock_configure
 .text.clocks_init
                0x100024a0      0x100 CMakeFiles/drive_ea-ed.dir/home/desenvolvimento/pico/pico-sdk/src/rp2_common/hardware_clocks/clocks.c.obj
                0x100024a0                clocks_init
 .text.clock_get_hz
                0x100025a0        0xc CMakeFiles/drive_ea-ed.dir/home/desenvolvimento/pico/pico-sdk/src/rp2_common/hardware_clocks/clocks.c.obj
                0x100025a0                clock_get_hz
 .text.pll_init
                0x100025ac      0x120 CMakeFiles/drive_ea-ed.dir/home/desenvolvimento/pico/pico-sdk/src/rp2_common/hardware_pll/pll.c.obj
                0x100025ac                pll_init
 .text.watchdog_start_tick
                0x100026cc       0x10 CMakeFiles/drive_ea-ed.dir/home/desenvolvimento/pico/pico-sdk/src/rp2_common/hardware_watchdog/watchdog.c.obj
                0x100026cc                watchdog_start_tick
 .text.watchdog_update
                0x100026dc       0x14 CMakeFiles/drive_ea-ed.dir/home/desenvolvimento/pico/pico-sdk/src/rp2_common/hardware_watchdog/watchdog.c.obj
                0x100026dc                watchdog_update
 .text._watchdog_enable
                0x100026f0       0x78 CMakeFiles/drive_ea-ed.dir/home/desenvolvimento/pico/pico-sdk/src/rp2_common/hardware_watchdog/watchdog.c.obj
                0x100026f0                _watchdog_enable
 .text.watchdog_reboot
                0x10002768       0x48 CMakeFiles/drive_ea-ed.dir/home/desenvolvimento/pico/pico-sdk/src/rp2_common/hardware_watchdog/watchdog.c.obj
                0x10002768                watchdog_reboot
 .text.xosc_init
                0x100027b0       0x28 CMakeFiles/drive_ea-ed.dir/home/desenvolvimento/pico/pico-sdk/src/rp2_common/hardware_xosc/xosc.c.obj
                0x100027b0                xosc_init
 .text._exit    0x100027d8        0x4 CMakeFiles/drive_ea-ed.dir/home/desenvolvimento/pico/pico-sdk/src/rp2_common/pico_runtime/runtime.c.obj
                0x100027d8                _exit
 .text.exit     0x100027dc        0x6 CMakeFiles/drive_ea-ed.dir/home/desenvolvimento/pico/pico-sdk/src/rp2_common/pico_runtime/runtime.c.obj
                0x100027dc                exit
 *fill*         0x100027e2        0x2 
 .text.__assert_func
                0x100027e4       0x38 CMakeFiles/drive_ea-ed.dir/home/desenvolvimento/pico/pico-sdk/src/rp2_common/pico_runtime/runtime.c.obj
                0x100027e4                __assert_func
 .text.runtime_init
                0x1000281c       0xf8 CMakeFiles/drive_ea-ed.dir/home/desenvolvimento/pico/pico-sdk/src/rp2_common/pico_runtime/runtime.c.obj
                0x1000281c                runtime_init
 .text.panic    0x10002914       0x30 CMakeFiles/drive_ea-ed.dir/home/desenvolvimento/pico/pico-sdk/src/rp2_common/pico_runtime/runtime.c.obj
                0x10002914                panic
 .text._out_null
                0x10002944        0x2 CMakeFiles/drive_ea-ed.dir/home/desenvolvimento/pico/pico-sdk/src/rp2_common/pico_printf/printf.c.obj
 .text._out_fct
                0x10002946        0xe CMakeFiles/drive_ea-ed.dir/home/desenvolvimento/pico/pico-sdk/src/rp2_common/pico_printf/printf.c.obj
 .text._atoi    0x10002954       0x24 CMakeFiles/drive_ea-ed.dir/home/desenvolvimento/pico/pico-sdk/src/rp2_common/pico_printf/printf.c.obj
 .text._out_rev
                0x10002978       0xae CMakeFiles/drive_ea-ed.dir/home/desenvolvimento/pico/pico-sdk/src/rp2_common/pico_printf/printf.c.obj
 .text._ntoa_format
                0x10002a26      0x110 CMakeFiles/drive_ea-ed.dir/home/desenvolvimento/pico/pico-sdk/src/rp2_common/pico_printf/printf.c.obj
 .text._ntoa_long
                0x10002b36       0xbc CMakeFiles/drive_ea-ed.dir/home/desenvolvimento/pico/pico-sdk/src/rp2_common/pico_printf/printf.c.obj
 .text._ntoa_long_long
                0x10002bf2      0x10e CMakeFiles/drive_ea-ed.dir/home/desenvolvimento/pico/pico-sdk/src/rp2_common/pico_printf/printf.c.obj
 .text._etoa    0x10002d00      0x420 CMakeFiles/drive_ea-ed.dir/home/desenvolvimento/pico/pico-sdk/src/rp2_common/pico_printf/printf.c.obj
 .text._ftoa    0x10003120      0x354 CMakeFiles/drive_ea-ed.dir/home/desenvolvimento/pico/pico-sdk/src/rp2_common/pico_printf/printf.c.obj
 .text._vsnprintf
                0x10003474      0x65c CMakeFiles/drive_ea-ed.dir/home/desenvolvimento/pico/pico-sdk/src/rp2_common/pico_printf/printf.c.obj
 .text.vfctprintf
                0x10003ad0       0x20 CMakeFiles/drive_ea-ed.dir/home/desenvolvimento/pico/pico-sdk/src/rp2_common/pico_printf/printf.c.obj
                0x10003ad0                vfctprintf
 .text          0x10003af0       0x10 CMakeFiles/drive_ea-ed.dir/home/desenvolvimento/pico/pico-sdk/src/rp2_common/pico_bit_ops/bit_ops_aeabi.S.obj
 .text.rom_func_lookup
                0x10003b00       0x10 CMakeFiles/drive_ea-ed.dir/home/desenvolvimento/pico/pico-sdk/src/rp2_common/pico_bootrom/bootrom.c.obj
                0x10003b00                rom_func_lookup
 .text.rom_data_lookup
                0x10003b10       0x10 CMakeFiles/drive_ea-ed.dir/home/desenvolvimento/pico/pico-sdk/src/rp2_common/pico_bootrom/bootrom.c.obj
                0x10003b10                rom_data_lookup
 .text.rom_funcs_lookup
                0x10003b20       0x36 CMakeFiles/drive_ea-ed.dir/home/desenvolvimento/pico/pico-sdk/src/rp2_common/pico_bootrom/bootrom.c.obj
                0x10003b20                rom_funcs_lookup
 *fill*         0x10003b56        0x2 
 .text.__wrap___aeabi_idiv
                0x10003b58       0x50 CMakeFiles/drive_ea-ed.dir/home/desenvolvimento/pico/pico-sdk/src/rp2_common/pico_divider/divider.S.obj
                0x10003b58                __wrap___aeabi_idivmod
                0x10003b58                divmod_s32s32
                0x10003b58                div_s32s32
                0x10003b58                __wrap___aeabi_idiv
                0x10003b60                divmod_s32s32_unsafe
                0x10003b8c                divmod_s32s32_savestate
 .text.__wrap___aeabi_uidiv
                0x10003ba8       0x4c CMakeFiles/drive_ea-ed.dir/home/desenvolvimento/pico/pico-sdk/src/rp2_common/pico_divider/divider.S.obj
                0x10003ba8                __wrap___aeabi_uidiv
                0x10003ba8                __wrap___aeabi_uidivmod
                0x10003ba8                div_u32u32
                0x10003ba8                divmod_u32u32
                0x10003bb0                divmod_u32u32_unsafe
                0x10003bd8                divmod_u32u32_savestate
 .text.__wrap___aeabi_ldiv
                0x10003bf4      0x424 CMakeFiles/drive_ea-ed.dir/home/desenvolvimento/pico/pico-sdk/src/rp2_common/pico_divider/divider.S.obj
                0x10003bf4                div_s64s64
                0x10003bf4                divmod_s64s64
                0x10003bf4                __wrap___aeabi_ldivmod
                0x10003c24                div_u64u64
                0x10003c24                divmod_u64u64
                0x10003c24                __wrap___aeabi_uldivmod
                0x10003c34                divmod_u64u64_savestate
                0x10003c54                divmod_s64s64_unsafe
                0x10003cdc                divmod_u64u64_unsafe
 .text.__wrap___aeabi_darithmetic
                0x10004018       0x80 CMakeFiles/drive_ea-ed.dir/home/desenvolvimento/pico/pico-sdk/src/rp2_common/pico_double/double_aeabi.S.obj
                0x10004018                __wrap___aeabi_drsub
                0x1000401e                __wrap___aeabi_dsub
                0x10004030                __wrap___aeabi_dadd
                0x10004042                __wrap___aeabi_ddiv
                0x1000407e                __wrap___aeabi_dmul
 .text.__wrap___aeabi_cdcmple
                0x10004098       0x6c CMakeFiles/drive_ea-ed.dir/home/desenvolvimento/pico/pico-sdk/src/rp2_common/pico_double/double_aeabi.S.obj
                0x10004098                __wrap___aeabi_cdrcmple
                0x100040a8                __wrap___aeabi_cdcmple
                0x100040a8                __wrap___aeabi_cdcmpeq
 .text.__wrap___aeabi_dcmplt
                0x10004104        0xc CMakeFiles/drive_ea-ed.dir/home/desenvolvimento/pico/pico-sdk/src/rp2_common/pico_double/double_aeabi.S.obj
                0x10004104                __wrap___aeabi_dcmplt
 .text.__wrap___aeabi_dcmple
                0x10004110       0x10 CMakeFiles/drive_ea-ed.dir/home/desenvolvimento/pico/pico-sdk/src/rp2_common/pico_double/double_aeabi.S.obj
                0x10004110                __wrap___aeabi_dcmple
 .text.__wrap___aeabi_dcmpge
                0x10004120       0x10 CMakeFiles/drive_ea-ed.dir/home/desenvolvimento/pico/pico-sdk/src/rp2_common/pico_double/double_aeabi.S.obj
                0x10004120                __wrap___aeabi_dcmpge
 .text.__wrap___aeabi_dcmpgt
                0x10004130        0xa CMakeFiles/drive_ea-ed.dir/home/desenvolvimento/pico/pico-sdk/src/rp2_common/pico_double/double_aeabi.S.obj
                0x10004130                __wrap___aeabi_dcmpgt
 .text.__wrap___aeabi_dcmpun
                0x1000413a       0x1c CMakeFiles/drive_ea-ed.dir/home/desenvolvimento/pico/pico-sdk/src/rp2_common/pico_double/double_aeabi.S.obj
                0x1000413a                __wrap___aeabi_dcmpun
 *fill*         0x10004156        0x2 
 .text.__wrap___aeabi_i2d
                0x10004158       0x38 CMakeFiles/drive_ea-ed.dir/home/desenvolvimento/pico/pico-sdk/src/rp2_common/pico_double/double_aeabi.S.obj
                0x10004158                __wrap___aeabi_ui2d
                0x10004160                __wrap___aeabi_i2d
 .text.__wrap___aeabi_d2iz
                0x10004190       0x48 CMakeFiles/drive_ea-ed.dir/home/desenvolvimento/pico/pico-sdk/src/rp2_common/pico_double/double_aeabi.S.obj
                0x10004190                __wrap___aeabi_d2iz
                0x10004190                double2int_z
 .text.__wrap___aeabi_d2uiz
                0x100041d8       0x18 CMakeFiles/drive_ea-ed.dir/home/desenvolvimento/pico/pico-sdk/src/rp2_common/pico_double/double_aeabi.S.obj
                0x100041d8                double2uint
                0x100041d8                __wrap___aeabi_d2uiz
 .text.__aeabi_double_init
                0x100041f0       0xcc CMakeFiles/drive_ea-ed.dir/home/desenvolvimento/pico/pico-sdk/src/rp2_common/pico_double/double_init_rom.c.obj
                0x100041f0                __aeabi_double_init
 .text.double_table_shim_on_use_helper
                0x100042bc       0x34 CMakeFiles/drive_ea-ed.dir/home/desenvolvimento/pico/pico-sdk/src/rp2_common/pico_double/double_v1_rom_shim.S.obj
                0x100042bc                double_table_shim_on_use_helper
 .text.__wrap___aeabi_dsub
                0x100042f0       0x10 CMakeFiles/drive_ea-ed.dir/home/desenvolvimento/pico/pico-sdk/src/rp2_common/pico_double/double_v1_rom_shim.S.obj
                0x100042f0                drsub_shim
                0x100042f6                dsub_shim
 .text.dadd_shim
                0x10004300      0x15c CMakeFiles/drive_ea-ed.dir/home/desenvolvimento/pico/pico-sdk/src/rp2_common/pico_double/double_v1_rom_shim.S.obj
                0x10004300                dadd_shim
 .text.dmul_shim
                0x1000445c      0x15c CMakeFiles/drive_ea-ed.dir/home/desenvolvimento/pico/pico-sdk/src/rp2_common/pico_double/double_v1_rom_shim.S.obj
                0x1000445c                dmul_shim
 .text.ddiv_shim
                0x100045b8      0x1b0 CMakeFiles/drive_ea-ed.dir/home/desenvolvimento/pico/pico-sdk/src/rp2_common/pico_double/double_v1_rom_shim.S.obj
                0x100045b8                ddiv_shim
 .text.double2uint_shim
                0x10004768        0xe CMakeFiles/drive_ea-ed.dir/home/desenvolvimento/pico/pico-sdk/src/rp2_common/pico_double/double_v1_rom_shim.S.obj
                0x10004768                double2uint_shim
                0x1000476a                double2ufix_shim
 *fill*         0x10004776        0x2 
 .text.double2uint64_shim
                0x10004778       0x70 CMakeFiles/drive_ea-ed.dir/home/desenvolvimento/pico/pico-sdk/src/rp2_common/pico_double/double_v1_rom_shim.S.obj
                0x10004778                double2uint64_shim
                0x1000477a                double2ufix64_shim
                0x1000479a                d2fix_a
 .text.dunpacks
                0x100047e8       0x3c CMakeFiles/drive_ea-ed.dir/home/desenvolvimento/pico/pico-sdk/src/rp2_common/pico_double/double_v1_rom_shim.S.obj
                0x100047e8                dunpacks
 .text.__aeabi_lmul
                0x10004824       0x32 CMakeFiles/drive_ea-ed.dir/home/desenvolvimento/pico/pico-sdk/src/rp2_common/pico_int64_ops/pico_int64_ops_aeabi.S.obj
                0x10004824                __wrap___aeabi_lmul
 *fill*         0x10004856        0x2 
 .text.__aeabi_float_init
                0x10004858       0xfc CMakeFiles/drive_ea-ed.dir/home/desenvolvimento/pico/pico-sdk/src/rp2_common/pico_float/float_init_rom.c.obj
                0x10004858                __aeabi_float_init
 .text.float_table_shim_on_use_helper
                0x10004954       0x34 CMakeFiles/drive_ea-ed.dir/home/desenvolvimento/pico/pico-sdk/src/rp2_common/pico_float/float_v1_rom_shim.S.obj
                0x10004954                float_table_shim_on_use_helper
 .text          0x10004988       0x10 CMakeFiles/drive_ea-ed.dir/home/desenvolvimento/pico/pico-sdk/src/rp2_common/pico_mem_ops/mem_ops_aeabi.S.obj
                0x10004988                __aeabi_mem_init
 .text.memset   0x10004998        0xc CMakeFiles/drive_ea-ed.dir/home/desenvolvimento/pico/pico-sdk/src/rp2_common/pico_mem_ops/mem_ops_aeabi.S.obj
                0x10004998                __wrap_memset
 .text.memcpy   0x100049a4        0xc CMakeFiles/drive_ea-ed.dir/home/desenvolvimento/pico/pico-sdk/src/rp2_common/pico_mem_ops/mem_ops_aeabi.S.obj
                0x100049a4                __wrap___aeabi_memcpy
                0x100049a4                __wrap_memcpy
 .text.stdio_out_chars_no_crlf
                0x100049b0        0xe CMakeFiles/drive_ea-ed.dir/home/desenvolvimento/pico/pico-sdk/src/rp2_common/pico_stdio/stdio.c.obj
 *fill*         0x100049be        0x2 
 .text.stdio_out_chars_crlf
                0x100049c0       0x80 CMakeFiles/drive_ea-ed.dir/home/desenvolvimento/pico/pico-sdk/src/rp2_common/pico_stdio/stdio.c.obj
 .text.stdio_stack_buffer_flush
                0x10004a40       0x44 CMakeFiles/drive_ea-ed.dir/home/desenvolvimento/pico/pico-sdk/src/rp2_common/pico_stdio/stdio.c.obj
 .text.stdio_buffered_printer
                0x10004a84       0x20 CMakeFiles/drive_ea-ed.dir/home/desenvolvimento/pico/pico-sdk/src/rp2_common/pico_stdio/stdio.c.obj
 .text.update_us_since_boot
                0x10004aa4       0x24 CMakeFiles/drive_ea-ed.dir/home/desenvolvimento/pico/pico-sdk/src/rp2_common/pico_stdio/stdio.c.obj
 .text.get_absolute_time
                0x10004ac8       0x22 CMakeFiles/drive_ea-ed.dir/home/desenvolvimento/pico/pico-sdk/src/rp2_common/pico_stdio/stdio.c.obj
 *fill*         0x10004aea        0x2 
 .text.delayed_by_ms
                0x10004aec       0x44 CMakeFiles/drive_ea-ed.dir/home/desenvolvimento/pico/pico-sdk/src/rp2_common/pico_stdio/stdio.c.obj
 .text.make_timeout_time_ms
                0x10004b30       0x20 CMakeFiles/drive_ea-ed.dir/home/desenvolvimento/pico/pico-sdk/src/rp2_common/pico_stdio/stdio.c.obj
 .text.stdout_serialize_begin
                0x10004b50       0x20 CMakeFiles/drive_ea-ed.dir/home/desenvolvimento/pico/pico-sdk/src/rp2_common/pico_stdio/stdio.c.obj
                0x10004b50                stdout_serialize_begin
 .text.stdout_serialize_end
                0x10004b70       0x10 CMakeFiles/drive_ea-ed.dir/home/desenvolvimento/pico/pico-sdk/src/rp2_common/pico_stdio/stdio.c.obj
                0x10004b70                stdout_serialize_end
 .text.stdio_put_string
                0x10004b80       0x98 CMakeFiles/drive_ea-ed.dir/home/desenvolvimento/pico/pico-sdk/src/rp2_common/pico_stdio/stdio.c.obj
 .text.stdio_set_driver_enabled
                0x10004c18       0x2c CMakeFiles/drive_ea-ed.dir/home/desenvolvimento/pico/pico-sdk/src/rp2_common/pico_stdio/stdio.c.obj
                0x10004c18                stdio_set_driver_enabled
 .text.stdio_flush
                0x10004c44       0x20 CMakeFiles/drive_ea-ed.dir/home/desenvolvimento/pico/pico-sdk/src/rp2_common/pico_stdio/stdio.c.obj
                0x10004c44                stdio_flush
 .text.__wrap_puts
                0x10004c64       0x1e CMakeFiles/drive_ea-ed.dir/home/desenvolvimento/pico/pico-sdk/src/rp2_common/pico_stdio/stdio.c.obj
                0x10004c64                __wrap_puts
 *fill*         0x10004c82        0x2 
 .text.__wrap_vprintf
                0x10004c84       0x40 CMakeFiles/drive_ea-ed.dir/home/desenvolvimento/pico/pico-sdk/src/rp2_common/pico_stdio/stdio.c.obj
                0x10004c84                __wrap_vprintf
 .text.__wrap_printf
                0x10004cc4       0x18 CMakeFiles/drive_ea-ed.dir/home/desenvolvimento/pico/pico-sdk/src/rp2_common/pico_stdio/stdio.c.obj
                0x10004cc4                __wrap_printf
 .text.stdio_init_all
                0x10004cdc        0xe CMakeFiles/drive_ea-ed.dir/home/desenvolvimento/pico/pico-sdk/src/rp2_common/pico_stdio/stdio.c.obj
                0x10004cdc                stdio_init_all
 *fill*         0x10004cea        0x2 
 .text.uart_putc
                0x10004cec       0x60 CMakeFiles/drive_ea-ed.dir/home/desenvolvimento/pico/pico-sdk/src/rp2_common/pico_stdio_uart/stdio_uart.c.obj
 .text.uart_getc
                0x10004d4c       0x24 CMakeFiles/drive_ea-ed.dir/home/desenvolvimento/pico/pico-sdk/src/rp2_common/pico_stdio_uart/stdio_uart.c.obj
 .text.stdio_uart_out_chars
                0x10004d70       0x20 CMakeFiles/drive_ea-ed.dir/home/desenvolvimento/pico/pico-sdk/src/rp2_common/pico_stdio_uart/stdio_uart.c.obj
 .text.stdio_uart_in_chars
                0x10004d90       0x5c CMakeFiles/drive_ea-ed.dir/home/desenvolvimento/pico/pico-sdk/src/rp2_common/pico_stdio_uart/stdio_uart.c.obj
                0x10004d90                stdio_uart_in_chars
 .text.on_uart_rx
                0x10004dec       0x28 CMakeFiles/drive_ea-ed.dir/home/desenvolvimento/pico/pico-sdk/src/rp2_common/pico_stdio_uart/stdio_uart.c.obj
 .text.stdio_uart_set_chars_available_callback
                0x10004e14       0x8c CMakeFiles/drive_ea-ed.dir/home/desenvolvimento/pico/pico-sdk/src/rp2_common/pico_stdio_uart/stdio_uart.c.obj
 .text.stdio_uart_init_full
                0x10004ea0       0x44 CMakeFiles/drive_ea-ed.dir/home/desenvolvimento/pico/pico-sdk/src/rp2_common/pico_stdio_uart/stdio_uart.c.obj
                0x10004ea0                stdio_uart_init_full
 .text.stdio_uart_init
                0x10004ee4       0x28 CMakeFiles/drive_ea-ed.dir/home/desenvolvimento/pico/pico-sdk/src/rp2_common/pico_stdio_uart/stdio_uart.c.obj
                0x10004ee4                stdio_uart_init
 .text.resetd_init
                0x10004f0c        0x2 CMakeFiles/drive_ea-ed.dir/home/desenvolvimento/pico/pico-sdk/src/rp2_common/pico_stdio_usb/reset_interface.c.obj
 *fill*         0x10004f0e        0x2 
 .text.resetd_reset
                0x10004f10        0xc CMakeFiles/drive_ea-ed.dir/home/desenvolvimento/pico/pico-sdk/src/rp2_common/pico_stdio_usb/reset_interface.c.obj
 .text.resetd_open
                0x10004f1c       0x34 CMakeFiles/drive_ea-ed.dir/home/desenvolvimento/pico/pico-sdk/src/rp2_common/pico_stdio_usb/reset_interface.c.obj
 .text.resetd_xfer_cb
                0x10004f50        0x4 CMakeFiles/drive_ea-ed.dir/home/desenvolvimento/pico/pico-sdk/src/rp2_common/pico_stdio_usb/reset_interface.c.obj
 .text.reset_usb_boot
                0x10004f54       0x18 CMakeFiles/drive_ea-ed.dir/home/desenvolvimento/pico/pico-sdk/src/rp2_common/pico_stdio_usb/reset_interface.c.obj
 .text.resetd_control_xfer_cb
                0x10004f6c       0x5c CMakeFiles/drive_ea-ed.dir/home/desenvolvimento/pico/pico-sdk/src/rp2_common/pico_stdio_usb/reset_interface.c.obj
 .text.usbd_app_driver_get_cb
                0x10004fc8        0xc CMakeFiles/drive_ea-ed.dir/home/desenvolvimento/pico/pico-sdk/src/rp2_common/pico_stdio_usb/reset_interface.c.obj
                0x10004fc8                usbd_app_driver_get_cb
 .text.tud_cdc_line_coding_cb
                0x10004fd4       0x28 CMakeFiles/drive_ea-ed.dir/home/desenvolvimento/pico/pico-sdk/src/rp2_common/pico_stdio_usb/reset_interface.c.obj
                0x10004fd4                tud_cdc_line_coding_cb
 .text.stdio_usb_set_chars_available_callback
                0x10004ffc       0x14 CMakeFiles/drive_ea-ed.dir/home/desenvolvimento/pico/pico-sdk/src/rp2_common/pico_stdio_usb/stdio_usb.c.obj
                0x10004ffc                stdio_usb_set_chars_available_callback
 .text.update_us_since_boot
                0x10005010       0x24 CMakeFiles/drive_ea-ed.dir/home/desenvolvimento/pico/pico-sdk/src/rp2_common/pico_stdio_usb/stdio_usb.c.obj
 .text.get_absolute_time
                0x10005034       0x22 CMakeFiles/drive_ea-ed.dir/home/desenvolvimento/pico/pico-sdk/src/rp2_common/pico_stdio_usb/stdio_usb.c.obj
 *fill*         0x10005056        0x2 
 .text.delayed_by_ms
                0x10005058       0x44 CMakeFiles/drive_ea-ed.dir/home/desenvolvimento/pico/pico-sdk/src/rp2_common/pico_stdio_usb/stdio_usb.c.obj
 .text.make_timeout_time_ms
                0x1000509c       0x20 CMakeFiles/drive_ea-ed.dir/home/desenvolvimento/pico/pico-sdk/src/rp2_common/pico_stdio_usb/stdio_usb.c.obj
 .text.delayed_by_us
                0x100050bc       0x34 CMakeFiles/drive_ea-ed.dir/home/desenvolvimento/pico/pico-sdk/src/rp2_common/pico_stdio_usb/stdio_usb.c.obj
 .text.usb_irq  0x100050f0       0x10 CMakeFiles/drive_ea-ed.dir/home/desenvolvimento/pico/pico-sdk/src/rp2_common/pico_stdio_usb/stdio_usb.c.obj
 .text.critical_section_enter_blocking
                0x10005100       0x16 CMakeFiles/drive_ea-ed.dir/home/desenvolvimento/pico/pico-sdk/src/rp2_common/pico_stdio_usb/stdio_usb.c.obj
 *fill*         0x10005116        0x2 
 .text.timer_task
                0x10005118       0x4c CMakeFiles/drive_ea-ed.dir/home/desenvolvimento/pico/pico-sdk/src/rp2_common/pico_stdio_usb/stdio_usb.c.obj
 .text.alarm_pool_add_alarm_in_us
                0x10005164       0x3a CMakeFiles/drive_ea-ed.dir/home/desenvolvimento/pico/pico-sdk/src/rp2_common/pico_stdio_usb/stdio_usb.c.obj
 .text.add_alarm_in_us
                0x1000519e       0x2e CMakeFiles/drive_ea-ed.dir/home/desenvolvimento/pico/pico-sdk/src/rp2_common/pico_stdio_usb/stdio_usb.c.obj
 .text.low_priority_worker_irq
                0x100051cc       0x7c CMakeFiles/drive_ea-ed.dir/home/desenvolvimento/pico/pico-sdk/src/rp2_common/pico_stdio_usb/stdio_usb.c.obj
 .text.tud_cdc_rx_cb
                0x10005248       0x20 CMakeFiles/drive_ea-ed.dir/home/desenvolvimento/pico/pico-sdk/src/rp2_common/pico_stdio_usb/stdio_usb.c.obj
                0x10005248                tud_cdc_rx_cb
 .text.stdio_usb_init
                0x10005268       0xd0 CMakeFiles/drive_ea-ed.dir/home/desenvolvimento/pico/pico-sdk/src/rp2_common/pico_stdio_usb/stdio_usb.c.obj
                0x10005268                stdio_usb_init
 .text.stdio_usb_connected
                0x10005338        0xa CMakeFiles/drive_ea-ed.dir/home/desenvolvimento/pico/pico-sdk/src/rp2_common/pico_stdio_usb/stdio_usb.c.obj
                0x10005338                stdio_usb_connected
 *fill*         0x10005342        0x2 
 .text.stdio_usb_in_chars
                0x10005344       0x88 CMakeFiles/drive_ea-ed.dir/home/desenvolvimento/pico/pico-sdk/src/rp2_common/pico_stdio_usb/stdio_usb.c.obj
                0x10005344                stdio_usb_in_chars
 .text.stdio_usb_out_chars
                0x100053cc       0xd8 CMakeFiles/drive_ea-ed.dir/home/desenvolvimento/pico/pico-sdk/src/rp2_common/pico_stdio_usb/stdio_usb.c.obj
 .text.tud_descriptor_device_cb
                0x100054a4        0x8 CMakeFiles/drive_ea-ed.dir/home/desenvolvimento/pico/pico-sdk/src/rp2_common/pico_stdio_usb/stdio_usb_descriptors.c.obj
                0x100054a4                tud_descriptor_device_cb
 .text.tud_descriptor_configuration_cb
                0x100054ac        0x8 CMakeFiles/drive_ea-ed.dir/home/desenvolvimento/pico/pico-sdk/src/rp2_common/pico_stdio_usb/stdio_usb_descriptors.c.obj
                0x100054ac                tud_descriptor_configuration_cb
 .text.tud_descriptor_string_cb
                0x100054b4       0x6c CMakeFiles/drive_ea-ed.dir/home/desenvolvimento/pico/pico-sdk/src/rp2_common/pico_stdio_usb/stdio_usb_descriptors.c.obj
                0x100054b4                tud_descriptor_string_cb
 .text._retrieve_unique_id_on_boot
                0x10005520       0x10 CMakeFiles/drive_ea-ed.dir/home/desenvolvimento/pico/pico-sdk/src/rp2_common/pico_unique_id/unique_id.c.obj
 .text.pico_get_unique_board_id_string
                0x10005530       0x5c CMakeFiles/drive_ea-ed.dir/home/desenvolvimento/pico/pico-sdk/src/rp2_common/pico_unique_id/unique_id.c.obj
                0x10005530                pico_get_unique_board_id_string
 .text.flash_get_unique_id
                0x1000558c       0x46 CMakeFiles/drive_ea-ed.dir/home/desenvolvimento/pico/pico-sdk/src/rp2_common/hardware_flash/flash.c.obj
                0x1000558c                flash_get_unique_id
 *fill*         0x100055d2        0x2 
 .text.hw_endpoint_get_by_addr
                0x100055d4       0x18 CMakeFiles/drive_ea-ed.dir/home/desenvolvimento/pico/pico-sdk/lib/tinyusb/src/portable/raspberrypi/rp2040/dcd_rp2040.c.obj
 .text._hw_endpoint_alloc
                0x100055ec       0x70 CMakeFiles/drive_ea-ed.dir/home/desenvolvimento/pico/pico-sdk/lib/tinyusb/src/portable/raspberrypi/rp2040/dcd_rp2040.c.obj
 .text.hw_endpoint_init
                0x1000565c       0x88 CMakeFiles/drive_ea-ed.dir/home/desenvolvimento/pico/pico-sdk/lib/tinyusb/src/portable/raspberrypi/rp2040/dcd_rp2040.c.obj
 .text.dcd_event_sof
                0x100056e4       0x2c CMakeFiles/drive_ea-ed.dir/home/desenvolvimento/pico/pico-sdk/lib/tinyusb/src/portable/raspberrypi/rp2040/dcd_rp2040.c.obj
 .text.hw_endpoint_xfer
                0x10005710       0x14 CMakeFiles/drive_ea-ed.dir/home/desenvolvimento/pico/pico-sdk/lib/tinyusb/src/portable/raspberrypi/rp2040/dcd_rp2040.c.obj
 .text.dcd_int_enable
                0x10005724       0x2c CMakeFiles/drive_ea-ed.dir/home/desenvolvimento/pico/pico-sdk/lib/tinyusb/src/portable/raspberrypi/rp2040/dcd_rp2040.c.obj
                0x10005724                dcd_int_enable
 .text.dcd_set_address
                0x10005750       0x2c CMakeFiles/drive_ea-ed.dir/home/desenvolvimento/pico/pico-sdk/lib/tinyusb/src/portable/raspberrypi/rp2040/dcd_rp2040.c.obj
                0x10005750                dcd_set_address
 .text.dcd_connect
                0x1000577c       0x10 CMakeFiles/drive_ea-ed.dir/home/desenvolvimento/pico/pico-sdk/lib/tinyusb/src/portable/raspberrypi/rp2040/dcd_rp2040.c.obj
                0x1000577c                dcd_connect
 .text.dcd_init
                0x1000578c       0x80 CMakeFiles/drive_ea-ed.dir/home/desenvolvimento/pico/pico-sdk/lib/tinyusb/src/portable/raspberrypi/rp2040/dcd_rp2040.c.obj
                0x1000578c                dcd_init
 .text.dcd_edpt0_status_complete
                0x1000580c       0x1c CMakeFiles/drive_ea-ed.dir/home/desenvolvimento/pico/pico-sdk/lib/tinyusb/src/portable/raspberrypi/rp2040/dcd_rp2040.c.obj
                0x1000580c                dcd_edpt0_status_complete
 .text.dcd_edpt_open
                0x10005828       0x40 CMakeFiles/drive_ea-ed.dir/home/desenvolvimento/pico/pico-sdk/lib/tinyusb/src/portable/raspberrypi/rp2040/dcd_rp2040.c.obj
                0x10005828                dcd_edpt_open
 .text.dcd_edpt_close_all
                0x10005868        0x8 CMakeFiles/drive_ea-ed.dir/home/desenvolvimento/pico/pico-sdk/lib/tinyusb/src/portable/raspberrypi/rp2040/dcd_rp2040.c.obj
                0x10005868                dcd_edpt_close_all
 .text.dcd_edpt_xfer
                0x10005870       0x34 CMakeFiles/drive_ea-ed.dir/home/desenvolvimento/pico/pico-sdk/lib/tinyusb/src/portable/raspberrypi/rp2040/dcd_rp2040.c.obj
                0x10005870                dcd_edpt_xfer
 .text.dcd_edpt_stall
                0x100058a4       0x2c CMakeFiles/drive_ea-ed.dir/home/desenvolvimento/pico/pico-sdk/lib/tinyusb/src/portable/raspberrypi/rp2040/dcd_rp2040.c.obj
                0x100058a4                dcd_edpt_stall
 .text.dcd_edpt_clear_stall
                0x100058d0       0x20 CMakeFiles/drive_ea-ed.dir/home/desenvolvimento/pico/pico-sdk/lib/tinyusb/src/portable/raspberrypi/rp2040/dcd_rp2040.c.obj
                0x100058d0                dcd_edpt_clear_stall
 .text.rp2040_usb_init
                0x100058f0       0x4c CMakeFiles/drive_ea-ed.dir/home/desenvolvimento/pico/pico-sdk/lib/tinyusb/src/portable/raspberrypi/rp2040/rp2040_usb.c.obj
                0x100058f0                rp2040_usb_init
 .text.hw_endpoint_xfer_start
                0x1000593c       0x50 CMakeFiles/drive_ea-ed.dir/home/desenvolvimento/pico/pico-sdk/lib/tinyusb/src/portable/raspberrypi/rp2040/rp2040_usb.c.obj
                0x1000593c                hw_endpoint_xfer_start
 .text.configuration_reset
                0x1000598c       0x84 CMakeFiles/drive_ea-ed.dir/home/desenvolvimento/pico/pico-sdk/lib/tinyusb/src/device/usbd.c.obj
 .text.critical_section_enter_blocking
                0x10005a10       0x16 CMakeFiles/drive_ea-ed.dir/home/desenvolvimento/pico/pico-sdk/lib/tinyusb/src/device/usbd.c.obj
 .text.usbd_reset
                0x10005a26        0xc CMakeFiles/drive_ea-ed.dir/home/desenvolvimento/pico/pico-sdk/lib/tinyusb/src/device/usbd.c.obj
 .text.invoke_class_control
                0x10005a32       0x1a CMakeFiles/drive_ea-ed.dir/home/desenvolvimento/pico/pico-sdk/lib/tinyusb/src/device/usbd.c.obj
 .text.process_set_config
                0x10005a4c      0x178 CMakeFiles/drive_ea-ed.dir/home/desenvolvimento/pico/pico-sdk/lib/tinyusb/src/device/usbd.c.obj
 .text.process_get_descriptor
                0x10005bc4       0xdc CMakeFiles/drive_ea-ed.dir/home/desenvolvimento/pico/pico-sdk/lib/tinyusb/src/device/usbd.c.obj
 .text.tud_mounted
                0x10005ca0       0x10 CMakeFiles/drive_ea-ed.dir/home/desenvolvimento/pico/pico-sdk/lib/tinyusb/src/device/usbd.c.obj
                0x10005ca0                tud_mounted
 .text.tud_suspended
                0x10005cb0       0x10 CMakeFiles/drive_ea-ed.dir/home/desenvolvimento/pico/pico-sdk/lib/tinyusb/src/device/usbd.c.obj
                0x10005cb0                tud_suspended
 .text.tud_inited
                0x10005cc0       0x14 CMakeFiles/drive_ea-ed.dir/home/desenvolvimento/pico/pico-sdk/lib/tinyusb/src/device/usbd.c.obj
                0x10005cc0                tud_inited
 .text.tud_init
                0x10005cd4       0xcc CMakeFiles/drive_ea-ed.dir/home/desenvolvimento/pico/pico-sdk/lib/tinyusb/src/device/usbd.c.obj
                0x10005cd4                tud_init
 .text.usbd_defer_func
                0x10005da0       0x2a CMakeFiles/drive_ea-ed.dir/home/desenvolvimento/pico/pico-sdk/lib/tinyusb/src/device/usbd.c.obj
                0x10005da0                usbd_defer_func
 *fill*         0x10005dca        0x2 
 .text.usbd_edpt_open
                0x10005dcc       0x34 CMakeFiles/drive_ea-ed.dir/home/desenvolvimento/pico/pico-sdk/lib/tinyusb/src/device/usbd.c.obj
                0x10005dcc                usbd_edpt_open
 .text.usbd_open_edpt_pair
                0x10005e00       0x62 CMakeFiles/drive_ea-ed.dir/home/desenvolvimento/pico/pico-sdk/lib/tinyusb/src/device/usbd.c.obj
                0x10005e00                usbd_open_edpt_pair
 *fill*         0x10005e62        0x2 
 .text.usbd_edpt_claim
                0x10005e64       0x28 CMakeFiles/drive_ea-ed.dir/home/desenvolvimento/pico/pico-sdk/lib/tinyusb/src/device/usbd.c.obj
                0x10005e64                usbd_edpt_claim
 .text.usbd_edpt_release
                0x10005e8c       0x28 CMakeFiles/drive_ea-ed.dir/home/desenvolvimento/pico/pico-sdk/lib/tinyusb/src/device/usbd.c.obj
                0x10005e8c                usbd_edpt_release
 .text.usbd_edpt_xfer
                0x10005eb4       0x78 CMakeFiles/drive_ea-ed.dir/home/desenvolvimento/pico/pico-sdk/lib/tinyusb/src/device/usbd.c.obj
                0x10005eb4                usbd_edpt_xfer
 .text.usbd_edpt_stall
                0x10005f2c       0x48 CMakeFiles/drive_ea-ed.dir/home/desenvolvimento/pico/pico-sdk/lib/tinyusb/src/device/usbd.c.obj
                0x10005f2c                usbd_edpt_stall
 .text.usbd_edpt_clear_stall
                0x10005f74       0x48 CMakeFiles/drive_ea-ed.dir/home/desenvolvimento/pico/pico-sdk/lib/tinyusb/src/device/usbd.c.obj
                0x10005f74                usbd_edpt_clear_stall
 .text.usbd_edpt_stalled
                0x10005fbc       0x1c CMakeFiles/drive_ea-ed.dir/home/desenvolvimento/pico/pico-sdk/lib/tinyusb/src/device/usbd.c.obj
                0x10005fbc                usbd_edpt_stalled
 .text.process_control_request
                0x10005fd8      0x374 CMakeFiles/drive_ea-ed.dir/home/desenvolvimento/pico/pico-sdk/lib/tinyusb/src/device/usbd.c.obj
 .text.tud_task_ext
                0x1000634c      0x1a8 CMakeFiles/drive_ea-ed.dir/home/desenvolvimento/pico/pico-sdk/lib/tinyusb/src/device/usbd.c.obj
                0x1000634c                tud_task_ext
 .text._status_stage_xact
                0x100064f4       0x1a CMakeFiles/drive_ea-ed.dir/home/desenvolvimento/pico/pico-sdk/lib/tinyusb/src/device/usbd_control.c.obj
 *fill*         0x1000650e        0x2 
 .text._data_stage_xact
                0x10006510       0x58 CMakeFiles/drive_ea-ed.dir/home/desenvolvimento/pico/pico-sdk/lib/tinyusb/src/device/usbd_control.c.obj
 .text.tud_control_status
                0x10006568       0x28 CMakeFiles/drive_ea-ed.dir/home/desenvolvimento/pico/pico-sdk/lib/tinyusb/src/device/usbd_control.c.obj
                0x10006568                tud_control_status
 .text.tud_control_xfer
                0x10006590       0x68 CMakeFiles/drive_ea-ed.dir/home/desenvolvimento/pico/pico-sdk/lib/tinyusb/src/device/usbd_control.c.obj
                0x10006590                tud_control_xfer
 .text.usbd_control_reset
                0x100065f8       0x14 CMakeFiles/drive_ea-ed.dir/home/desenvolvimento/pico/pico-sdk/lib/tinyusb/src/device/usbd_control.c.obj
                0x100065f8                usbd_control_reset
 .text.usbd_control_set_complete_callback
                0x1000660c        0xc CMakeFiles/drive_ea-ed.dir/home/desenvolvimento/pico/pico-sdk/lib/tinyusb/src/device/usbd_control.c.obj
                0x1000660c                usbd_control_set_complete_callback
 .text.usbd_control_set_request
                0x10006618       0x1c CMakeFiles/drive_ea-ed.dir/home/desenvolvimento/pico/pico-sdk/lib/tinyusb/src/device/usbd_control.c.obj
                0x10006618                usbd_control_set_request
 .text.usbd_control_xfer_cb
                0x10006634       0xbc CMakeFiles/drive_ea-ed.dir/home/desenvolvimento/pico/pico-sdk/lib/tinyusb/src/device/usbd_control.c.obj
                0x10006634                usbd_control_xfer_cb
 .text._prep_out_transaction
                0x100066f0       0x4a CMakeFiles/drive_ea-ed.dir/home/desenvolvimento/pico/pico-sdk/lib/tinyusb/src/class/cdc/cdc_device.c.obj
 *fill*         0x1000673a        0x2 
 .text.tud_cdc_n_connected
                0x1000673c       0x38 CMakeFiles/drive_ea-ed.dir/home/desenvolvimento/pico/pico-sdk/lib/tinyusb/src/class/cdc/cdc_device.c.obj
                0x1000673c                tud_cdc_n_connected
 .text.tud_cdc_n_available
                0x10006774       0x18 CMakeFiles/drive_ea-ed.dir/home/desenvolvimento/pico/pico-sdk/lib/tinyusb/src/class/cdc/cdc_device.c.obj
                0x10006774                tud_cdc_n_available
 .text.tud_cdc_n_read
                0x1000678c       0x28 CMakeFiles/drive_ea-ed.dir/home/desenvolvimento/pico/pico-sdk/lib/tinyusb/src/class/cdc/cdc_device.c.obj
                0x1000678c                tud_cdc_n_read
 .text.tud_cdc_n_write_flush
                0x100067b4       0xb8 CMakeFiles/drive_ea-ed.dir/home/desenvolvimento/pico/pico-sdk/lib/tinyusb/src/class/cdc/cdc_device.c.obj
                0x100067b4                tud_cdc_n_write_flush
 .text.tud_cdc_n_write
                0x1000686c       0x38 CMakeFiles/drive_ea-ed.dir/home/desenvolvimento/pico/pico-sdk/lib/tinyusb/src/class/cdc/cdc_device.c.obj
                0x1000686c                tud_cdc_n_write
 .text.tud_cdc_n_write_available
                0x100068a4       0x1c CMakeFiles/drive_ea-ed.dir/home/desenvolvimento/pico/pico-sdk/lib/tinyusb/src/class/cdc/cdc_device.c.obj
                0x100068a4                tud_cdc_n_write_available
 .text.cdcd_init
                0x100068c0       0xbc CMakeFiles/drive_ea-ed.dir/home/desenvolvimento/pico/pico-sdk/lib/tinyusb/src/class/cdc/cdc_device.c.obj
                0x100068c0                cdcd_init
 .text.cdcd_reset
                0x1000697c       0x44 CMakeFiles/drive_ea-ed.dir/home/desenvolvimento/pico/pico-sdk/lib/tinyusb/src/class/cdc/cdc_device.c.obj
                0x1000697c                cdcd_reset
 .text.cdcd_open
                0x100069c0       0xc4 CMakeFiles/drive_ea-ed.dir/home/desenvolvimento/pico/pico-sdk/lib/tinyusb/src/class/cdc/cdc_device.c.obj
                0x100069c0                cdcd_open
 .text.cdcd_control_xfer_cb
                0x10006a84      0x134 CMakeFiles/drive_ea-ed.dir/home/desenvolvimento/pico/pico-sdk/lib/tinyusb/src/class/cdc/cdc_device.c.obj
                0x10006a84                cdcd_control_xfer_cb
 .text.cdcd_xfer_cb
                0x10006bb8      0x130 CMakeFiles/drive_ea-ed.dir/home/desenvolvimento/pico/pico-sdk/lib/tinyusb/src/class/cdc/cdc_device.c.obj
                0x10006bb8                cdcd_xfer_cb
 .text.tusb_init
                0x10006ce8        0xa CMakeFiles/drive_ea-ed.dir/home/desenvolvimento/pico/pico-sdk/lib/tinyusb/src/tusb.c.obj
                0x10006ce8                tusb_init
 .text.tusb_inited
                0x10006cf2        0xe CMakeFiles/drive_ea-ed.dir/home/desenvolvimento/pico/pico-sdk/lib/tinyusb/src/tusb.c.obj
                0x10006cf2                tusb_inited
 .text.tu_edpt_claim
                0x10006d00       0x50 CMakeFiles/drive_ea-ed.dir/home/desenvolvimento/pico/pico-sdk/lib/tinyusb/src/tusb.c.obj
                0x10006d00                tu_edpt_claim
 .text.tu_edpt_release
                0x10006d50       0x38 CMakeFiles/drive_ea-ed.dir/home/desenvolvimento/pico/pico-sdk/lib/tinyusb/src/tusb.c.obj
                0x10006d50                tu_edpt_release
 .text.tu_edpt_validate
                0x10006d88       0x78 CMakeFiles/drive_ea-ed.dir/home/desenvolvimento/pico/pico-sdk/lib/tinyusb/src/tusb.c.obj
                0x10006d88                tu_edpt_validate
 .text.tu_edpt_bind_driver
                0x10006e00       0x26 CMakeFiles/drive_ea-ed.dir/home/desenvolvimento/pico/pico-sdk/lib/tinyusb/src/tusb.c.obj
                0x10006e00                tu_edpt_bind_driver
 .text.advance_index
                0x10006e26       0x1a CMakeFiles/drive_ea-ed.dir/home/desenvolvimento/pico/pico-sdk/lib/tinyusb/src/common/tusb_fifo.c.obj
 .text._tu_fifo_peek
                0x10006e40       0x56 CMakeFiles/drive_ea-ed.dir/home/desenvolvimento/pico/pico-sdk/lib/tinyusb/src/common/tusb_fifo.c.obj
 .text._ff_pull_const_addr
                0x10006e96       0x4c CMakeFiles/drive_ea-ed.dir/home/desenvolvimento/pico/pico-sdk/lib/tinyusb/src/common/tusb_fifo.c.obj
 .text._ff_pull_n
                0x10006ee2      0x110 CMakeFiles/drive_ea-ed.dir/home/desenvolvimento/pico/pico-sdk/lib/tinyusb/src/common/tusb_fifo.c.obj
 .text._tu_fifo_peek_n
                0x10006ff2       0x6a CMakeFiles/drive_ea-ed.dir/home/desenvolvimento/pico/pico-sdk/lib/tinyusb/src/common/tusb_fifo.c.obj
 .text._tu_fifo_read_n
                0x1000705c       0x4e CMakeFiles/drive_ea-ed.dir/home/desenvolvimento/pico/pico-sdk/lib/tinyusb/src/common/tusb_fifo.c.obj
 .text._ff_push_const_addr
                0x100070aa       0x40 CMakeFiles/drive_ea-ed.dir/home/desenvolvimento/pico/pico-sdk/lib/tinyusb/src/common/tusb_fifo.c.obj
 .text._ff_push_n
                0x100070ea      0x10c CMakeFiles/drive_ea-ed.dir/home/desenvolvimento/pico/pico-sdk/lib/tinyusb/src/common/tusb_fifo.c.obj
 .text._tu_fifo_write_n
                0x100071f6       0xf0 CMakeFiles/drive_ea-ed.dir/home/desenvolvimento/pico/pico-sdk/lib/tinyusb/src/common/tusb_fifo.c.obj
 .text.tu_fifo_config
                0x100072e6       0x7c CMakeFiles/drive_ea-ed.dir/home/desenvolvimento/pico/pico-sdk/lib/tinyusb/src/common/tusb_fifo.c.obj
                0x100072e6                tu_fifo_config
 .text.tu_fifo_count
                0x10007362       0x2a CMakeFiles/drive_ea-ed.dir/home/desenvolvimento/pico/pico-sdk/lib/tinyusb/src/common/tusb_fifo.c.obj
                0x10007362                tu_fifo_count
 .text.tu_fifo_empty
                0x1000738c        0xe CMakeFiles/drive_ea-ed.dir/home/desenvolvimento/pico/pico-sdk/lib/tinyusb/src/common/tusb_fifo.c.obj
                0x1000738c                tu_fifo_empty
 .text.tu_fifo_full
                0x1000739a       0x28 CMakeFiles/drive_ea-ed.dir/home/desenvolvimento/pico/pico-sdk/lib/tinyusb/src/common/tusb_fifo.c.obj
                0x1000739a                tu_fifo_full
 .text.tu_fifo_remaining
                0x100073c2       0x2c CMakeFiles/drive_ea-ed.dir/home/desenvolvimento/pico/pico-sdk/lib/tinyusb/src/common/tusb_fifo.c.obj
                0x100073c2                tu_fifo_remaining
 .text.tu_fifo_read
                0x100073ee       0x42 CMakeFiles/drive_ea-ed.dir/home/desenvolvimento/pico/pico-sdk/lib/tinyusb/src/common/tusb_fifo.c.obj
                0x100073ee                tu_fifo_read
 .text.tu_fifo_read_n
                0x10007430        0xa CMakeFiles/drive_ea-ed.dir/home/desenvolvimento/pico/pico-sdk/lib/tinyusb/src/common/tusb_fifo.c.obj
                0x10007430                tu_fifo_read_n
 .text.tu_fifo_write
                0x1000743a       0x64 CMakeFiles/drive_ea-ed.dir/home/desenvolvimento/pico/pico-sdk/lib/tinyusb/src/common/tusb_fifo.c.obj
                0x1000743a                tu_fifo_write
 .text.tu_fifo_write_n
                0x1000749e        0xa CMakeFiles/drive_ea-ed.dir/home/desenvolvimento/pico/pico-sdk/lib/tinyusb/src/common/tusb_fifo.c.obj
                0x1000749e                tu_fifo_write_n
 .text.tu_fifo_clear
                0x100074a8       0x3e CMakeFiles/drive_ea-ed.dir/home/desenvolvimento/pico/pico-sdk/lib/tinyusb/src/common/tusb_fifo.c.obj
                0x100074a8                tu_fifo_clear
 .text.tu_fifo_set_overwritable
                0x100074e6       0x46 CMakeFiles/drive_ea-ed.dir/home/desenvolvimento/pico/pico-sdk/lib/tinyusb/src/common/tusb_fifo.c.obj
                0x100074e6                tu_fifo_set_overwritable
 .text.core1_trampoline
                0x1000752c        0x2 CMakeFiles/drive_ea-ed.dir/home/desenvolvimento/pico/pico-sdk/src/rp2_common/pico_multicore/multicore.c.obj
 .text.core1_wrapper
                0x1000752e        0xc CMakeFiles/drive_ea-ed.dir/home/desenvolvimento/pico/pico-sdk/src/rp2_common/pico_multicore/multicore.c.obj
                0x1000752e                core1_wrapper
 .text.multicore_fifo_push_blocking
                0x1000753a       0x14 CMakeFiles/drive_ea-ed.dir/home/desenvolvimento/pico/pico-sdk/src/rp2_common/pico_multicore/multicore.c.obj
                0x1000753a                multicore_fifo_push_blocking
 .text.multicore_fifo_pop_blocking
                0x1000754e       0x16 CMakeFiles/drive_ea-ed.dir/home/desenvolvimento/pico/pico-sdk/src/rp2_common/pico_multicore/multicore.c.obj
                0x1000754e                multicore_fifo_pop_blocking
 .text.multicore_launch_core1_raw
                0x10007564       0x70 CMakeFiles/drive_ea-ed.dir/home/desenvolvimento/pico/pico-sdk/src/rp2_common/pico_multicore/multicore.c.obj
                0x10007564                multicore_launch_core1_raw
 .text.multicore_launch_core1_with_stack
                0x100075d4       0x50 CMakeFiles/drive_ea-ed.dir/home/desenvolvimento/pico/pico-sdk/src/rp2_common/pico_multicore/multicore.c.obj
                0x100075d4                multicore_launch_core1_with_stack
 .text.multicore_launch_core1
                0x10007624       0x24 CMakeFiles/drive_ea-ed.dir/home/desenvolvimento/pico/pico-sdk/src/rp2_common/pico_multicore/multicore.c.obj
                0x10007624                multicore_launch_core1
 .text          0x10007648       0x5c /usr/lib/gcc/arm-none-eabi/12.2.1/../../../arm-none-eabi/lib/thumb/v6-m/nofp/libg.a(lib_a-strlen-stub.o)
                0x10007648                strlen
 *(.fini)
 .fini          0x100076a4        0x4 /usr/lib/gcc/arm-none-eabi/12.2.1/thumb/v6-m/nofp/crti.o
                0x100076a4                _fini
 .fini.__stub   0x100076a8       0xe0 linker stubs
 *crtbegin.o(.ctors)
 *crtbegin?.o(.ctors)
 *(EXCLUDE_FILE(*crtend.o *crtend?.o) .ctors)
 *(SORT_BY_NAME(.ctors.*))
 *(.ctors)
 *crtbegin.o(.dtors)
 *crtbegin?.o(.dtors)
 *(EXCLUDE_FILE(*crtend.o *crtend?.o) .dtors)
 *(SORT_BY_NAME(.dtors.*))
 *(.dtors)
 *(.eh_frame*)
 .eh_frame      0x10007788        0x0 /usr/lib/gcc/arm-none-eabi/12.2.1/thumb/v6-m/nofp/crtbegin.o
                0x10007788                        . = ALIGN (0x4)

.glue_7         0x10007788        0x0
 .glue_7        0x10007788        0x0 linker stubs

.glue_7t        0x10007788        0x0
 .glue_7t       0x10007788        0x0 linker stubs

.vfp11_veneer   0x10007788        0x0
 .vfp11_veneer  0x10007788        0x0 linker stubs

.v4_bx          0x10007788        0x0
 .v4_bx         0x10007788        0x0 linker stubs

.iplt           0x10007788        0x0
 .iplt          0x10007788        0x0 /usr/lib/gcc/arm-none-eabi/12.2.1/thumb/v6-m/nofp/crtbegin.o

.rodata         0x10007788     0x16c8
 *(EXCLUDE_FILE(*libm.a: *libc.a:*lib_a-mem*.o *libgcc.a:) .rodata*)
 .rodata.set_sys_clock_khz.str1.4
                0x10007788       0x32 CMakeFiles/drive_ea-ed.dir/main.c.obj
 *fill*         0x100077ba        0x2 
 .rodata.spin_lock_claim_unused.str1.4
                0x100077bc       0x1b CMakeFiles/drive_ea-ed.dir/home/desenvolvimento/pico/pico-sdk/src/rp2_common/hardware_sync/sync.c.obj
 *fill*         0x100077d7        0x1 
 .rodata.resolve_branch.str1.4
                0x100077d8       0x5e CMakeFiles/drive_ea-ed.dir/home/desenvolvimento/pico/pico-sdk/src/rp2_common/hardware_irq/irq.c.obj
 *fill*         0x10007836        0x2 
 .rodata.make_branch.str1.4
                0x10007838       0x30 CMakeFiles/drive_ea-ed.dir/home/desenvolvimento/pico/pico-sdk/src/rp2_common/hardware_irq/irq.c.obj
 .rodata.insert_branch_and_link.str1.4
                0x10007868       0x10 CMakeFiles/drive_ea-ed.dir/home/desenvolvimento/pico/pico-sdk/src/rp2_common/hardware_irq/irq.c.obj
 .rodata.irq_set_exclusive_handler.str1.4
                0x10007878       0x36 CMakeFiles/drive_ea-ed.dir/home/desenvolvimento/pico/pico-sdk/src/rp2_common/hardware_irq/irq.c.obj
 *fill*         0x100078ae        0x2 
 .rodata.irq_add_shared_handler.str1.4
                0x100078b0       0xc2 CMakeFiles/drive_ea-ed.dir/home/desenvolvimento/pico/pico-sdk/src/rp2_common/hardware_irq/irq.c.obj
 *fill*         0x10007972        0x2 
 .rodata.irq_remove_handler.str1.4
                0x10007974       0x3a CMakeFiles/drive_ea-ed.dir/home/desenvolvimento/pico/pico-sdk/src/rp2_common/hardware_irq/irq.c.obj
 *fill*         0x100079ae        0x2 
 .rodata.irq_add_tail_to_free_list.str1.4
                0x100079b0       0x3a CMakeFiles/drive_ea-ed.dir/home/desenvolvimento/pico/pico-sdk/src/rp2_common/hardware_irq/irq.c.obj
 *fill*         0x100079ea        0x2 
 .rodata.user_irq_claim_unused.str1.4
                0x100079ec       0x1b CMakeFiles/drive_ea-ed.dir/home/desenvolvimento/pico/pico-sdk/src/rp2_common/hardware_irq/irq.c.obj
 *fill*         0x10007a07        0x1 
 .rodata.__func__.0
                0x10007a08       0x1a CMakeFiles/drive_ea-ed.dir/home/desenvolvimento/pico/pico-sdk/src/rp2_common/hardware_irq/irq.c.obj
 *fill*         0x10007a22        0x2 
 .rodata.__func__.1
                0x10007a24       0x17 CMakeFiles/drive_ea-ed.dir/home/desenvolvimento/pico/pico-sdk/src/rp2_common/hardware_irq/irq.c.obj
 *fill*         0x10007a3b        0x1 
 .rodata.__func__.2
                0x10007a3c       0x13 CMakeFiles/drive_ea-ed.dir/home/desenvolvimento/pico/pico-sdk/src/rp2_common/hardware_irq/irq.c.obj
 *fill*         0x10007a4f        0x1 
 .rodata.__func__.3
                0x10007a50        0xc CMakeFiles/drive_ea-ed.dir/home/desenvolvimento/pico/pico-sdk/src/rp2_common/hardware_irq/irq.c.obj
 .rodata.__func__.4
                0x10007a5c        0xf CMakeFiles/drive_ea-ed.dir/home/desenvolvimento/pico/pico-sdk/src/rp2_common/hardware_irq/irq.c.obj
 *fill*         0x10007a6b        0x1 
 .rodata.__func__.5
                0x10007a6c       0x17 CMakeFiles/drive_ea-ed.dir/home/desenvolvimento/pico/pico-sdk/src/rp2_common/hardware_irq/irq.c.obj
 *fill*         0x10007a83        0x1 
 .rodata.__func__.6
                0x10007a84       0x1a CMakeFiles/drive_ea-ed.dir/home/desenvolvimento/pico/pico-sdk/src/rp2_common/hardware_irq/irq.c.obj
 *fill*         0x10007a9e        0x2 
 .rodata.update_us_since_boot.str1.4
                0x10007aa0       0x6a CMakeFiles/drive_ea-ed.dir/home/desenvolvimento/pico/pico-sdk/src/common/pico_sync/mutex.c.obj
 *fill*         0x10007b0a        0x2 
 .rodata.str1.4
                0x10007b0c       0x95 CMakeFiles/drive_ea-ed.dir/home/desenvolvimento/pico/pico-sdk/src/common/pico_sync/mutex.c.obj
 *fill*         0x10007ba1        0x3 
 .rodata.__func__.1
                0x10007ba4        0xb CMakeFiles/drive_ea-ed.dir/home/desenvolvimento/pico/pico-sdk/src/common/pico_sync/mutex.c.obj
 *fill*         0x10007baf        0x1 
 .rodata.__func__.3
                0x10007bb0       0x18 CMakeFiles/drive_ea-ed.dir/home/desenvolvimento/pico/pico-sdk/src/common/pico_sync/mutex.c.obj
 .rodata.__func__.4
                0x10007bc8       0x15 CMakeFiles/drive_ea-ed.dir/home/desenvolvimento/pico/pico-sdk/src/common/pico_sync/mutex.c.obj
 *fill*         0x10007bdd        0x3 
 .rodata.get_entry.str1.4
                0x10007be0       0x64 CMakeFiles/drive_ea-ed.dir/home/desenvolvimento/pico/pico-sdk/src/common/pico_time/time.c.obj
 .rodata.update_us_since_boot.str1.4
                0x10007c44       0x6a CMakeFiles/drive_ea-ed.dir/home/desenvolvimento/pico/pico-sdk/src/common/pico_time/time.c.obj
 .rodata.ph_get_node.str1.4
                0x10007c44       0x6f CMakeFiles/drive_ea-ed.dir/home/desenvolvimento/pico/pico-sdk/src/common/pico_time/time.c.obj
 *fill*         0x10007cb3        0x1 
 .rodata.ph_add_child_node.str1.4
                0x10007cb4       0x2e CMakeFiles/drive_ea-ed.dir/home/desenvolvimento/pico/pico-sdk/src/common/pico_time/time.c.obj
 *fill*         0x10007ce2        0x2 
 .rodata.ph_insert_node.str1.4
                0x10007ce4        0x3 CMakeFiles/drive_ea-ed.dir/home/desenvolvimento/pico/pico-sdk/src/common/pico_time/time.c.obj
 *fill*         0x10007ce7        0x1 
 .rodata.ph_free_node.str1.4
                0x10007ce8       0x38 CMakeFiles/drive_ea-ed.dir/home/desenvolvimento/pico/pico-sdk/src/common/pico_time/time.c.obj
 .rodata.add_alarm_under_lock.str1.4
                0x10007d20       0x28 CMakeFiles/drive_ea-ed.dir/home/desenvolvimento/pico/pico-sdk/src/common/pico_time/time.c.obj
 .rodata.alarm_pool_alarm_callback.str1.4
                0x10007d48       0x60 CMakeFiles/drive_ea-ed.dir/home/desenvolvimento/pico/pico-sdk/src/common/pico_time/time.c.obj
 .rodata.alarm_pool_get_default.str1.4
                0x10007da8       0x21 CMakeFiles/drive_ea-ed.dir/home/desenvolvimento/pico/pico-sdk/src/common/pico_time/time.c.obj
 *fill*         0x10007dc9        0x3 
 .rodata.alarm_pool_cancel_alarm.str1.4
                0x10007dcc       0x27 CMakeFiles/drive_ea-ed.dir/home/desenvolvimento/pico/pico-sdk/src/common/pico_time/time.c.obj
 *fill*         0x10007df3        0x1 
 .rodata.sleep_until.str1.4
                0x10007df4       0x4d CMakeFiles/drive_ea-ed.dir/home/desenvolvimento/pico/pico-sdk/src/common/pico_time/time.c.obj
 *fill*         0x10007e41        0x3 
 .rodata.__func__.1
                0x10007e44       0x18 CMakeFiles/drive_ea-ed.dir/home/desenvolvimento/pico/pico-sdk/src/common/pico_time/time.c.obj
 .rodata.__func__.3
                0x10007e5c       0x17 CMakeFiles/drive_ea-ed.dir/home/desenvolvimento/pico/pico-sdk/src/common/pico_time/time.c.obj
 *fill*         0x10007e73        0x1 
 .rodata.__func__.4
                0x10007e74       0x12 CMakeFiles/drive_ea-ed.dir/home/desenvolvimento/pico/pico-sdk/src/common/pico_time/time.c.obj
 *fill*         0x10007e86        0x2 
 .rodata.__func__.5
                0x10007e88        0xd CMakeFiles/drive_ea-ed.dir/home/desenvolvimento/pico/pico-sdk/src/common/pico_time/time.c.obj
 *fill*         0x10007e95        0x3 
 .rodata.__func__.6
                0x10007e98       0x12 CMakeFiles/drive_ea-ed.dir/home/desenvolvimento/pico/pico-sdk/src/common/pico_time/time.c.obj
 *fill*         0x10007eaa        0x2 
 .rodata.__func__.7
                0x10007eac        0xf CMakeFiles/drive_ea-ed.dir/home/desenvolvimento/pico/pico-sdk/src/common/pico_time/time.c.obj
 *fill*         0x10007ebb        0x1 
 .rodata.__func__.8
                0x10007ebc        0xc CMakeFiles/drive_ea-ed.dir/home/desenvolvimento/pico/pico-sdk/src/common/pico_time/time.c.obj
 .rodata.__func__.9
                0x10007ec8       0x15 CMakeFiles/drive_ea-ed.dir/home/desenvolvimento/pico/pico-sdk/src/common/pico_time/time.c.obj
 *fill*         0x10007edd        0x3 
 .rodata.__func__.10
                0x10007ee0       0x15 CMakeFiles/drive_ea-ed.dir/home/desenvolvimento/pico/pico-sdk/src/common/pico_time/time.c.obj
 *fill*         0x10007ef5        0x3 
 .rodata.__func__.11
                0x10007ef8       0x1a CMakeFiles/drive_ea-ed.dir/home/desenvolvimento/pico/pico-sdk/src/common/pico_time/time.c.obj
 *fill*         0x10007f12        0x2 
 .rodata.__func__.12
                0x10007f14        0xa CMakeFiles/drive_ea-ed.dir/home/desenvolvimento/pico/pico-sdk/src/common/pico_time/time.c.obj
 .rodata.update_us_since_boot.str1.4
                0x10007f1e       0x6a CMakeFiles/drive_ea-ed.dir/home/desenvolvimento/pico/pico-sdk/src/rp2_common/hardware_timer/timer.c.obj
 *fill*         0x10007f1e        0x2 
 .rodata.hardware_alarm_claim.str1.4
                0x10007f20       0x22 CMakeFiles/drive_ea-ed.dir/home/desenvolvimento/pico/pico-sdk/src/rp2_common/hardware_timer/timer.c.obj
 *fill*         0x10007f42        0x2 
 .rodata.hardware_alarm_set_target.str1.4
                0x10007f44       0x6e CMakeFiles/drive_ea-ed.dir/home/desenvolvimento/pico/pico-sdk/src/rp2_common/hardware_timer/timer.c.obj
 *fill*         0x10007fb2        0x2 
 .rodata.__func__.0
                0x10007fb4       0x1a CMakeFiles/drive_ea-ed.dir/home/desenvolvimento/pico/pico-sdk/src/rp2_common/hardware_timer/timer.c.obj
 *fill*         0x10007fce        0x2 
 .rodata.__func__.1
                0x10007fd0       0x15 CMakeFiles/drive_ea-ed.dir/home/desenvolvimento/pico/pico-sdk/src/rp2_common/hardware_timer/timer.c.obj
 .rodata.ph_get_node.str1.4
                0x10007fe5       0x6f CMakeFiles/drive_ea-ed.dir/home/desenvolvimento/pico/pico-sdk/src/common/pico_util/pheap.c.obj
 .rodata.ph_add_child_node.str1.4
                0x10007fe5       0x2e CMakeFiles/drive_ea-ed.dir/home/desenvolvimento/pico/pico-sdk/src/common/pico_util/pheap.c.obj
 *fill*         0x10007fe5        0x3 
 .rodata.ph_remove_any_head.str1.4
                0x10007fe8       0x98 CMakeFiles/drive_ea-ed.dir/home/desenvolvimento/pico/pico-sdk/src/common/pico_util/pheap.c.obj
                                 0xac (size before relaxing)
 .rodata.ph_remove_and_free_node.str1.4
                0x10008080       0x1e CMakeFiles/drive_ea-ed.dir/home/desenvolvimento/pico/pico-sdk/src/common/pico_util/pheap.c.obj
                                 0x26 (size before relaxing)
 *fill*         0x1000809e        0x2 
 .rodata.__func__.0
                0x100080a0       0x18 CMakeFiles/drive_ea-ed.dir/home/desenvolvimento/pico/pico-sdk/src/common/pico_util/pheap.c.obj
 .rodata.__func__.1
                0x100080b8       0x13 CMakeFiles/drive_ea-ed.dir/home/desenvolvimento/pico/pico-sdk/src/common/pico_util/pheap.c.obj
 *fill*         0x100080cb        0x1 
 .rodata.__func__.2
                0x100080cc       0x12 CMakeFiles/drive_ea-ed.dir/home/desenvolvimento/pico/pico-sdk/src/common/pico_util/pheap.c.obj
 *fill*         0x100080de        0x2 
 .rodata.__func__.3
                0x100080e0        0xc CMakeFiles/drive_ea-ed.dir/home/desenvolvimento/pico/pico-sdk/src/common/pico_util/pheap.c.obj
 .rodata.clock_configure.str1.4
                0x100080ec       0x60 CMakeFiles/drive_ea-ed.dir/home/desenvolvimento/pico/pico-sdk/src/rp2_common/hardware_clocks/clocks.c.obj
 .rodata.__func__.1
                0x1000814c       0x10 CMakeFiles/drive_ea-ed.dir/home/desenvolvimento/pico/pico-sdk/src/rp2_common/hardware_clocks/clocks.c.obj
 .rodata.pll_init.str1.4
                0x1000815c      0x12c CMakeFiles/drive_ea-ed.dir/home/desenvolvimento/pico/pico-sdk/src/rp2_common/hardware_pll/pll.c.obj
 .rodata.__func__.0
                0x10008288        0x9 CMakeFiles/drive_ea-ed.dir/home/desenvolvimento/pico/pico-sdk/src/rp2_common/hardware_pll/pll.c.obj
 *fill*         0x10008291        0x3 
 .rodata.__assert_func.str1.4
                0x10008294       0x3f CMakeFiles/drive_ea-ed.dir/home/desenvolvimento/pico/pico-sdk/src/rp2_common/pico_runtime/runtime.c.obj
                                 0x43 (size before relaxing)
 *fill*         0x100082d3        0x1 
 .rodata.runtime_init.str1.4
                0x100082d4       0x6a CMakeFiles/drive_ea-ed.dir/home/desenvolvimento/pico/pico-sdk/src/rp2_common/pico_runtime/runtime.c.obj
 *fill*         0x1000833e        0x2 
 .rodata.panic.str1.4
                0x10008340       0x12 CMakeFiles/drive_ea-ed.dir/home/desenvolvimento/pico/pico-sdk/src/rp2_common/pico_runtime/runtime.c.obj
 *fill*         0x10008352        0x2 
 .rodata.__func__.2
                0x10008354        0xd CMakeFiles/drive_ea-ed.dir/home/desenvolvimento/pico/pico-sdk/src/rp2_common/pico_runtime/runtime.c.obj
 *fill*         0x10008361        0x3 
 .rodata._ftoa.str1.4
                0x10008364       0x15 CMakeFiles/drive_ea-ed.dir/home/desenvolvimento/pico/pico-sdk/src/rp2_common/pico_printf/printf.c.obj
 *fill*         0x10008379        0x3 
 .rodata._vsnprintf
                0x1000837c      0x19c CMakeFiles/drive_ea-ed.dir/home/desenvolvimento/pico/pico-sdk/src/rp2_common/pico_printf/printf.c.obj
 .rodata.pow10.0
                0x10008518       0x50 CMakeFiles/drive_ea-ed.dir/home/desenvolvimento/pico/pico-sdk/src/rp2_common/pico_printf/printf.c.obj
 .rodata.__aeabi_double_init.str1.4
                0x10008568       0xa5 CMakeFiles/drive_ea-ed.dir/home/desenvolvimento/pico/pico-sdk/src/rp2_common/pico_double/double_init_rom.c.obj
 *fill*         0x1000860d        0x3 
 .rodata.__func__.0
                0x10008610       0x14 CMakeFiles/drive_ea-ed.dir/home/desenvolvimento/pico/pico-sdk/src/rp2_common/pico_double/double_init_rom.c.obj
 .rodata.__aeabi_float_init.str1.4
                0x10008624       0x83 CMakeFiles/drive_ea-ed.dir/home/desenvolvimento/pico/pico-sdk/src/rp2_common/pico_float/float_init_rom.c.obj
                                 0x87 (size before relaxing)
 *fill*         0x100086a7        0x1 
 .rodata.__func__.0
                0x100086a8       0x13 CMakeFiles/drive_ea-ed.dir/home/desenvolvimento/pico/pico-sdk/src/rp2_common/pico_float/float_init_rom.c.obj
 *fill*         0x100086bb        0x1 
 .rodata.str1.4
                0x100086bc       0x40 CMakeFiles/drive_ea-ed.dir/home/desenvolvimento/pico/pico-sdk/src/rp2_common/pico_standard_link/binary_info.c.obj
 .rodata.__bi_81
                0x100086fc        0xc CMakeFiles/drive_ea-ed.dir/home/desenvolvimento/pico/pico-sdk/src/rp2_common/pico_standard_link/binary_info.c.obj
 .rodata.__bi_75
                0x10008708        0xc CMakeFiles/drive_ea-ed.dir/home/desenvolvimento/pico/pico-sdk/src/rp2_common/pico_standard_link/binary_info.c.obj
 .rodata.__bi_44
                0x10008714        0xc CMakeFiles/drive_ea-ed.dir/home/desenvolvimento/pico/pico-sdk/src/rp2_common/pico_standard_link/binary_info.c.obj
 .rodata.update_us_since_boot.str1.4
                0x10008720       0x6a CMakeFiles/drive_ea-ed.dir/home/desenvolvimento/pico/pico-sdk/src/rp2_common/pico_stdio/stdio.c.obj
 .rodata.crlf_str.2
                0x10008720        0x2 CMakeFiles/drive_ea-ed.dir/home/desenvolvimento/pico/pico-sdk/src/rp2_common/pico_stdio/stdio.c.obj
 *fill*         0x10008722        0x2 
 .rodata.__func__.3
                0x10008724       0x15 CMakeFiles/drive_ea-ed.dir/home/desenvolvimento/pico/pico-sdk/src/rp2_common/pico_stdio/stdio.c.obj
 *fill*         0x10008739        0x3 
 .rodata.str1.4
                0x1000873c       0x2c CMakeFiles/drive_ea-ed.dir/home/desenvolvimento/pico/pico-sdk/src/rp2_common/pico_stdio_uart/stdio_uart.c.obj
 .rodata.__bi_33.4
                0x10008768        0xc CMakeFiles/drive_ea-ed.dir/home/desenvolvimento/pico/pico-sdk/src/rp2_common/pico_stdio_uart/stdio_uart.c.obj
 .rodata.__bi_34.5
                0x10008774        0x8 CMakeFiles/drive_ea-ed.dir/home/desenvolvimento/pico/pico-sdk/src/rp2_common/pico_stdio_uart/stdio_uart.c.obj
 .rodata._resetd_driver
                0x1000877c       0x18 CMakeFiles/drive_ea-ed.dir/home/desenvolvimento/pico/pico-sdk/src/rp2_common/pico_stdio_usb/reset_interface.c.obj
 .rodata.update_us_since_boot.str1.4
                0x10008794       0x6a CMakeFiles/drive_ea-ed.dir/home/desenvolvimento/pico/pico-sdk/src/rp2_common/pico_stdio_usb/stdio_usb.c.obj
 .rodata.stdio_usb_init.str1.4
                0x10008794       0x4e CMakeFiles/drive_ea-ed.dir/home/desenvolvimento/pico/pico-sdk/src/rp2_common/pico_stdio_usb/stdio_usb.c.obj
                                 0x56 (size before relaxing)
 *fill*         0x100087e2        0x2 
 .rodata.str1.4
                0x100087e4       0x13 CMakeFiles/drive_ea-ed.dir/home/desenvolvimento/pico/pico-sdk/src/rp2_common/pico_stdio_usb/stdio_usb.c.obj
 *fill*         0x100087f7        0x1 
 .rodata.__bi_182.0
                0x100087f8        0xc CMakeFiles/drive_ea-ed.dir/home/desenvolvimento/pico/pico-sdk/src/rp2_common/pico_stdio_usb/stdio_usb.c.obj
 .rodata.__func__.1
                0x10008804        0xf CMakeFiles/drive_ea-ed.dir/home/desenvolvimento/pico/pico-sdk/src/rp2_common/pico_stdio_usb/stdio_usb.c.obj
 *fill*         0x10008813        0x1 
 .rodata.__func__.3
                0x10008814       0x15 CMakeFiles/drive_ea-ed.dir/home/desenvolvimento/pico/pico-sdk/src/rp2_common/pico_stdio_usb/stdio_usb.c.obj
 *fill*         0x10008829        0x3 
 .rodata.str1.4
                0x1000882c       0x2a CMakeFiles/drive_ea-ed.dir/home/desenvolvimento/pico/pico-sdk/src/rp2_common/pico_stdio_usb/stdio_usb_descriptors.c.obj
 *fill*         0x10008856        0x2 
 .rodata.usbd_desc_str
                0x10008858       0x18 CMakeFiles/drive_ea-ed.dir/home/desenvolvimento/pico/pico-sdk/src/rp2_common/pico_stdio_usb/stdio_usb_descriptors.c.obj
 .rodata.usbd_desc_cfg
                0x10008870       0x54 CMakeFiles/drive_ea-ed.dir/home/desenvolvimento/pico/pico-sdk/src/rp2_common/pico_stdio_usb/stdio_usb_descriptors.c.obj
 .rodata.usbd_desc_device
                0x100088c4       0x12 CMakeFiles/drive_ea-ed.dir/home/desenvolvimento/pico/pico-sdk/src/rp2_common/pico_stdio_usb/stdio_usb_descriptors.c.obj
 *fill*         0x100088d6        0x2 
 .rodata.pico_get_unique_board_id_string.str1.4
                0x100088d8       0x56 CMakeFiles/drive_ea-ed.dir/home/desenvolvimento/pico/pico-sdk/src/rp2_common/pico_unique_id/unique_id.c.obj
 *fill*         0x1000892e        0x2 
 .rodata.__func__.0
                0x10008930       0x20 CMakeFiles/drive_ea-ed.dir/home/desenvolvimento/pico/pico-sdk/src/rp2_common/pico_unique_id/unique_id.c.obj
 .rodata.str1.4
                0x10008950      0x162 CMakeFiles/drive_ea-ed.dir/home/desenvolvimento/pico/pico-sdk/src/rp2_common/hardware_flash/flash.c.obj
 *fill*         0x10008ab2        0x2 
 .rodata.__func__.0
                0x10008ab4        0xd CMakeFiles/drive_ea-ed.dir/home/desenvolvimento/pico/pico-sdk/src/rp2_common/hardware_flash/flash.c.obj
 *fill*         0x10008ac1        0x3 
 .rodata._hw_endpoint_alloc.str1.4
                0x10008ac4       0xc1 CMakeFiles/drive_ea-ed.dir/home/desenvolvimento/pico/pico-sdk/lib/tinyusb/src/portable/raspberrypi/rp2040/dcd_rp2040.c.obj
 *fill*         0x10008b85        0x3 
 .rodata.str1.4
                0x10008b88       0x14 CMakeFiles/drive_ea-ed.dir/home/desenvolvimento/pico/pico-sdk/lib/tinyusb/src/portable/raspberrypi/rp2040/dcd_rp2040.c.obj
 .rodata.dcd_int_enable.str1.4
                0x10008b9c        0xc CMakeFiles/drive_ea-ed.dir/home/desenvolvimento/pico/pico-sdk/lib/tinyusb/src/portable/raspberrypi/rp2040/dcd_rp2040.c.obj
 .rodata.__func__.0
                0x10008ba8        0xe CMakeFiles/drive_ea-ed.dir/home/desenvolvimento/pico/pico-sdk/lib/tinyusb/src/portable/raspberrypi/rp2040/dcd_rp2040.c.obj
 *fill*         0x10008bb6        0x2 
 .rodata.__func__.1
                0x10008bb8        0xe CMakeFiles/drive_ea-ed.dir/home/desenvolvimento/pico/pico-sdk/lib/tinyusb/src/portable/raspberrypi/rp2040/dcd_rp2040.c.obj
 *fill*         0x10008bc6        0x2 
 .rodata.__func__.3
                0x10008bc8       0x10 CMakeFiles/drive_ea-ed.dir/home/desenvolvimento/pico/pico-sdk/lib/tinyusb/src/portable/raspberrypi/rp2040/dcd_rp2040.c.obj
 .rodata.__func__.5
                0x10008bd8        0xf CMakeFiles/drive_ea-ed.dir/home/desenvolvimento/pico/pico-sdk/lib/tinyusb/src/portable/raspberrypi/rp2040/dcd_rp2040.c.obj
 *fill*         0x10008be7        0x1 
 .rodata.__func__.6
                0x10008be8       0x13 CMakeFiles/drive_ea-ed.dir/home/desenvolvimento/pico/pico-sdk/lib/tinyusb/src/portable/raspberrypi/rp2040/dcd_rp2040.c.obj
 *fill*         0x10008bfb        0x1 
 .rodata.__func__.7
                0x10008bfc        0x9 CMakeFiles/drive_ea-ed.dir/home/desenvolvimento/pico/pico-sdk/lib/tinyusb/src/portable/raspberrypi/rp2040/dcd_rp2040.c.obj
 *fill*         0x10008c05        0x3 
 .rodata.str1.4
                0x10008c08       0xe9 CMakeFiles/drive_ea-ed.dir/home/desenvolvimento/pico/pico-sdk/lib/tinyusb/src/portable/raspberrypi/rp2040/rp2040_usb.c.obj
                                 0xf3 (size before relaxing)
 *fill*         0x10008cf1        0x3 
 .rodata.__func__.0
                0x10008cf4        0xf CMakeFiles/drive_ea-ed.dir/home/desenvolvimento/pico/pico-sdk/lib/tinyusb/src/portable/raspberrypi/rp2040/rp2040_usb.c.obj
 *fill*         0x10008d03        0x1 
 .rodata.process_get_descriptor
                0x10008d04       0x40 CMakeFiles/drive_ea-ed.dir/home/desenvolvimento/pico/pico-sdk/lib/tinyusb/src/device/usbd.c.obj
 .rodata.process_control_request
                0x10008d44       0x28 CMakeFiles/drive_ea-ed.dir/home/desenvolvimento/pico/pico-sdk/lib/tinyusb/src/device/usbd.c.obj
 .rodata.tud_task_ext
                0x10008d6c       0x24 CMakeFiles/drive_ea-ed.dir/home/desenvolvimento/pico/pico-sdk/lib/tinyusb/src/device/usbd.c.obj
 .rodata._usbd_driver
                0x10008d90       0x18 CMakeFiles/drive_ea-ed.dir/home/desenvolvimento/pico/pico-sdk/lib/tinyusb/src/device/usbd.c.obj
 .rodata.multicore_lockout_start_block_until.str1.4
                0x10008da8       0x66 CMakeFiles/drive_ea-ed.dir/home/desenvolvimento/pico/pico-sdk/src/rp2_common/pico_multicore/multicore.c.obj
 *fill*         0x10008e0e        0x2 
 .rodata.multicore_launch_core1_with_stack.str1.4
                0x10008e10       0x19 CMakeFiles/drive_ea-ed.dir/home/desenvolvimento/pico/pico-sdk/src/rp2_common/pico_multicore/multicore.c.obj
 *fill*         0x10008e29        0x3 
 .rodata.__func__.2
                0x10008e2c       0x22 CMakeFiles/drive_ea-ed.dir/home/desenvolvimento/pico/pico-sdk/src/rp2_common/pico_multicore/multicore.c.obj
                0x10008e50                        . = ALIGN (0x4)
 *fill*         0x10008e4e        0x2 